../Middlewares/tensorflow/third_party/kissfft/kiss_fft.c:21:13:kf_bfly2	8	static
../Middlewares/tensorflow/third_party/kissfft/kiss_fft.c:44:13:kf_bfly4	72	static
../Middlewares/tensorflow/third_party/kissfft/kiss_fft.c:92:13:kf_bfly3	64	static
../Middlewares/tensorflow/third_party/kissfft/kiss_fft.c:136:13:kf_bfly5	168	static
../Middlewares/tensorflow/third_party/kissfft/kiss_fft.c:198:13:kf_bfly_generic	56	static
../Middlewares/tensorflow/third_party/kissfft/kiss_fft.c:238:6:kf_work	56	static
../Middlewares/tensorflow/third_party/kissfft/kiss_fft.c:309:6:kf_factor	16	static
../Middlewares/tensorflow/third_party/kissfft/kiss_fft.c:339:14:kiss_fft_alloc	32	static
../Middlewares/tensorflow/third_party/kissfft/kiss_fft.c:371:6:kiss_fft_stride	16	static
../Middlewares/tensorflow/third_party/kissfft/kiss_fft.c:385:6:kiss_fft	8	static
../Middlewares/tensorflow/third_party/kissfft/kiss_fft.c:391:6:kiss_fft_cleanup	0	static
../Middlewares/tensorflow/third_party/kissfft/kiss_fft.c:396:5:kiss_fft_next_fast_size	0	static
