../Middlewares/tensorflow/tensorflow/lite/micro/micro_interpreter_graph.h:99:27:virtual tflite::MicroResourceVariables* tflite::MicroInterpreterGraph::GetResourceVariables()	0	static
../Middlewares/tensorflow/tensorflow/lite/micro/micro_interpreter_graph.cc:37:13:const char* tflite::{anonymous}::OpNameFromRegistration(const TFLMRegistration*)	0	static
../Middlewares/tensorflow/tensorflow/lite/micro/micro_interpreter_graph.cc:61:1:tflite::MicroInterpreterGraph::~MicroInterpreterGraph()	0	static
../Middlewares/tensorflow/tensorflow/lite/micro/micro_interpreter_graph.cc:61:1:virtual tflite::MicroInterpreterGraph::~MicroInterpreterGraph()	8	static
../Middlewares/tensorflow/tensorflow/lite/kernels/op_macros.h:24:13:void AbortImpl()	8	static
../Middlewares/tensorflow/tensorflow/lite/micro/micro_profiler.h:121:12:tflite::ScopedMicroProfiler::ScopedMicroProfiler(const char*, tflite::MicroProfilerInterface*)	8	static
../Middlewares/tensorflow/tensorflow/lite/micro/micro_profiler.h:129:3:tflite::ScopedMicroProfiler::~ScopedMicroProfiler()	8	static
../Middlewares/tensorflow/tensorflow/lite/micro/micro_interpreter_graph.cc:285:6:void tflite::MicroInterpreterGraph::SetSubgraphAllocations(tflite::SubgraphAllocations*)	0	static
../Middlewares/tensorflow/third_party/flatbuffers/include/flatbuffers/base.h:425:24:T flatbuffers::EndianScalar(T) [with T = long unsigned int]	0	static
../Middlewares/tensorflow/tensorflow/lite/micro/micro_interpreter_graph.cc:63:14:virtual TfLiteStatus tflite::MicroInterpreterGraph::InitSubgraphs()	32	static
../Middlewares/tensorflow/tensorflow/lite/micro/micro_interpreter_graph.cc:101:14:virtual TfLiteStatus tflite::MicroInterpreterGraph::PrepareSubgraphs()	32	static
../Middlewares/tensorflow/tensorflow/lite/micro/micro_interpreter_graph.cc:138:14:virtual TfLiteStatus tflite::MicroInterpreterGraph::ResetSubgraphs()	24	static
../Middlewares/tensorflow/tensorflow/lite/micro/micro_interpreter_graph.cc:168:14:virtual TfLiteStatus tflite::MicroInterpreterGraph::FreeSubgraphs()	24	static
../Middlewares/tensorflow/tensorflow/lite/micro/micro_interpreter_graph.cc:198:14:virtual TfLiteStatus tflite::MicroInterpreterGraph::InvokeSubgraph(int)	40	static
../Middlewares/tensorflow/third_party/flatbuffers/include/flatbuffers/base.h:436:3:T flatbuffers::ReadScalar(const void*) [with T = long unsigned int]	8	static
../Middlewares/tensorflow/third_party/flatbuffers/include/flatbuffers/vector.h:175:15:flatbuffers::Vector<T, SizeT>::return_type flatbuffers::Vector<T, SizeT>::Get(SizeT) const [with T = flatbuffers::Offset<tflite::Tensor>; SizeT = long unsigned int]	16	static
../Middlewares/tensorflow/third_party/flatbuffers/include/flatbuffers/vector.h:175:15:flatbuffers::Vector<T, SizeT>::return_type flatbuffers::Vector<T, SizeT>::Get(SizeT) const [with T = flatbuffers::Offset<tflite::SubGraph>; SizeT = long unsigned int]	16	static
../Middlewares/tensorflow/third_party/flatbuffers/include/flatbuffers/base.h:425:24:T flatbuffers::EndianScalar(T) [with T = long int]	0	static
../Middlewares/tensorflow/third_party/flatbuffers/include/flatbuffers/base.h:436:3:T flatbuffers::ReadScalar(const void*) [with T = long int]	8	static
../Middlewares/tensorflow/third_party/flatbuffers/include/flatbuffers/vector.h:175:15:flatbuffers::Vector<T, SizeT>::return_type flatbuffers::Vector<T, SizeT>::Get(SizeT) const [with T = long int; SizeT = long unsigned int]	16	static
../Middlewares/tensorflow/third_party/flatbuffers/include/flatbuffers/base.h:425:24:T flatbuffers::EndianScalar(T) [with T = short unsigned int]	0	static
../Middlewares/tensorflow/third_party/flatbuffers/include/flatbuffers/base.h:436:3:T flatbuffers::ReadScalar(const void*) [with T = short unsigned int]	8	static
../Middlewares/tensorflow/third_party/flatbuffers/include/flatbuffers/table.h:35:13:flatbuffers::voffset_t flatbuffers::Table::GetOptionalFieldOffset(flatbuffers::voffset_t) const	16	static
../Middlewares/tensorflow/third_party/flatbuffers/include/flatbuffers/base.h:425:24:T flatbuffers::EndianScalar(T) [with T = unsigned char]	0	static
../Middlewares/tensorflow/third_party/flatbuffers/include/flatbuffers/base.h:436:3:T flatbuffers::ReadScalar(const void*) [with T = unsigned char]	8	static
../Middlewares/tensorflow/third_party/flatbuffers/include/flatbuffers/table.h:45:26:T flatbuffers::Table::GetField(flatbuffers::voffset_t, T) const [with T = unsigned char]	16	static
../Middlewares/tensorflow/third_party/flatbuffers/include/flatbuffers/base.h:425:24:T flatbuffers::EndianScalar(T) [with T = long long int]	0	static
../Middlewares/tensorflow/third_party/flatbuffers/include/flatbuffers/table.h:51:5:P flatbuffers::Table::GetPointer(flatbuffers::voffset_t) [with P = const flatbuffers::Vector<long long int>*; OffsetSize = long unsigned int]	8	static
../Middlewares/tensorflow/third_party/flatbuffers/include/flatbuffers/table.h:51:5:P flatbuffers::Table::GetPointer(flatbuffers::voffset_t) [with P = const flatbuffers::Vector<long int>*; OffsetSize = long unsigned int]	8	static
../Middlewares/tensorflow/third_party/flatbuffers/include/flatbuffers/table.h:51:5:P flatbuffers::Table::GetPointer(flatbuffers::voffset_t) [with P = const tflite::QuantizationParameters*; OffsetSize = long unsigned int]	8	static
../Middlewares/tensorflow/third_party/flatbuffers/include/flatbuffers/table.h:51:5:P flatbuffers::Table::GetPointer(flatbuffers::voffset_t) [with P = const flatbuffers::Vector<flatbuffers::Offset<tflite::Tensor> >*; OffsetSize = long unsigned int]	8	static
../Middlewares/tensorflow/third_party/flatbuffers/include/flatbuffers/table.h:51:5:P flatbuffers::Table::GetPointer(flatbuffers::voffset_t) [with P = const flatbuffers::Vector<flatbuffers::Offset<tflite::SubGraph> >*; OffsetSize = long unsigned int]	8	static
../Middlewares/tensorflow/tensorflow/lite/micro/micro_interpreter_graph.cc:47:1:tflite::MicroInterpreterGraph::MicroInterpreterGraph(TfLiteContext*, const tflite::Model*, tflite::MicroAllocator*, tflite::MicroResourceVariables*)	8	static
../Middlewares/tensorflow/tensorflow/lite/micro/micro_interpreter_graph.cc:281:5:virtual int tflite::MicroInterpreterGraph::NumSubgraphs()	8	static
../Middlewares/tensorflow/tensorflow/lite/micro/micro_interpreter_graph.cc:290:8:virtual size_t tflite::MicroInterpreterGraph::NumSubgraphInputs(int)	8	static
../Middlewares/tensorflow/tensorflow/lite/micro/micro_interpreter_graph.cc:294:19:virtual TfLiteEvalTensor* tflite::MicroInterpreterGraph::GetSubgraphInput(int, int)	16	static
../Middlewares/tensorflow/tensorflow/lite/micro/micro_interpreter_graph.cc:301:8:virtual size_t tflite::MicroInterpreterGraph::NumSubgraphOutputs(int)	8	static
../Middlewares/tensorflow/tensorflow/lite/micro/micro_interpreter_graph.cc:307:19:virtual TfLiteEvalTensor* tflite::MicroInterpreterGraph::GetSubgraphOutput(int, int)	16	static
../Middlewares/tensorflow/third_party/flatbuffers/include/flatbuffers/buffer.h:98:22:static flatbuffers::IndirectHelper<T>::return_type flatbuffers::IndirectHelper<T>::Read(const uint8_t*, size_t) [with T = long long int]	8	static
../Middlewares/tensorflow/third_party/flatbuffers/include/flatbuffers/vector.h:175:15:flatbuffers::Vector<T, SizeT>::return_type flatbuffers::Vector<T, SizeT>::Get(SizeT) const [with T = long long int; SizeT = long unsigned int]	16	static
../Middlewares/tensorflow/third_party/flatbuffers/include/flatbuffers/base.h:425:24:T flatbuffers::EndianScalar(T) [with T = signed char]	0	static
../Middlewares/tensorflow/third_party/flatbuffers/include/flatbuffers/base.h:436:3:T flatbuffers::ReadScalar(const void*) [with T = signed char]	8	static
../Middlewares/tensorflow/third_party/flatbuffers/include/flatbuffers/table.h:45:26:T flatbuffers::Table::GetField(flatbuffers::voffset_t, T) const [with T = signed char]	16	static
../Middlewares/tensorflow/tensorflow/lite/micro/micro_interpreter_graph.cc:254:14:virtual TfLiteStatus tflite::MicroInterpreterGraph::ResetVariableTensors()	40	static
