../Middlewares/tensorflow/tensorflow/lite/kernels/op_macros.h:24:13:void AbortImpl()	8	static
../Middlewares/tensorflow/tensorflow/lite/micro/micro_resource_variable.cc:30:25:static tflite::MicroResourceVariables* tflite::MicroResourceVariables::Create(tflite::MicroAllocator*, int)	16	static
../Middlewares/tensorflow/tensorflow/lite/micro/micro_resource_variable.cc:70:14:TfLiteStatus tflite::MicroResourceVariables::Read(int, const TfLiteEvalTensor*)	32	static
../Middlewares/tensorflow/tensorflow/lite/micro/micro_resource_variable.cc:83:14:TfLiteStatus tflite::MicroResourceVariables::Allocate(int, TfLiteContext*, const TfLiteTensor*)	16	static
../Middlewares/tensorflow/tensorflow/lite/micro/micro_resource_variable.cc:116:14:TfLiteStatus tflite::MicroResourceVariables::Assign(int, size_t, const void*)	40	static
../Middlewares/tensorflow/tensorflow/lite/micro/micro_resource_variable.cc:137:14:TfLiteStatus tflite::MicroResourceVariables::ResetAll()	40	static
../Middlewares/tensorflow/tensorflow/lite/micro/micro_resource_variable.cc:146:5:int tflite::MicroResourceVariables::FindId(const char*, const char*)	24	static
../Middlewares/tensorflow/tensorflow/lite/micro/micro_resource_variable.cc:44:5:int tflite::MicroResourceVariables::CreateIdIfNoneFound(const char*, const char*)	16	static
