../Middlewares/tensorflow/tensorflow/lite/micro/micro_context.cc:30:5:int tflite::{anonymous}::GetTensorIndex(int, int, const int*)	0	static
../Middlewares/tensorflow/tensorflow/lite/micro/micro_context.cc:42:15:TfLiteTensor* tflite::MicroContext::AllocateTempInputTensor(const TfLiteNode*, int)	8	static
../Middlewares/tensorflow/tensorflow/lite/micro/micro_context.cc:52:15:TfLiteTensor* tflite::MicroContext::AllocateTempOutputTensor(const TfLiteNode*, int)	8	static
../Middlewares/tensorflow/tensorflow/lite/micro/micro_context.cc:62:15:TfLiteTensor* tflite::MicroContext::AllocateTempIntermediateTensor(const TfLiteNode*, int)	8	static
../Middlewares/tensorflow/tensorflow/lite/micro/micro_context.cc:72:6:)	12	static
