../Middlewares/tensorflow/tensorflow/lite/micro/recording_micro_allocator.h:60:7:tflite::RecordingMicroAllocator::~RecordingMicroAllocator()	8	static
../Middlewares/tensorflow/tensorflow/lite/micro/recording_micro_allocator.h:60:7:virtual tflite::RecordingMicroAllocator::~RecordingMicroAllocator()	8	static
../Middlewares/tensorflow/tensorflow/lite/kernels/op_macros.h:24:13:void AbortImpl()	8	static
../Middlewares/tensorflow/tensorflow/lite/micro/recording_micro_allocator.cc:39:1:tflite::RecordingMicroAllocator::RecordingMicroAllocator(tflite::RecordingSingleArenaBufferAllocator*, tflite::MicroMemoryPlanner*)	16	static
../Middlewares/tensorflow/tensorflow/lite/micro/recording_micro_allocator.cc:45:26:static tflite::RecordingMicroAllocator* tflite::RecordingMicroAllocator::Create(uint8_t*, size_t)	16	static
../Middlewares/tensorflow/tensorflow/lite/micro/recording_micro_allocator.cc:64:20:tflite::RecordedAllocation tflite::RecordingMicroAllocator::GetRecordedAllocation(tflite::RecordedAllocationType) const	8	static
../Middlewares/tensorflow/tensorflow/lite/micro/recording_micro_allocator.cc:93:1:const tflite::RecordingSingleArenaBufferAllocator* tflite::RecordingMicroAllocator::GetSimpleMemoryAllocator() const	0	static
../Middlewares/tensorflow/tensorflow/lite/micro/recording_micro_allocator.cc:138:6:void tflite::RecordingMicroAllocator::PrintRecordedAllocation(tflite::RecordedAllocationType, const char*, const char*) const	40	static
../Middlewares/tensorflow/tensorflow/lite/micro/recording_micro_allocator.cc:97:6:void tflite::RecordingMicroAllocator::PrintAllocations() const	16	static
../Middlewares/tensorflow/tensorflow/lite/micro/recording_micro_allocator.cc:259:20:tflite::RecordedAllocation tflite::RecordingMicroAllocator::SnapshotAllocationUsage() const	16	static
../Middlewares/tensorflow/tensorflow/lite/micro/recording_micro_allocator.cc:265:6:void tflite::RecordingMicroAllocator::RecordAllocationUsage(const tflite::RecordedAllocation&, tflite::RecordedAllocation&)	16	static
../Middlewares/tensorflow/third_party/flatbuffers/include/flatbuffers/base.h:425:24:T flatbuffers::EndianScalar(T) [with T = long unsigned int]	0	static
../Middlewares/tensorflow/third_party/flatbuffers/include/flatbuffers/base.h:436:3:T flatbuffers::ReadScalar(const void*) [with T = long unsigned int]	8	static
../Middlewares/tensorflow/third_party/flatbuffers/include/flatbuffers/vector.h:175:15:flatbuffers::Vector<T, SizeT>::return_type flatbuffers::Vector<T, SizeT>::Get(SizeT) const [with T = flatbuffers::Offset<tflite::SubGraph>; SizeT = long unsigned int]	16	static
../Middlewares/tensorflow/tensorflow/lite/micro/memory_helpers.h:38:8:size_t tflite::AlignSizeUp(size_t) [with T = RecordingSingleArenaBufferAllocator]	8	static
../Middlewares/tensorflow/tensorflow/lite/micro/memory_helpers.h:38:8:size_t tflite::AlignSizeUp(size_t) [with T = SingleArenaBufferAllocator]	8	static
../Middlewares/tensorflow/tensorflow/lite/micro/memory_helpers.h:38:8:size_t tflite::AlignSizeUp(size_t) [with T = RecordingMicroAllocator]	8	static
../Middlewares/tensorflow/tensorflow/lite/micro/memory_helpers.h:38:8:size_t tflite::AlignSizeUp(size_t) [with T = MicroAllocator]	8	static
../Middlewares/tensorflow/tensorflow/lite/micro/recording_micro_allocator.cc:28:8:static size_t tflite::RecordingMicroAllocator::GetDefaultTailUsage()	8	static
../Middlewares/tensorflow/third_party/flatbuffers/include/flatbuffers/base.h:425:24:T flatbuffers::EndianScalar(T) [with T = long int]	0	static
../Middlewares/tensorflow/third_party/flatbuffers/include/flatbuffers/base.h:436:3:T flatbuffers::ReadScalar(const void*) [with T = long int]	8	static
../Middlewares/tensorflow/third_party/flatbuffers/include/flatbuffers/base.h:425:24:T flatbuffers::EndianScalar(T) [with T = short unsigned int]	0	static
../Middlewares/tensorflow/third_party/flatbuffers/include/flatbuffers/base.h:436:3:T flatbuffers::ReadScalar(const void*) [with T = short unsigned int]	8	static
../Middlewares/tensorflow/third_party/flatbuffers/include/flatbuffers/table.h:35:13:flatbuffers::voffset_t flatbuffers::Table::GetOptionalFieldOffset(flatbuffers::voffset_t) const	16	static
../Middlewares/tensorflow/third_party/flatbuffers/include/flatbuffers/table.h:51:5:P flatbuffers::Table::GetPointer(flatbuffers::voffset_t) [with P = const flatbuffers::Vector<flatbuffers::Offset<tflite::Tensor> >*; OffsetSize = long unsigned int]	8	static
../Middlewares/tensorflow/third_party/flatbuffers/include/flatbuffers/table.h:51:5:P flatbuffers::Table::GetPointer(flatbuffers::voffset_t) [with P = const flatbuffers::Vector<flatbuffers::Offset<tflite::Operator> >*; OffsetSize = long unsigned int]	8	static
../Middlewares/tensorflow/third_party/flatbuffers/include/flatbuffers/table.h:51:5:P flatbuffers::Table::GetPointer(flatbuffers::voffset_t) [with P = const flatbuffers::Vector<flatbuffers::Offset<tflite::SubGraph> >*; OffsetSize = long unsigned int]	8	static
../Middlewares/tensorflow/tensorflow/lite/micro/recording_micro_allocator.cc:130:7:virtual void* tflite::RecordingMicroAllocator::AllocatePersistentBuffer(size_t)	32	static
../Middlewares/tensorflow/tensorflow/lite/micro/recording_micro_allocator.cc:153:14:virtual TfLiteStatus tflite::RecordingMicroAllocator::AllocateNodeAndRegistrations(const tflite::Model*, tflite::SubgraphAllocations*)	40	static
../Middlewares/tensorflow/tensorflow/lite/micro/recording_micro_allocator.cc:184:14:virtual TfLiteStatus tflite::RecordingMicroAllocator::AllocateTfLiteEvalTensors(const tflite::Model*, tflite::SubgraphAllocations*)	40	static
../Middlewares/tensorflow/tensorflow/lite/micro/recording_micro_allocator.cc:207:14:virtual TfLiteStatus tflite::RecordingMicroAllocator::AllocateVariables(const tflite::SubGraph*, TfLiteEvalTensor*, const int32_t*)	40	static
../Middlewares/tensorflow/tensorflow/lite/micro/recording_micro_allocator.cc:221:1:virtual TfLiteTensor* tflite::RecordingMicroAllocator::AllocatePersistentTfLiteTensorInternal()	32	static
../Middlewares/tensorflow/tensorflow/lite/micro/recording_micro_allocator.cc:231:14:virtual TfLiteStatus tflite::RecordingMicroAllocator::PopulateTfLiteTensorFromFlatbuffer(const tflite::Model*, TfLiteTensor*, int, int, bool)	48	static
