../Middlewares/tensorflow/tensorflow/lite/micro/test_helper_custom_ops.cc:64:7:static void* tflite::testing::PackerOp::Init(TfLiteContext*, const char*, size_t)	0	static
../Middlewares/tensorflow/tensorflow/lite/micro/test_helper_custom_ops.cc:71:6:static void tflite::testing::PackerOp::Free(TfLiteContext*, void*)	0	static
../Middlewares/tensorflow/tensorflow/lite/micro/test_helper_custom_ops.cc:73:14:static TfLiteStatus tflite::testing::PackerOp::Prepare(TfLiteContext*, TfLiteNode*)	0	static
../Middlewares/tensorflow/tensorflow/lite/micro/test_helper_custom_ops.cc:135:7:static void* tflite::testing::BroadcastAddOp::Init(TfLiteContext*, const char*, size_t)	0	static
../Middlewares/tensorflow/tensorflow/lite/micro/test_helper_custom_ops.cc:42:6:void tflite::testing::{anonymous}::BroadcastAdd(T, const T*, T*, size_t) [with T = float]	0	static
../Middlewares/tensorflow/tensorflow/lite/micro/test_helper_custom_ops.cc:42:6:void tflite::testing::{anonymous}::BroadcastAdd(T, const T*, T*, size_t) [with T = signed char]	4	static
../Middlewares/tensorflow/tensorflow/lite/micro/test_helper_custom_ops.cc:42:6:void tflite::testing::{anonymous}::BroadcastAdd(T, const T*, T*, size_t) [with T = short int]	4	static
../Middlewares/tensorflow/tensorflow/lite/micro/test_helper_custom_ops.cc:42:6:void tflite::testing::{anonymous}::BroadcastAdd(T, const T*, T*, size_t) [with T = long int]	4	static
../Middlewares/tensorflow/tensorflow/lite/micro/test_helper_custom_ops.cc:42:6:void tflite::testing::{anonymous}::BroadcastAdd(T, const T*, T*, size_t) [with T = long long int]	16	static
../Middlewares/tensorflow/tensorflow/lite/micro/test_helper_custom_ops.cc:77:14:static TfLiteStatus tflite::testing::PackerOp::Invoke(TfLiteContext*, TfLiteNode*)	48	static
../Middlewares/tensorflow/tensorflow/lite/micro/test_helper_custom_ops.cc:147:14:static TfLiteStatus tflite::testing::BroadcastAddOp::Prepare(TfLiteContext*, TfLiteNode*)	48	static
../Middlewares/tensorflow/tensorflow/lite/kernels/op_macros.h:24:13:void AbortImpl()	8	static
../Middlewares/tensorflow/tensorflow/lite/micro/test_helper_custom_ops.cc:55:19:static TFLMRegistration* tflite::testing::PackerOp::GetMutableRegistration()	0	static
../Middlewares/tensorflow/tensorflow/lite/micro/test_helper_custom_ops.cc:51:25:static const TFLMRegistration* tflite::testing::PackerOp::getRegistration()	8	static
../Middlewares/tensorflow/tensorflow/lite/micro/test_helper_custom_ops.cc:127:19:static TFLMRegistration* tflite::testing::BroadcastAddOp::GetMutableRegistration()	0	static
../Middlewares/tensorflow/tensorflow/lite/micro/test_helper_custom_ops.cc:123:25:static const TFLMRegistration* tflite::testing::BroadcastAddOp::getRegistration()	8	static
../Middlewares/tensorflow/tensorflow/lite/micro/kernels/kernel_util.h:83:10:const T* tflite::micro::GetTensorData(const TfLiteEvalTensor*) [with T = float]	8	static
../Middlewares/tensorflow/tensorflow/lite/micro/kernels/kernel_util.h:76:4:T* tflite::micro::GetTensorData(TfLiteEvalTensor*) [with T = float]	8	static
../Middlewares/tensorflow/tensorflow/lite/micro/kernels/kernel_util.h:83:10:const T* tflite::micro::GetTensorData(const TfLiteEvalTensor*) [with T = signed char]	8	static
../Middlewares/tensorflow/tensorflow/lite/micro/kernels/kernel_util.h:76:4:T* tflite::micro::GetTensorData(TfLiteEvalTensor*) [with T = signed char]	8	static
../Middlewares/tensorflow/tensorflow/lite/micro/kernels/kernel_util.h:83:10:const T* tflite::micro::GetTensorData(const TfLiteEvalTensor*) [with T = short int]	8	static
../Middlewares/tensorflow/tensorflow/lite/micro/kernels/kernel_util.h:76:4:T* tflite::micro::GetTensorData(TfLiteEvalTensor*) [with T = short int]	8	static
../Middlewares/tensorflow/tensorflow/lite/micro/kernels/kernel_util.h:83:10:const T* tflite::micro::GetTensorData(const TfLiteEvalTensor*) [with T = long int]	8	static
../Middlewares/tensorflow/tensorflow/lite/micro/kernels/kernel_util.h:76:4:T* tflite::micro::GetTensorData(TfLiteEvalTensor*) [with T = long int]	8	static
../Middlewares/tensorflow/tensorflow/lite/micro/kernels/kernel_util.h:83:10:const T* tflite::micro::GetTensorData(const TfLiteEvalTensor*) [with T = long long int]	8	static
../Middlewares/tensorflow/tensorflow/lite/micro/kernels/kernel_util.h:76:4:T* tflite::micro::GetTensorData(TfLiteEvalTensor*) [with T = long long int]	8	static
../Middlewares/tensorflow/tensorflow/lite/micro/test_helper_custom_ops.cc:191:14:static TfLiteStatus tflite::testing::BroadcastAddOp::Invoke(TfLiteContext*, TfLiteNode*)	48	static
