../Middlewares/tensorflow/signal/micro/kernels/delay.cc:135:6:void tflite::{anonymous}::DelayReset(TfLiteContext*, void*)	16	static
../Middlewares/tensorflow/signal/micro/kernels/delay.cc:47:7:void* tflite::{anonymous}::DelayInit(TfLiteContext*, const char*, size_t)	32	static
../Middlewares/tensorflow/tensorflow/lite/kernels/op_macros.h:24:13:void AbortImpl()	8	static
../Middlewares/tensorflow/tensorflow/lite/kernels/internal/runtime_shape.h:67:11:int32_t tflite::RuntimeShape::Dims(int) const	8	static
../Middlewares/tensorflow/signal/micro/kernels/delay.cc:61:14:TfLiteStatus tflite::{anonymous}::DelayPrepare(TfLiteContext*, TfLiteNode*)	96	static
../Middlewares/tensorflow/signal/micro/kernels/delay.cc:147:19:TFLMRegistration* tflite::tflm_signal::Register_DELAY()	16	static
../Middlewares/tensorflow/tensorflow/lite/micro/kernels/kernel_util.h:83:10:const T* tflite::micro::GetTensorData(const TfLiteEvalTensor*) [with T = short int]	8	static
../Middlewares/tensorflow/tensorflow/lite/micro/kernels/kernel_util.h:76:4:T* tflite::micro::GetTensorData(TfLiteEvalTensor*) [with T = short int]	8	static
../Middlewares/tensorflow/signal/micro/kernels/delay.cc:111:14:TfLiteStatus tflite::{anonymous}::DelayEval(TfLiteContext*, TfLiteNode*)	32	static
