../Middlewares/tensorflow/signal/micro/kernels/filter_bank_log.cc:63:14:TfLiteStatus tflite::{anonymous}::FilterBankLogPrepare(TfLiteContext*, TfLiteNode*)	40	static
../Middlewares/tensorflow/tensorflow/lite/kernels/op_macros.h:24:13:void AbortImpl()	8	static
../Middlewares/tensorflow/signal/micro/kernels/filter_bank_log.cc:45:7:void* tflite::{anonymous}::FilterBankLogInit(TfLiteContext*, const char*, size_t)	32	static
../Middlewares/tensorflow/signal/micro/kernels/filter_bank_log.cc:106:19:TFLMRegistration* tflite::tflm_signal::Register_FILTER_BANK_LOG()	16	static
../Middlewares/tensorflow/tensorflow/lite/micro/kernels/kernel_util.h:83:10:const T* tflite::micro::GetTensorData(const TfLiteEvalTensor*) [with T = long unsigned int]	8	static
../Middlewares/tensorflow/tensorflow/lite/micro/kernels/kernel_util.h:76:4:T* tflite::micro::GetTensorData(TfLiteEvalTensor*) [with T = short int]	8	static
../Middlewares/tensorflow/signal/micro/kernels/filter_bank_log.cc:86:14:TfLiteStatus tflite::{anonymous}::FilterBankLogEval(TfLiteContext*, TfLiteNode*)	32	static
