../Middlewares/tensorflow/signal/micro/kernels/overlap_add.cc:51:6:void tflite::{anonymous}::OverlapAddResetState(TFLMSignalOverlapAddParams<T>*) [with T = short int]	16	static
../Middlewares/tensorflow/signal/micro/kernels/overlap_add.cc:148:6:void tflite::{anonymous}::OverlapAddReset(TfLiteContext*, void*) [with T = short int]	8	static
../Middlewares/tensorflow/signal/micro/kernels/overlap_add.cc:51:6:void tflite::{anonymous}::OverlapAddResetState(TFLMSignalOverlapAddParams<T>*) [with T = float]	16	static
../Middlewares/tensorflow/signal/micro/kernels/overlap_add.cc:148:6:void tflite::{anonymous}::OverlapAddReset(TfLiteContext*, void*) [with T = float]	8	static
../Middlewares/tensorflow/signal/micro/kernels/overlap_add.cc:202:6:void tflite::{anonymous}::OverlapAddResetAll(TfLiteContext*, void*)	8	static
../Middlewares/tensorflow/signal/micro/kernels/overlap_add.cc:58:7:void* tflite::{anonymous}::OverlapAddInit(TfLiteContext*, const char*, size_t) [with T = short int]	32	static
../Middlewares/tensorflow/signal/micro/kernels/overlap_add.cc:58:7:void* tflite::{anonymous}::OverlapAddInit(TfLiteContext*, const char*, size_t) [with T = float]	32	static
../Middlewares/tensorflow/tensorflow/lite/kernels/op_macros.h:24:13:void AbortImpl()	8	static
../Middlewares/tensorflow/tensorflow/lite/kernels/internal/runtime_shape.h:67:11:int32_t tflite::RuntimeShape::Dims(int) const	8	static
../Middlewares/tensorflow/signal/micro/kernels/overlap_add.cc:77:14:TfLiteStatus tflite::{anonymous}::OverlapAddPrepare(TfLiteContext*, TfLiteNode*) [with T = short int; TfLiteType TfLiteTypeEnum = kTfLiteInt16]	112	static
../Middlewares/tensorflow/signal/micro/kernels/overlap_add.cc:77:14:TfLiteStatus tflite::{anonymous}::OverlapAddPrepare(TfLiteContext*, TfLiteNode*) [with T = float; TfLiteType TfLiteTypeEnum = kTfLiteFloat32]	120	static
../Middlewares/tensorflow/signal/micro/kernels/overlap_add.cc:170:14:TfLiteStatus tflite::{anonymous}::OverlapAddPrepareAll(TfLiteContext*, TfLiteNode*)	8	static
../Middlewares/tensorflow/third_party/flatbuffers/include/flatbuffers/flexbuffers.h:850:18:flexbuffers::Reference flexbuffers::Vector::operator[](size_t) const	4	static
../Middlewares/tensorflow/signal/micro/kernels/overlap_add.cc:222:19:TFLMRegistration* tflite::tflm_signal::Register_OVERLAP_ADD()	16	static
../Middlewares/tensorflow/signal/micro/kernels/overlap_add.cc:229:19:TFLMRegistration* tflite::tflm_signal::Register_OVERLAP_ADD_FLOAT()	16	static
../Middlewares/tensorflow/signal/micro/kernels/overlap_add.cc:236:19:TFLMRegistration* tflite::tflm_signal::Register_OVERLAP_ADD_INT16()	16	static
../Middlewares/tensorflow/third_party/flatbuffers/include/flatbuffers/base.h:425:24:T flatbuffers::EndianScalar(T) [with T = long unsigned int]	0	static
../Middlewares/tensorflow/third_party/flatbuffers/include/flatbuffers/base.h:436:3:T flatbuffers::ReadScalar(const void*) [with T = long unsigned int]	8	static
../Middlewares/tensorflow/third_party/flatbuffers/include/flatbuffers/util.h:289:13:bool flatbuffers::StringToIntegerImpl(T*, const char*, int, bool) [with T = long long int]	32	static
../Middlewares/tensorflow/third_party/flatbuffers/include/flatbuffers/util.h:394:16:int64_t flatbuffers::StringToInt(const char*, int)	16	static
../Middlewares/tensorflow/third_party/flatbuffers/include/flatbuffers/base.h:425:24:T flatbuffers::EndianScalar(T) [with T = long int]	0	static
../Middlewares/tensorflow/third_party/flatbuffers/include/flatbuffers/base.h:436:3:T flatbuffers::ReadScalar(const void*) [with T = long int]	8	static
../Middlewares/tensorflow/third_party/flatbuffers/include/flatbuffers/base.h:425:24:T flatbuffers::EndianScalar(T) [with T = short unsigned int]	0	static
../Middlewares/tensorflow/third_party/flatbuffers/include/flatbuffers/base.h:436:3:T flatbuffers::ReadScalar(const void*) [with T = short unsigned int]	8	static
../Middlewares/tensorflow/third_party/flatbuffers/include/flatbuffers/base.h:425:24:T flatbuffers::EndianScalar(T) [with T = unsigned char]	0	static
../Middlewares/tensorflow/third_party/flatbuffers/include/flatbuffers/base.h:436:3:T flatbuffers::ReadScalar(const void*) [with T = unsigned char]	8	static
../Middlewares/tensorflow/third_party/flatbuffers/include/flatbuffers/base.h:425:24:T flatbuffers::EndianScalar(T) [with T = long long int]	0	static
../Middlewares/tensorflow/third_party/flatbuffers/include/flatbuffers/base.h:436:3:T flatbuffers::ReadScalar(const void*) [with T = long long int]	8	static
../Middlewares/tensorflow/third_party/flatbuffers/include/flatbuffers/base.h:425:24:T flatbuffers::EndianScalar(T) [with T = long long unsigned int]	0	static
../Middlewares/tensorflow/third_party/flatbuffers/include/flatbuffers/base.h:436:3:T flatbuffers::ReadScalar(const void*) [with T = long long unsigned int]	8	static
../Middlewares/tensorflow/third_party/flatbuffers/include/flatbuffers/flexbuffers.h:139:3:R flexbuffers::ReadSizedScalar(const uint8_t*, uint8_t) [with R = long long unsigned int; T1 = unsigned char; T2 = short unsigned int; T4 = long unsigned int; T8 = long long unsigned int]	8	static
../Middlewares/tensorflow/third_party/flatbuffers/include/flatbuffers/flexbuffers.h:765:18:const uint8_t* flexbuffers::Reference::Indirect() const	8	static
../Middlewares/tensorflow/third_party/flatbuffers/include/flatbuffers/flexbuffers.h:233:10:size_t flexbuffers::Sized::read_size() const	8	static
../Middlewares/tensorflow/third_party/flatbuffers/include/flatbuffers/flexbuffers.h:641:10:flexbuffers::Vector flexbuffers::Reference::AsVector() const	16	static
../Middlewares/tensorflow/third_party/flatbuffers/include/flatbuffers/flexbuffers.h:678:7:flexbuffers::Map flexbuffers::Reference::AsMap() const	16	static
../Middlewares/tensorflow/third_party/flatbuffers/include/flatbuffers/flexbuffers.h:538:10:flexbuffers::String flexbuffers::Reference::AsString() const	16	static
../Middlewares/tensorflow/third_party/flatbuffers/include/flatbuffers/flexbuffers.h:344:15:flexbuffers::TypedVector flexbuffers::Map::Keys() const	24	static
../Middlewares/tensorflow/third_party/flatbuffers/include/flatbuffers/flexbuffers.h:878:18:flexbuffers::Reference flexbuffers::Map::operator[](const char*) const	48	static
../Middlewares/tensorflow/third_party/flatbuffers/include/flatbuffers/flexbuffers.h:184:37:const uint8_t* flexbuffers::Indirect(const uint8_t*) [with T = unsigned char]	8	static
../Middlewares/tensorflow/third_party/flatbuffers/include/flatbuffers/flexbuffers.h:871:26:int flexbuffers::KeyCompare(const void*, const void*) [with T = unsigned char]	8	static
../Middlewares/tensorflow/third_party/flatbuffers/include/flatbuffers/flexbuffers.h:184:37:const uint8_t* flexbuffers::Indirect(const uint8_t*) [with T = short unsigned int]	8	static
../Middlewares/tensorflow/third_party/flatbuffers/include/flatbuffers/flexbuffers.h:871:26:int flexbuffers::KeyCompare(const void*, const void*) [with T = short unsigned int]	8	static
../Middlewares/tensorflow/third_party/flatbuffers/include/flatbuffers/flexbuffers.h:184:37:const uint8_t* flexbuffers::Indirect(const uint8_t*) [with T = long unsigned int]	8	static
../Middlewares/tensorflow/third_party/flatbuffers/include/flatbuffers/flexbuffers.h:871:26:int flexbuffers::KeyCompare(const void*, const void*) [with T = long unsigned int]	8	static
../Middlewares/tensorflow/third_party/flatbuffers/include/flatbuffers/flexbuffers.h:184:37:const uint8_t* flexbuffers::Indirect(const uint8_t*) [with T = long long unsigned int]	8	static
../Middlewares/tensorflow/third_party/flatbuffers/include/flatbuffers/flexbuffers.h:871:26:int flexbuffers::KeyCompare(const void*, const void*) [with T = long long unsigned int]	8	static
../Middlewares/tensorflow/third_party/flatbuffers/include/flatbuffers/base.h:425:24:T flatbuffers::EndianScalar(T) [with T = double]	0	static
../Middlewares/tensorflow/third_party/flatbuffers/include/flatbuffers/base.h:436:3:T flatbuffers::ReadScalar(const void*) [with T = double]	8	static
../Middlewares/tensorflow/third_party/flatbuffers/include/flatbuffers/base.h:425:24:T flatbuffers::EndianScalar(T) [with T = float]	0	static
../Middlewares/tensorflow/third_party/flatbuffers/include/flatbuffers/base.h:436:3:T flatbuffers::ReadScalar(const void*) [with T = float]	8	static
../Middlewares/tensorflow/tensorflow/lite/micro/kernels/kernel_util.h:83:10:const T* tflite::micro::GetTensorData(const TfLiteEvalTensor*) [with T = short int]	8	static
../Middlewares/tensorflow/tensorflow/lite/micro/kernels/kernel_util.h:76:4:T* tflite::micro::GetTensorData(TfLiteEvalTensor*) [with T = short int]	8	static
../Middlewares/tensorflow/signal/micro/kernels/overlap_add.cc:124:14:TfLiteStatus tflite::{anonymous}::OverlapAddEval(TfLiteContext*, TfLiteNode*) [with T = short int]	40	static
../Middlewares/tensorflow/tensorflow/lite/micro/kernels/kernel_util.h:83:10:const T* tflite::micro::GetTensorData(const TfLiteEvalTensor*) [with T = float]	8	static
../Middlewares/tensorflow/tensorflow/lite/micro/kernels/kernel_util.h:76:4:T* tflite::micro::GetTensorData(TfLiteEvalTensor*) [with T = float]	8	static
../Middlewares/tensorflow/signal/micro/kernels/overlap_add.cc:124:14:TfLiteStatus tflite::{anonymous}::OverlapAddEval(TfLiteContext*, TfLiteNode*) [with T = float]	40	static
../Middlewares/tensorflow/signal/micro/kernels/overlap_add.cc:186:14:TfLiteStatus tflite::{anonymous}::OverlapAddEvalAll(TfLiteContext*, TfLiteNode*)	8	static
../Middlewares/tensorflow/third_party/flatbuffers/include/flatbuffers/base.h:425:24:T flatbuffers::EndianScalar(T) [with T = signed char]	0	static
../Middlewares/tensorflow/third_party/flatbuffers/include/flatbuffers/base.h:436:3:T flatbuffers::ReadScalar(const void*) [with T = signed char]	8	static
../Middlewares/tensorflow/third_party/flatbuffers/include/flatbuffers/base.h:425:24:T flatbuffers::EndianScalar(T) [with T = short int]	0	static
../Middlewares/tensorflow/third_party/flatbuffers/include/flatbuffers/base.h:436:3:T flatbuffers::ReadScalar(const void*) [with T = short int]	8	static
../Middlewares/tensorflow/third_party/flatbuffers/include/flatbuffers/flexbuffers.h:139:3:R flexbuffers::ReadSizedScalar(const uint8_t*, uint8_t) [with R = double; T1 = signed char; T2 = short int; T4 = float; T8 = double]	8	static
../Middlewares/tensorflow/third_party/flatbuffers/include/flatbuffers/flexbuffers.h:139:3:R flexbuffers::ReadSizedScalar(const uint8_t*, uint8_t) [with R = long long int; T1 = signed char; T2 = short int; T4 = long int; T8 = long long int]	8	static
../Middlewares/tensorflow/third_party/flatbuffers/include/flatbuffers/flexbuffers.h:425:11:int64_t flexbuffers::Reference::AsInt64() const	32	static
../Middlewares/tensorflow/signal/micro/kernels/overlap_add.cc:152:7:void* tflite::{anonymous}::OverlapAddInitAll(TfLiteContext*, const char*, size_t)	48	static
