../Middlewares/tensorflow/signal/micro/kernels/window.cc:56:14:TfLiteStatus tflite::{anonymous}::WindowPrepare(TfLiteContext*, TfLiteNode*)	80	static
../Middlewares/tensorflow/signal/micro/kernels/window.cc:44:7:void* tflite::{anonymous}::WindowInit(TfLiteContext*, const char*, size_t)	32	static
../Middlewares/tensorflow/tensorflow/lite/kernels/op_macros.h:24:13:void AbortImpl()	8	static
../Middlewares/tensorflow/signal/micro/kernels/window.cc:116:19:TFLMRegistration* tflite::tflm_signal::Register_WINDOW()	16	static
../Middlewares/tensorflow/tensorflow/lite/micro/kernels/kernel_util.h:83:10:const T* tflite::micro::GetTensorData(const TfLiteEvalTensor*) [with T = short int]	8	static
../Middlewares/tensorflow/tensorflow/lite/micro/kernels/kernel_util.h:76:4:T* tflite::micro::GetTensorData(TfLiteEvalTensor*) [with T = short int]	8	static
../Middlewares/tensorflow/signal/micro/kernels/window.cc:90:14:TfLiteStatus tflite::{anonymous}::WindowEval(TfLiteContext*, TfLiteNode*)	40	static
