../Middlewares/tensorflow/tensorflow/lite/kernels/op_macros.h:24:13:void AbortImpl()	8	static
../Middlewares/tensorflow/tensorflow/lite/kernels/kernel_util.h:285:6:void tflite::CalculateActivationRange(TfLiteFusedActivation, T*, T*) [with T = float]	0	static
../Middlewares/tensorflow/tensorflow/lite/micro/kernels/add_common.cc:35:14:TfLiteStatus tflite::CalculateOpDataAdd(TfLiteContext*, TfLiteAddParams*, const TfLiteTensor*, const TfLiteTensor*, TfLiteTensor*, OpDataAdd*)	56	static
../Middlewares/tensorflow/tensorflow/lite/micro/kernels/add_common.cc:81:14:TfLiteStatus tflite::AddPrepare(TfLiteContext*, TfLiteNode*)	48	static
