../Middlewares/tensorflow/tensorflow/lite/kernels/op_macros.h:24:13:void AbortImpl()	8	static
../Middlewares/tensorflow/tensorflow/lite/kernels/internal/runtime_shape.h:67:11:int32_t tflite::RuntimeShape::Dims(int) const	8	static
../Middlewares/tensorflow/tensorflow/lite/kernels/internal/runtime_shape.h:72:8:void tflite::RuntimeShape::SetDim(int, int32_t)	8	static
../Middlewares/tensorflow/tensorflow/lite/kernels/internal/reference/transpose.h:160:13:void tflite::reference_ops::transpose_internal::SetupTransposeStrides(std::array<int, 6>&, const int32_t*, int)	4	static
../Middlewares/tensorflow/tensorflow/lite/kernels/kernel_util.h:171:16:int64_t tflite::NumElements(const int*, int)	40	static
../Middlewares/tensorflow/tensorflow/lite/micro/kernels/batch_matmul_common.cc:30:14:TfLiteStatus tflite::ReshapeOutputTensor(TfLiteContext*, TfLiteNode*, const RuntimeShape&, const RuntimeShape&, bool, bool, int, TfLiteTensor*)	80	static
../Middlewares/tensorflow/tensorflow/lite/micro/kernels/batch_matmul_common.cc:111:14:tflite::RuntimeShape tflite::SwapRowColumnDims(const RuntimeShape&)	24	static
../Middlewares/tensorflow/tensorflow/lite/micro/kernels/kernel_util.h:83:10:const T* tflite::micro::GetTensorData(const TfLiteEvalTensor*) [with T = float]	8	static
../Middlewares/tensorflow/tensorflow/lite/micro/kernels/kernel_util.h:76:4:T* tflite::micro::GetTensorData(TfLiteEvalTensor*) [with T = float]	8	static
../Middlewares/tensorflow/tensorflow/lite/micro/kernels/kernel_util.h:83:10:const T* tflite::micro::GetTensorData(const TfLiteEvalTensor*) [with T = signed char]	8	static
../Middlewares/tensorflow/tensorflow/lite/micro/kernels/kernel_util.h:76:4:T* tflite::micro::GetTensorData(TfLiteEvalTensor*) [with T = signed char]	8	static
../Middlewares/tensorflow/tensorflow/lite/micro/kernels/kernel_util.h:83:10:const T* tflite::micro::GetTensorData(const TfLiteEvalTensor*) [with T = short int]	8	static
../Middlewares/tensorflow/tensorflow/lite/micro/kernels/kernel_util.h:76:4:T* tflite::micro::GetTensorData(TfLiteEvalTensor*) [with T = short int]	8	static
../Middlewares/tensorflow/tensorflow/lite/kernels/internal/reference/transpose.h:97:6:void tflite::reference_ops::transpose_internal::TransposeImpl(int, int, const int32_t*, const T*, const int*, T*, const int*, const int32_t*) [with T = long int]	64	static
../Middlewares/tensorflow/tensorflow/lite/kernels/internal/reference/transpose.h:176:6:void tflite::reference_ops::Transpose(const tflite::TransposeParams&, const tflite::RuntimeShape&, const T*, const tflite::RuntimeShape&, T*) [with T = float; int N = 6]	96	static
../Middlewares/tensorflow/tensorflow/lite/micro/kernels/batch_matmul_common.cc:72:6:void tflite::TransposeRowsColumnsImpl(const TfLiteEvalTensor&, TfLiteEvalTensor*) [with T = float]	120	static
../Middlewares/tensorflow/tensorflow/lite/kernels/internal/reference/transpose.h:97:6:void tflite::reference_ops::transpose_internal::TransposeImpl(int, int, const int32_t*, const T*, const int*, T*, const int*, const int32_t*) [with T = signed char]	64	static
../Middlewares/tensorflow/tensorflow/lite/kernels/internal/reference/transpose.h:176:6:void tflite::reference_ops::Transpose(const tflite::TransposeParams&, const tflite::RuntimeShape&, const T*, const tflite::RuntimeShape&, T*) [with T = signed char; int N = 6]	96	static
../Middlewares/tensorflow/tensorflow/lite/micro/kernels/batch_matmul_common.cc:72:6:void tflite::TransposeRowsColumnsImpl(const TfLiteEvalTensor&, TfLiteEvalTensor*) [with T = signed char]	120	static
../Middlewares/tensorflow/tensorflow/lite/kernels/internal/reference/transpose.h:97:6:void tflite::reference_ops::transpose_internal::TransposeImpl(int, int, const int32_t*, const T*, const int*, T*, const int*, const int32_t*) [with T = short int]	64	static
../Middlewares/tensorflow/tensorflow/lite/kernels/internal/reference/transpose.h:176:6:void tflite::reference_ops::Transpose(const tflite::TransposeParams&, const tflite::RuntimeShape&, const T*, const tflite::RuntimeShape&, T*) [with T = short int; int N = 6]	96	static
../Middlewares/tensorflow/tensorflow/lite/micro/kernels/batch_matmul_common.cc:72:6:void tflite::TransposeRowsColumnsImpl(const TfLiteEvalTensor&, TfLiteEvalTensor*) [with T = short int]	120	static
../Middlewares/tensorflow/tensorflow/lite/micro/kernels/batch_matmul_common.cc:92:14:TfLiteStatus tflite::TransposeRowsColumns(const TfLiteEvalTensor&, TfLiteEvalTensor*)	8	static
