../Middlewares/tensorflow/tensorflow/lite/micro/kernels/call_once.cc:44:14:TfLiteStatus tflite::{anonymous}::CallOncePrepare(TfLiteContext*, TfLiteNode*)	24	static
../Middlewares/tensorflow/tensorflow/lite/micro/kernels/call_once.cc:63:14:TfLiteStatus tflite::{anonymous}::CallOnceEval(TfLiteContext*, TfLiteNode*)	8	static
../Middlewares/tensorflow/tensorflow/lite/kernels/op_macros.h:24:13:void AbortImpl()	8	static
../Middlewares/tensorflow/tensorflow/lite/micro/kernels/call_once.cc:39:7:void* tflite::{anonymous}::CallOnceInit(TfLiteContext*, const char*, size_t)	8	static
../Middlewares/tensorflow/tensorflow/lite/micro/kernels/call_once.cc:84:18:TFLMRegistration tflite::Register_CALL_ONCE()	16	static
