G:\ST\STM32CubeIDE_1.19.0\STM32CubeIDE\plugins\com.st.stm32cube.ide.mcu.externaltools.gnu-tools-for-stm32.13.3.rel1.win32_1.0.0.202411081344\tools\bin/../lib/gcc/arm-none-eabi/13.3.1/../../../../arm-none-eabi/include/c++/13.3.1/bits/stl_algo.h:4298:5:_OIter std::transform(_IIter, _IIter, _OIter, _UnaryOperation) [with _IIter = const signed char*; _OIter = signed char*; _UnaryOperation = tflite::{anonymous}::copyCast<signed char, signed char>(const signed char*, signed char*, int)::<lambda(signed char)>]	0	static
../Middlewares/tensorflow/tensorflow/lite/micro/kernels/cast.cc:48:6:void tflite::{anonymous}::copyCast(const FromT*, ToT*, int) [with FromT = signed char; ToT = signed char]	8	static
G:\ST\STM32CubeIDE_1.19.0\STM32CubeIDE\plugins\com.st.stm32cube.ide.mcu.externaltools.gnu-tools-for-stm32.13.3.rel1.win32_1.0.0.202411081344\tools\bin/../lib/gcc/arm-none-eabi/13.3.1/../../../../arm-none-eabi/include/c++/13.3.1/bits/stl_algo.h:4298:5:_OIter std::transform(_IIter, _IIter, _OIter, _UnaryOperation) [with _IIter = const signed char*; _OIter = short int*; _UnaryOperation = tflite::{anonymous}::copyCast<signed char, short int>(const signed char*, short int*, int)::<lambda(signed char)>]	0	static
../Middlewares/tensorflow/tensorflow/lite/micro/kernels/cast.cc:48:6:void tflite::{anonymous}::copyCast(const FromT*, ToT*, int) [with FromT = signed char; ToT = short int]	8	static
G:\ST\STM32CubeIDE_1.19.0\STM32CubeIDE\plugins\com.st.stm32cube.ide.mcu.externaltools.gnu-tools-for-stm32.13.3.rel1.win32_1.0.0.202411081344\tools\bin/../lib/gcc/arm-none-eabi/13.3.1/../../../../arm-none-eabi/include/c++/13.3.1/bits/stl_algo.h:4298:5:_OIter std::transform(_IIter, _IIter, _OIter, _UnaryOperation) [with _IIter = const signed char*; _OIter = long int*; _UnaryOperation = tflite::{anonymous}::copyCast<signed char, long int>(const signed char*, long int*, int)::<lambda(signed char)>]	0	static
../Middlewares/tensorflow/tensorflow/lite/micro/kernels/cast.cc:48:6:void tflite::{anonymous}::copyCast(const FromT*, ToT*, int) [with FromT = signed char; ToT = long int]	8	static
G:\ST\STM32CubeIDE_1.19.0\STM32CubeIDE\plugins\com.st.stm32cube.ide.mcu.externaltools.gnu-tools-for-stm32.13.3.rel1.win32_1.0.0.202411081344\tools\bin/../lib/gcc/arm-none-eabi/13.3.1/../../../../arm-none-eabi/include/c++/13.3.1/bits/stl_algo.h:4298:5:_OIter std::transform(_IIter, _IIter, _OIter, _UnaryOperation) [with _IIter = const signed char*; _OIter = long unsigned int*; _UnaryOperation = tflite::{anonymous}::copyCast<signed char, long unsigned int>(const signed char*, long unsigned int*, int)::<lambda(signed char)>]	0	static
../Middlewares/tensorflow/tensorflow/lite/micro/kernels/cast.cc:48:6:void tflite::{anonymous}::copyCast(const FromT*, ToT*, int) [with FromT = signed char; ToT = long unsigned int]	8	static
G:\ST\STM32CubeIDE_1.19.0\STM32CubeIDE\plugins\com.st.stm32cube.ide.mcu.externaltools.gnu-tools-for-stm32.13.3.rel1.win32_1.0.0.202411081344\tools\bin/../lib/gcc/arm-none-eabi/13.3.1/../../../../arm-none-eabi/include/c++/13.3.1/bits/stl_algo.h:4298:5:_OIter std::transform(_IIter, _IIter, _OIter, _UnaryOperation) [with _IIter = const signed char*; _OIter = float*; _UnaryOperation = tflite::{anonymous}::copyCast<signed char, float>(const signed char*, float*, int)::<lambda(signed char)>]	0	static
../Middlewares/tensorflow/tensorflow/lite/micro/kernels/cast.cc:48:6:void tflite::{anonymous}::copyCast(const FromT*, ToT*, int) [with FromT = signed char; ToT = float]	8	static
G:\ST\STM32CubeIDE_1.19.0\STM32CubeIDE\plugins\com.st.stm32cube.ide.mcu.externaltools.gnu-tools-for-stm32.13.3.rel1.win32_1.0.0.202411081344\tools\bin/../lib/gcc/arm-none-eabi/13.3.1/../../../../arm-none-eabi/include/c++/13.3.1/bits/stl_algo.h:4298:5:_OIter std::transform(_IIter, _IIter, _OIter, _UnaryOperation) [with _IIter = const short int*; _OIter = signed char*; _UnaryOperation = tflite::{anonymous}::copyCast<short int, signed char>(const short int*, signed char*, int)::<lambda(short int)>]	0	static
../Middlewares/tensorflow/tensorflow/lite/micro/kernels/cast.cc:48:6:void tflite::{anonymous}::copyCast(const FromT*, ToT*, int) [with FromT = short int; ToT = signed char]	8	static
G:\ST\STM32CubeIDE_1.19.0\STM32CubeIDE\plugins\com.st.stm32cube.ide.mcu.externaltools.gnu-tools-for-stm32.13.3.rel1.win32_1.0.0.202411081344\tools\bin/../lib/gcc/arm-none-eabi/13.3.1/../../../../arm-none-eabi/include/c++/13.3.1/bits/stl_algo.h:4298:5:_OIter std::transform(_IIter, _IIter, _OIter, _UnaryOperation) [with _IIter = const short int*; _OIter = short int*; _UnaryOperation = tflite::{anonymous}::copyCast<short int, short int>(const short int*, short int*, int)::<lambda(short int)>]	0	static
../Middlewares/tensorflow/tensorflow/lite/micro/kernels/cast.cc:48:6:void tflite::{anonymous}::copyCast(const FromT*, ToT*, int) [with FromT = short int; ToT = short int]	8	static
G:\ST\STM32CubeIDE_1.19.0\STM32CubeIDE\plugins\com.st.stm32cube.ide.mcu.externaltools.gnu-tools-for-stm32.13.3.rel1.win32_1.0.0.202411081344\tools\bin/../lib/gcc/arm-none-eabi/13.3.1/../../../../arm-none-eabi/include/c++/13.3.1/bits/stl_algo.h:4298:5:_OIter std::transform(_IIter, _IIter, _OIter, _UnaryOperation) [with _IIter = const short int*; _OIter = long int*; _UnaryOperation = tflite::{anonymous}::copyCast<short int, long int>(const short int*, long int*, int)::<lambda(short int)>]	0	static
../Middlewares/tensorflow/tensorflow/lite/micro/kernels/cast.cc:48:6:void tflite::{anonymous}::copyCast(const FromT*, ToT*, int) [with FromT = short int; ToT = long int]	8	static
G:\ST\STM32CubeIDE_1.19.0\STM32CubeIDE\plugins\com.st.stm32cube.ide.mcu.externaltools.gnu-tools-for-stm32.13.3.rel1.win32_1.0.0.202411081344\tools\bin/../lib/gcc/arm-none-eabi/13.3.1/../../../../arm-none-eabi/include/c++/13.3.1/bits/stl_algo.h:4298:5:_OIter std::transform(_IIter, _IIter, _OIter, _UnaryOperation) [with _IIter = const short int*; _OIter = long unsigned int*; _UnaryOperation = tflite::{anonymous}::copyCast<short int, long unsigned int>(const short int*, long unsigned int*, int)::<lambda(short int)>]	0	static
../Middlewares/tensorflow/tensorflow/lite/micro/kernels/cast.cc:48:6:void tflite::{anonymous}::copyCast(const FromT*, ToT*, int) [with FromT = short int; ToT = long unsigned int]	8	static
G:\ST\STM32CubeIDE_1.19.0\STM32CubeIDE\plugins\com.st.stm32cube.ide.mcu.externaltools.gnu-tools-for-stm32.13.3.rel1.win32_1.0.0.202411081344\tools\bin/../lib/gcc/arm-none-eabi/13.3.1/../../../../arm-none-eabi/include/c++/13.3.1/bits/stl_algo.h:4298:5:_OIter std::transform(_IIter, _IIter, _OIter, _UnaryOperation) [with _IIter = const short int*; _OIter = float*; _UnaryOperation = tflite::{anonymous}::copyCast<short int, float>(const short int*, float*, int)::<lambda(short int)>]	0	static
../Middlewares/tensorflow/tensorflow/lite/micro/kernels/cast.cc:48:6:void tflite::{anonymous}::copyCast(const FromT*, ToT*, int) [with FromT = short int; ToT = float]	8	static
G:\ST\STM32CubeIDE_1.19.0\STM32CubeIDE\plugins\com.st.stm32cube.ide.mcu.externaltools.gnu-tools-for-stm32.13.3.rel1.win32_1.0.0.202411081344\tools\bin/../lib/gcc/arm-none-eabi/13.3.1/../../../../arm-none-eabi/include/c++/13.3.1/bits/stl_algo.h:4298:5:_OIter std::transform(_IIter, _IIter, _OIter, _UnaryOperation) [with _IIter = const long int*; _OIter = signed char*; _UnaryOperation = tflite::{anonymous}::copyCast<long int, signed char>(const long int*, signed char*, int)::<lambda(long int)>]	0	static
../Middlewares/tensorflow/tensorflow/lite/micro/kernels/cast.cc:48:6:void tflite::{anonymous}::copyCast(const FromT*, ToT*, int) [with FromT = long int; ToT = signed char]	8	static
G:\ST\STM32CubeIDE_1.19.0\STM32CubeIDE\plugins\com.st.stm32cube.ide.mcu.externaltools.gnu-tools-for-stm32.13.3.rel1.win32_1.0.0.202411081344\tools\bin/../lib/gcc/arm-none-eabi/13.3.1/../../../../arm-none-eabi/include/c++/13.3.1/bits/stl_algo.h:4298:5:_OIter std::transform(_IIter, _IIter, _OIter, _UnaryOperation) [with _IIter = const long int*; _OIter = short int*; _UnaryOperation = tflite::{anonymous}::copyCast<long int, short int>(const long int*, short int*, int)::<lambda(long int)>]	0	static
../Middlewares/tensorflow/tensorflow/lite/micro/kernels/cast.cc:48:6:void tflite::{anonymous}::copyCast(const FromT*, ToT*, int) [with FromT = long int; ToT = short int]	8	static
G:\ST\STM32CubeIDE_1.19.0\STM32CubeIDE\plugins\com.st.stm32cube.ide.mcu.externaltools.gnu-tools-for-stm32.13.3.rel1.win32_1.0.0.202411081344\tools\bin/../lib/gcc/arm-none-eabi/13.3.1/../../../../arm-none-eabi/include/c++/13.3.1/bits/stl_algo.h:4298:5:_OIter std::transform(_IIter, _IIter, _OIter, _UnaryOperation) [with _IIter = const long int*; _OIter = long int*; _UnaryOperation = tflite::{anonymous}::copyCast<long int, long int>(const long int*, long int*, int)::<lambda(long int)>]	0	static
../Middlewares/tensorflow/tensorflow/lite/micro/kernels/cast.cc:48:6:void tflite::{anonymous}::copyCast(const FromT*, ToT*, int) [with FromT = long int; ToT = long int]	8	static
G:\ST\STM32CubeIDE_1.19.0\STM32CubeIDE\plugins\com.st.stm32cube.ide.mcu.externaltools.gnu-tools-for-stm32.13.3.rel1.win32_1.0.0.202411081344\tools\bin/../lib/gcc/arm-none-eabi/13.3.1/../../../../arm-none-eabi/include/c++/13.3.1/bits/stl_algo.h:4298:5:_OIter std::transform(_IIter, _IIter, _OIter, _UnaryOperation) [with _IIter = const long int*; _OIter = long unsigned int*; _UnaryOperation = tflite::{anonymous}::copyCast<long int, long unsigned int>(const long int*, long unsigned int*, int)::<lambda(long int)>]	0	static
../Middlewares/tensorflow/tensorflow/lite/micro/kernels/cast.cc:48:6:void tflite::{anonymous}::copyCast(const FromT*, ToT*, int) [with FromT = long int; ToT = long unsigned int]	8	static
G:\ST\STM32CubeIDE_1.19.0\STM32CubeIDE\plugins\com.st.stm32cube.ide.mcu.externaltools.gnu-tools-for-stm32.13.3.rel1.win32_1.0.0.202411081344\tools\bin/../lib/gcc/arm-none-eabi/13.3.1/../../../../arm-none-eabi/include/c++/13.3.1/bits/stl_algo.h:4298:5:_OIter std::transform(_IIter, _IIter, _OIter, _UnaryOperation) [with _IIter = const long int*; _OIter = float*; _UnaryOperation = tflite::{anonymous}::copyCast<long int, float>(const long int*, float*, int)::<lambda(long int)>]	0	static
../Middlewares/tensorflow/tensorflow/lite/micro/kernels/cast.cc:48:6:void tflite::{anonymous}::copyCast(const FromT*, ToT*, int) [with FromT = long int; ToT = float]	8	static
G:\ST\STM32CubeIDE_1.19.0\STM32CubeIDE\plugins\com.st.stm32cube.ide.mcu.externaltools.gnu-tools-for-stm32.13.3.rel1.win32_1.0.0.202411081344\tools\bin/../lib/gcc/arm-none-eabi/13.3.1/../../../../arm-none-eabi/include/c++/13.3.1/bits/stl_algo.h:4298:5:_OIter std::transform(_IIter, _IIter, _OIter, _UnaryOperation) [with _IIter = const long unsigned int*; _OIter = signed char*; _UnaryOperation = tflite::{anonymous}::copyCast<long unsigned int, signed char>(const long unsigned int*, signed char*, int)::<lambda(long unsigned int)>]	0	static
../Middlewares/tensorflow/tensorflow/lite/micro/kernels/cast.cc:48:6:void tflite::{anonymous}::copyCast(const FromT*, ToT*, int) [with FromT = long unsigned int; ToT = signed char]	8	static
G:\ST\STM32CubeIDE_1.19.0\STM32CubeIDE\plugins\com.st.stm32cube.ide.mcu.externaltools.gnu-tools-for-stm32.13.3.rel1.win32_1.0.0.202411081344\tools\bin/../lib/gcc/arm-none-eabi/13.3.1/../../../../arm-none-eabi/include/c++/13.3.1/bits/stl_algo.h:4298:5:_OIter std::transform(_IIter, _IIter, _OIter, _UnaryOperation) [with _IIter = const long unsigned int*; _OIter = short int*; _UnaryOperation = tflite::{anonymous}::copyCast<long unsigned int, short int>(const long unsigned int*, short int*, int)::<lambda(long unsigned int)>]	0	static
../Middlewares/tensorflow/tensorflow/lite/micro/kernels/cast.cc:48:6:void tflite::{anonymous}::copyCast(const FromT*, ToT*, int) [with FromT = long unsigned int; ToT = short int]	8	static
G:\ST\STM32CubeIDE_1.19.0\STM32CubeIDE\plugins\com.st.stm32cube.ide.mcu.externaltools.gnu-tools-for-stm32.13.3.rel1.win32_1.0.0.202411081344\tools\bin/../lib/gcc/arm-none-eabi/13.3.1/../../../../arm-none-eabi/include/c++/13.3.1/bits/stl_algo.h:4298:5:_OIter std::transform(_IIter, _IIter, _OIter, _UnaryOperation) [with _IIter = const long unsigned int*; _OIter = long int*; _UnaryOperation = tflite::{anonymous}::copyCast<long unsigned int, long int>(const long unsigned int*, long int*, int)::<lambda(long unsigned int)>]	0	static
../Middlewares/tensorflow/tensorflow/lite/micro/kernels/cast.cc:48:6:void tflite::{anonymous}::copyCast(const FromT*, ToT*, int) [with FromT = long unsigned int; ToT = long int]	8	static
G:\ST\STM32CubeIDE_1.19.0\STM32CubeIDE\plugins\com.st.stm32cube.ide.mcu.externaltools.gnu-tools-for-stm32.13.3.rel1.win32_1.0.0.202411081344\tools\bin/../lib/gcc/arm-none-eabi/13.3.1/../../../../arm-none-eabi/include/c++/13.3.1/bits/stl_algo.h:4298:5:_OIter std::transform(_IIter, _IIter, _OIter, _UnaryOperation) [with _IIter = const long unsigned int*; _OIter = long unsigned int*; _UnaryOperation = tflite::{anonymous}::copyCast<long unsigned int, long unsigned int>(const long unsigned int*, long unsigned int*, int)::<lambda(long unsigned int)>]	0	static
../Middlewares/tensorflow/tensorflow/lite/micro/kernels/cast.cc:48:6:void tflite::{anonymous}::copyCast(const FromT*, ToT*, int) [with FromT = long unsigned int; ToT = long unsigned int]	8	static
G:\ST\STM32CubeIDE_1.19.0\STM32CubeIDE\plugins\com.st.stm32cube.ide.mcu.externaltools.gnu-tools-for-stm32.13.3.rel1.win32_1.0.0.202411081344\tools\bin/../lib/gcc/arm-none-eabi/13.3.1/../../../../arm-none-eabi/include/c++/13.3.1/bits/stl_algo.h:4298:5:_OIter std::transform(_IIter, _IIter, _OIter, _UnaryOperation) [with _IIter = const long unsigned int*; _OIter = float*; _UnaryOperation = tflite::{anonymous}::copyCast<long unsigned int, float>(const long unsigned int*, float*, int)::<lambda(long unsigned int)>]	0	static
../Middlewares/tensorflow/tensorflow/lite/micro/kernels/cast.cc:48:6:void tflite::{anonymous}::copyCast(const FromT*, ToT*, int) [with FromT = long unsigned int; ToT = float]	8	static
G:\ST\STM32CubeIDE_1.19.0\STM32CubeIDE\plugins\com.st.stm32cube.ide.mcu.externaltools.gnu-tools-for-stm32.13.3.rel1.win32_1.0.0.202411081344\tools\bin/../lib/gcc/arm-none-eabi/13.3.1/../../../../arm-none-eabi/include/c++/13.3.1/bits/stl_algo.h:4298:5:_OIter std::transform(_IIter, _IIter, _OIter, _UnaryOperation) [with _IIter = const float*; _OIter = signed char*; _UnaryOperation = tflite::{anonymous}::copyCast<float, signed char>(const float*, signed char*, int)::<lambda(float)>]	0	static
../Middlewares/tensorflow/tensorflow/lite/micro/kernels/cast.cc:48:6:void tflite::{anonymous}::copyCast(const FromT*, ToT*, int) [with FromT = float; ToT = signed char]	8	static
G:\ST\STM32CubeIDE_1.19.0\STM32CubeIDE\plugins\com.st.stm32cube.ide.mcu.externaltools.gnu-tools-for-stm32.13.3.rel1.win32_1.0.0.202411081344\tools\bin/../lib/gcc/arm-none-eabi/13.3.1/../../../../arm-none-eabi/include/c++/13.3.1/bits/stl_algo.h:4298:5:_OIter std::transform(_IIter, _IIter, _OIter, _UnaryOperation) [with _IIter = const float*; _OIter = short int*; _UnaryOperation = tflite::{anonymous}::copyCast<float, short int>(const float*, short int*, int)::<lambda(float)>]	0	static
../Middlewares/tensorflow/tensorflow/lite/micro/kernels/cast.cc:48:6:void tflite::{anonymous}::copyCast(const FromT*, ToT*, int) [with FromT = float; ToT = short int]	8	static
G:\ST\STM32CubeIDE_1.19.0\STM32CubeIDE\plugins\com.st.stm32cube.ide.mcu.externaltools.gnu-tools-for-stm32.13.3.rel1.win32_1.0.0.202411081344\tools\bin/../lib/gcc/arm-none-eabi/13.3.1/../../../../arm-none-eabi/include/c++/13.3.1/bits/stl_algo.h:4298:5:_OIter std::transform(_IIter, _IIter, _OIter, _UnaryOperation) [with _IIter = const float*; _OIter = long int*; _UnaryOperation = tflite::{anonymous}::copyCast<float, long int>(const float*, long int*, int)::<lambda(float)>]	0	static
../Middlewares/tensorflow/tensorflow/lite/micro/kernels/cast.cc:48:6:void tflite::{anonymous}::copyCast(const FromT*, ToT*, int) [with FromT = float; ToT = long int]	8	static
G:\ST\STM32CubeIDE_1.19.0\STM32CubeIDE\plugins\com.st.stm32cube.ide.mcu.externaltools.gnu-tools-for-stm32.13.3.rel1.win32_1.0.0.202411081344\tools\bin/../lib/gcc/arm-none-eabi/13.3.1/../../../../arm-none-eabi/include/c++/13.3.1/bits/stl_algo.h:4298:5:_OIter std::transform(_IIter, _IIter, _OIter, _UnaryOperation) [with _IIter = const float*; _OIter = long unsigned int*; _UnaryOperation = tflite::{anonymous}::copyCast<float, long unsigned int>(const float*, long unsigned int*, int)::<lambda(float)>]	0	static
../Middlewares/tensorflow/tensorflow/lite/micro/kernels/cast.cc:48:6:void tflite::{anonymous}::copyCast(const FromT*, ToT*, int) [with FromT = float; ToT = long unsigned int]	8	static
G:\ST\STM32CubeIDE_1.19.0\STM32CubeIDE\plugins\com.st.stm32cube.ide.mcu.externaltools.gnu-tools-for-stm32.13.3.rel1.win32_1.0.0.202411081344\tools\bin/../lib/gcc/arm-none-eabi/13.3.1/../../../../arm-none-eabi/include/c++/13.3.1/bits/stl_algo.h:4298:5:_OIter std::transform(_IIter, _IIter, _OIter, _UnaryOperation) [with _IIter = const float*; _OIter = float*; _UnaryOperation = tflite::{anonymous}::copyCast<float, float>(const float*, float*, int)::<lambda(float)>]	0	static
../Middlewares/tensorflow/tensorflow/lite/micro/kernels/cast.cc:48:6:void tflite::{anonymous}::copyCast(const FromT*, ToT*, int) [with FromT = float; ToT = float]	8	static
G:\ST\STM32CubeIDE_1.19.0\STM32CubeIDE\plugins\com.st.stm32cube.ide.mcu.externaltools.gnu-tools-for-stm32.13.3.rel1.win32_1.0.0.202411081344\tools\bin/../lib/gcc/arm-none-eabi/13.3.1/../../../../arm-none-eabi/include/c++/13.3.1/bits/stl_algo.h:4298:5:_OIter std::transform(_IIter, _IIter, _OIter, _UnaryOperation) [with _IIter = const bool*; _OIter = signed char*; _UnaryOperation = tflite::{anonymous}::copyCast<bool, signed char>(const bool*, signed char*, int)::<lambda(bool)>]	0	static
../Middlewares/tensorflow/tensorflow/lite/micro/kernels/cast.cc:48:6:void tflite::{anonymous}::copyCast(const FromT*, ToT*, int) [with FromT = bool; ToT = signed char]	8	static
G:\ST\STM32CubeIDE_1.19.0\STM32CubeIDE\plugins\com.st.stm32cube.ide.mcu.externaltools.gnu-tools-for-stm32.13.3.rel1.win32_1.0.0.202411081344\tools\bin/../lib/gcc/arm-none-eabi/13.3.1/../../../../arm-none-eabi/include/c++/13.3.1/bits/stl_algo.h:4298:5:_OIter std::transform(_IIter, _IIter, _OIter, _UnaryOperation) [with _IIter = const bool*; _OIter = short int*; _UnaryOperation = tflite::{anonymous}::copyCast<bool, short int>(const bool*, short int*, int)::<lambda(bool)>]	0	static
../Middlewares/tensorflow/tensorflow/lite/micro/kernels/cast.cc:48:6:void tflite::{anonymous}::copyCast(const FromT*, ToT*, int) [with FromT = bool; ToT = short int]	8	static
G:\ST\STM32CubeIDE_1.19.0\STM32CubeIDE\plugins\com.st.stm32cube.ide.mcu.externaltools.gnu-tools-for-stm32.13.3.rel1.win32_1.0.0.202411081344\tools\bin/../lib/gcc/arm-none-eabi/13.3.1/../../../../arm-none-eabi/include/c++/13.3.1/bits/stl_algo.h:4298:5:_OIter std::transform(_IIter, _IIter, _OIter, _UnaryOperation) [with _IIter = const bool*; _OIter = long int*; _UnaryOperation = tflite::{anonymous}::copyCast<bool, long int>(const bool*, long int*, int)::<lambda(bool)>]	0	static
../Middlewares/tensorflow/tensorflow/lite/micro/kernels/cast.cc:48:6:void tflite::{anonymous}::copyCast(const FromT*, ToT*, int) [with FromT = bool; ToT = long int]	8	static
G:\ST\STM32CubeIDE_1.19.0\STM32CubeIDE\plugins\com.st.stm32cube.ide.mcu.externaltools.gnu-tools-for-stm32.13.3.rel1.win32_1.0.0.202411081344\tools\bin/../lib/gcc/arm-none-eabi/13.3.1/../../../../arm-none-eabi/include/c++/13.3.1/bits/stl_algo.h:4298:5:_OIter std::transform(_IIter, _IIter, _OIter, _UnaryOperation) [with _IIter = const bool*; _OIter = long unsigned int*; _UnaryOperation = tflite::{anonymous}::copyCast<bool, long unsigned int>(const bool*, long unsigned int*, int)::<lambda(bool)>]	0	static
../Middlewares/tensorflow/tensorflow/lite/micro/kernels/cast.cc:48:6:void tflite::{anonymous}::copyCast(const FromT*, ToT*, int) [with FromT = bool; ToT = long unsigned int]	8	static
G:\ST\STM32CubeIDE_1.19.0\STM32CubeIDE\plugins\com.st.stm32cube.ide.mcu.externaltools.gnu-tools-for-stm32.13.3.rel1.win32_1.0.0.202411081344\tools\bin/../lib/gcc/arm-none-eabi/13.3.1/../../../../arm-none-eabi/include/c++/13.3.1/bits/stl_algo.h:4298:5:_OIter std::transform(_IIter, _IIter, _OIter, _UnaryOperation) [with _IIter = const bool*; _OIter = float*; _UnaryOperation = tflite::{anonymous}::copyCast<bool, float>(const bool*, float*, int)::<lambda(bool)>]	0	static
../Middlewares/tensorflow/tensorflow/lite/micro/kernels/cast.cc:48:6:void tflite::{anonymous}::copyCast(const FromT*, ToT*, int) [with FromT = bool; ToT = float]	8	static
../Middlewares/tensorflow/tensorflow/lite/micro/kernels/cast.cc:28:14:TfLiteStatus tflite::{anonymous}::CastPrepare(TfLiteContext*, TfLiteNode*)	40	static
../Middlewares/tensorflow/tensorflow/lite/kernels/op_macros.h:24:13:void AbortImpl()	8	static
../Middlewares/tensorflow/tensorflow/lite/kernels/internal/runtime_shape.h:67:11:int32_t tflite::RuntimeShape::Dims(int) const	8	static
../Middlewares/tensorflow/tensorflow/lite/kernels/internal/types.h:314:12:int tflite::MatchingFlatSize(const RuntimeShape&, const RuntimeShape&)	24	static
../Middlewares/tensorflow/tensorflow/lite/micro/kernels/cast.cc:116:18:TFLMRegistration tflite::Register_CAST()	16	static
../Middlewares/tensorflow/tensorflow/lite/micro/kernels/kernel_util.h:83:10:const T* tflite::micro::GetTensorData(const TfLiteEvalTensor*) [with T = short int]	8	static
../Middlewares/tensorflow/tensorflow/lite/micro/kernels/kernel_util.h:83:10:const T* tflite::micro::GetTensorData(const TfLiteEvalTensor*) [with T = long int]	8	static
../Middlewares/tensorflow/tensorflow/lite/micro/kernels/kernel_util.h:83:10:const T* tflite::micro::GetTensorData(const TfLiteEvalTensor*) [with T = long unsigned int]	8	static
../Middlewares/tensorflow/tensorflow/lite/micro/kernels/kernel_util.h:83:10:const T* tflite::micro::GetTensorData(const TfLiteEvalTensor*) [with T = float]	8	static
../Middlewares/tensorflow/tensorflow/lite/micro/kernels/kernel_util.h:83:10:const T* tflite::micro::GetTensorData(const TfLiteEvalTensor*) [with T = bool]	8	static
../Middlewares/tensorflow/tensorflow/lite/micro/kernels/kernel_util.h:76:4:T* tflite::micro::GetTensorData(TfLiteEvalTensor*) [with T = float]	8	static
../Middlewares/tensorflow/tensorflow/lite/micro/kernels/cast.cc:54:14:TfLiteStatus tflite::{anonymous}::copyToTensor(TfLiteContext*, const FromT*, TfLiteEvalTensor*, int) [with FromT = signed char]	16	static
../Middlewares/tensorflow/tensorflow/lite/micro/kernels/cast.cc:54:14:TfLiteStatus tflite::{anonymous}::copyToTensor(TfLiteContext*, const FromT*, TfLiteEvalTensor*, int) [with FromT = short int]	16	static
../Middlewares/tensorflow/tensorflow/lite/micro/kernels/cast.cc:54:14:TfLiteStatus tflite::{anonymous}::copyToTensor(TfLiteContext*, const FromT*, TfLiteEvalTensor*, int) [with FromT = long int]	16	static
../Middlewares/tensorflow/tensorflow/lite/micro/kernels/cast.cc:54:14:TfLiteStatus tflite::{anonymous}::copyToTensor(TfLiteContext*, const FromT*, TfLiteEvalTensor*, int) [with FromT = long unsigned int]	16	static
../Middlewares/tensorflow/tensorflow/lite/micro/kernels/cast.cc:54:14:TfLiteStatus tflite::{anonymous}::copyToTensor(TfLiteContext*, const FromT*, TfLiteEvalTensor*, int) [with FromT = float]	16	static
../Middlewares/tensorflow/tensorflow/lite/micro/kernels/cast.cc:54:14:TfLiteStatus tflite::{anonymous}::copyToTensor(TfLiteContext*, const FromT*, TfLiteEvalTensor*, int) [with FromT = bool]	16	static
../Middlewares/tensorflow/tensorflow/lite/micro/kernels/cast.cc:80:14:TfLiteStatus tflite::{anonymous}::CastEval(TfLiteContext*, TfLiteNode*)	80	static
