../Middlewares/tensorflow/tensorflow/lite/kernels/op_macros.h:24:13:void AbortImpl()	8	static
../Middlewares/tensorflow/tensorflow/lite/micro/kernels/circular_buffer.cc:52:7:void* tflite::CircularBufferInit(TfLiteContext*, const char*, size_t)	32	static
../Middlewares/tensorflow/tensorflow/lite/micro/kernels/circular_buffer.cc:72:6:void tflite::EvalInt8(const int8_t*, int, int, int8_t*)	24	static
../Middlewares/tensorflow/tensorflow/lite/micro/kernels/circular_buffer.cc:110:19:TFLMRegistration* tflite::Register_CIRCULAR_BUFFER()	16	static
../Middlewares/tensorflow/tensorflow/lite/micro/kernels/kernel_util.h:83:10:const T* tflite::micro::GetTensorData(const TfLiteEvalTensor*) [with T = signed char]	8	static
../Middlewares/tensorflow/tensorflow/lite/micro/kernels/kernel_util.h:76:4:T* tflite::micro::GetTensorData(TfLiteEvalTensor*) [with T = signed char]	8	static
../Middlewares/tensorflow/tensorflow/lite/micro/kernels/circular_buffer.cc:77:14:TfLiteStatus tflite::CircularBufferEval(TfLiteContext*, TfLiteNode*)	24	static
