../Middlewares/tensorflow/tensorflow/lite/kernels/op_macros.h:24:13:void AbortImpl()	8	static
../Middlewares/tensorflow/tensorflow/lite/micro/kernels/comparisons.cc:531:7:void* tflite::{anonymous}::Init(TfLiteContext*, const char*, size_t)	8	static
../Middlewares/tensorflow/tensorflow/lite/micro/kernels/comparisons.cc:536:14:TfLiteStatus tflite::{anonymous}::ComparisonsPrepare(TfLiteContext*, TfLiteNode*)	56	static
../Middlewares/tensorflow/tensorflow/lite/kernels/internal/runtime_shape.h:67:11:int32_t tflite::RuntimeShape::Dims(int) const	8	static
../Middlewares/tensorflow/tensorflow/lite/kernels/internal/runtime_shape.h:133:12:int tflite::Offset(const RuntimeShape&, int, int, int, int)	16	static
../Middlewares/tensorflow/tensorflow/lite/kernels/internal/types.h:314:12:int tflite::MatchingFlatSize(const RuntimeShape&, const RuntimeShape&)	24	static
../Middlewares/tensorflow/tensorflow/lite/kernels/internal/types.h:324:12:int tflite::MatchingFlatSize(const RuntimeShape&, const RuntimeShape&, const RuntimeShape&)	32	static
../Middlewares/tensorflow/tensorflow/lite/kernels/internal/common.h:1001:12:int tflite::SubscriptToIndex(const NdArrayDesc<4>&, int, int, int, int)	8	static
../Middlewares/tensorflow/tensorflow/lite/micro/kernels/comparisons.cc:582:18:TFLMRegistration tflite::Register_EQUAL()	16	static
../Middlewares/tensorflow/tensorflow/lite/micro/kernels/comparisons.cc:586:18:TFLMRegistration tflite::Register_NOT_EQUAL()	16	static
../Middlewares/tensorflow/tensorflow/lite/micro/kernels/comparisons.cc:590:18:TFLMRegistration tflite::Register_GREATER()	16	static
../Middlewares/tensorflow/tensorflow/lite/micro/kernels/comparisons.cc:594:18:TFLMRegistration tflite::Register_GREATER_EQUAL()	16	static
../Middlewares/tensorflow/tensorflow/lite/micro/kernels/comparisons.cc:598:18:TFLMRegistration tflite::Register_LESS()	16	static
../Middlewares/tensorflow/tensorflow/lite/micro/kernels/comparisons.cc:602:18:TFLMRegistration tflite::Register_LESS_EQUAL()	16	static
../Middlewares/tensorflow/tensorflow/lite/micro/kernels/kernel_util.h:76:4:T* tflite::micro::GetTensorData(TfLiteEvalTensor*) [with T = bool]	8	static
../Middlewares/tensorflow/tensorflow/lite/micro/kernels/kernel_util.h:83:10:const T* tflite::micro::GetTensorData(const TfLiteEvalTensor*) [with T = bool]	8	static
../Middlewares/tensorflow/tensorflow/lite/micro/kernels/kernel_util.h:83:10:const T* tflite::micro::GetTensorData(const TfLiteEvalTensor*) [with T = float]	8	static
../Middlewares/tensorflow/tensorflow/lite/micro/kernels/kernel_util.h:83:10:const T* tflite::micro::GetTensorData(const TfLiteEvalTensor*) [with T = long int]	8	static
../Middlewares/tensorflow/tensorflow/lite/micro/kernels/kernel_util.h:83:10:const T* tflite::micro::GetTensorData(const TfLiteEvalTensor*) [with T = long long int]	8	static
../Middlewares/tensorflow/tensorflow/lite/micro/kernels/kernel_util.h:83:10:const T* tflite::micro::GetTensorData(const TfLiteEvalTensor*) [with T = signed char]	8	static
../Middlewares/tensorflow/third_party/gemmlowp/fixedpoint/fixedpoint.h:64:10:tRawType gemmlowp::Dup(typename FixedPointRawTypeTraits<tRawType>::ScalarRawType) [with tRawType = long int]	0	static
../Middlewares/tensorflow/third_party/gemmlowp/fixedpoint/fixedpoint.h:70:14:tIntegerType gemmlowp::BitAnd(tIntegerType, tIntegerType) [with tIntegerType = long int]	0	static
../Middlewares/tensorflow/third_party/gemmlowp/fixedpoint/fixedpoint.h:140:14:tIntegerType gemmlowp::ShiftRight(tIntegerType, int) [with tIntegerType = long int]	0	static
../Middlewares/tensorflow/third_party/gemmlowp/fixedpoint/fixedpoint.h:94:14:tIntegerType gemmlowp::Add(tIntegerType, tIntegerType) [with tIntegerType = long int]	0	static
../Middlewares/tensorflow/tensorflow/lite/kernels/internal/reference/comparisons.h:61:13:void tflite::reference_ops::ComparisonImpl(const tflite::ComparisonParams&, const tflite::RuntimeShape&, const T*, const tflite::RuntimeShape&, const T*, const tflite::RuntimeShape&, bool*) [with T = float; bool (* F)(T, T) = EqualFn<float>]	16	static
../Middlewares/tensorflow/tensorflow/lite/kernels/internal/reference/comparisons.h:126:13:void tflite::reference_ops::BroadcastComparison4DSlowImpl(const tflite::ComparisonParams&, const tflite::RuntimeShape&, const T*, const tflite::RuntimeShape&, const T*, const tflite::RuntimeShape&, bool*) [with T = float; bool (* F)(T, T) = EqualFn<float>]	144	static
../Middlewares/tensorflow/tensorflow/lite/kernels/internal/reference/comparisons.h:61:13:void tflite::reference_ops::ComparisonImpl(const tflite::ComparisonParams&, const tflite::RuntimeShape&, const T*, const tflite::RuntimeShape&, const T*, const tflite::RuntimeShape&, bool*) [with T = float; bool (* F)(T, T) = NotEqualFn<float>]	16	static
../Middlewares/tensorflow/tensorflow/lite/kernels/internal/reference/comparisons.h:126:13:void tflite::reference_ops::BroadcastComparison4DSlowImpl(const tflite::ComparisonParams&, const tflite::RuntimeShape&, const T*, const tflite::RuntimeShape&, const T*, const tflite::RuntimeShape&, bool*) [with T = float; bool (* F)(T, T) = NotEqualFn<float>]	144	static
../Middlewares/tensorflow/tensorflow/lite/kernels/internal/reference/comparisons.h:61:13:void tflite::reference_ops::ComparisonImpl(const tflite::ComparisonParams&, const tflite::RuntimeShape&, const T*, const tflite::RuntimeShape&, const T*, const tflite::RuntimeShape&, bool*) [with T = float; bool (* F)(T, T) = GreaterFn<float>]	16	static
../Middlewares/tensorflow/tensorflow/lite/kernels/internal/reference/comparisons.h:126:13:void tflite::reference_ops::BroadcastComparison4DSlowImpl(const tflite::ComparisonParams&, const tflite::RuntimeShape&, const T*, const tflite::RuntimeShape&, const T*, const tflite::RuntimeShape&, bool*) [with T = float; bool (* F)(T, T) = GreaterFn<float>]	144	static
../Middlewares/tensorflow/tensorflow/lite/kernels/internal/reference/comparisons.h:61:13:void tflite::reference_ops::ComparisonImpl(const tflite::ComparisonParams&, const tflite::RuntimeShape&, const T*, const tflite::RuntimeShape&, const T*, const tflite::RuntimeShape&, bool*) [with T = float; bool (* F)(T, T) = GreaterEqualFn<float>]	16	static
../Middlewares/tensorflow/tensorflow/lite/kernels/internal/reference/comparisons.h:126:13:void tflite::reference_ops::BroadcastComparison4DSlowImpl(const tflite::ComparisonParams&, const tflite::RuntimeShape&, const T*, const tflite::RuntimeShape&, const T*, const tflite::RuntimeShape&, bool*) [with T = float; bool (* F)(T, T) = GreaterEqualFn<float>]	144	static
../Middlewares/tensorflow/tensorflow/lite/kernels/internal/reference/comparisons.h:61:13:void tflite::reference_ops::ComparisonImpl(const tflite::ComparisonParams&, const tflite::RuntimeShape&, const T*, const tflite::RuntimeShape&, const T*, const tflite::RuntimeShape&, bool*) [with T = float; bool (* F)(T, T) = LessFn<float>]	16	static
../Middlewares/tensorflow/tensorflow/lite/kernels/internal/reference/comparisons.h:126:13:void tflite::reference_ops::BroadcastComparison4DSlowImpl(const tflite::ComparisonParams&, const tflite::RuntimeShape&, const T*, const tflite::RuntimeShape&, const T*, const tflite::RuntimeShape&, bool*) [with T = float; bool (* F)(T, T) = LessFn<float>]	144	static
../Middlewares/tensorflow/tensorflow/lite/kernels/internal/reference/comparisons.h:61:13:void tflite::reference_ops::ComparisonImpl(const tflite::ComparisonParams&, const tflite::RuntimeShape&, const T*, const tflite::RuntimeShape&, const T*, const tflite::RuntimeShape&, bool*) [with T = float; bool (* F)(T, T) = LessEqualFn<float>]	16	static
../Middlewares/tensorflow/tensorflow/lite/kernels/internal/reference/comparisons.h:126:13:void tflite::reference_ops::BroadcastComparison4DSlowImpl(const tflite::ComparisonParams&, const tflite::RuntimeShape&, const T*, const tflite::RuntimeShape&, const T*, const tflite::RuntimeShape&, bool*) [with T = float; bool (* F)(T, T) = LessEqualFn<float>]	144	static
../Middlewares/tensorflow/tensorflow/lite/kernels/internal/reference/comparisons.h:126:13:void tflite::reference_ops::BroadcastComparison4DSlowImpl(const tflite::ComparisonParams&, const tflite::RuntimeShape&, const T*, const tflite::RuntimeShape&, const T*, const tflite::RuntimeShape&, bool*) [with T = bool; bool (* F)(T, T) = EqualFn<bool>]	144	static
../Middlewares/tensorflow/tensorflow/lite/kernels/internal/reference/comparisons.h:61:13:void tflite::reference_ops::ComparisonImpl(const tflite::ComparisonParams&, const tflite::RuntimeShape&, const T*, const tflite::RuntimeShape&, const T*, const tflite::RuntimeShape&, bool*) [with T = bool; bool (* F)(T, T) = EqualFn<bool>]	16	static
../Middlewares/tensorflow/tensorflow/lite/kernels/internal/reference/comparisons.h:126:13:void tflite::reference_ops::BroadcastComparison4DSlowImpl(const tflite::ComparisonParams&, const tflite::RuntimeShape&, const T*, const tflite::RuntimeShape&, const T*, const tflite::RuntimeShape&, bool*) [with T = long int; bool (* F)(T, T) = EqualFn<long int>]	144	static
../Middlewares/tensorflow/tensorflow/lite/kernels/internal/reference/comparisons.h:61:13:void tflite::reference_ops::ComparisonImpl(const tflite::ComparisonParams&, const tflite::RuntimeShape&, const T*, const tflite::RuntimeShape&, const T*, const tflite::RuntimeShape&, bool*) [with T = long int; bool (* F)(T, T) = EqualFn<long int>]	16	static
../Middlewares/tensorflow/tensorflow/lite/kernels/internal/reference/comparisons.h:126:13:void tflite::reference_ops::BroadcastComparison4DSlowImpl(const tflite::ComparisonParams&, const tflite::RuntimeShape&, const T*, const tflite::RuntimeShape&, const T*, const tflite::RuntimeShape&, bool*) [with T = long long int; bool (* F)(T, T) = EqualFn<long long int>]	152	static
../Middlewares/tensorflow/tensorflow/lite/kernels/internal/reference/comparisons.h:61:13:void tflite::reference_ops::ComparisonImpl(const tflite::ComparisonParams&, const tflite::RuntimeShape&, const T*, const tflite::RuntimeShape&, const T*, const tflite::RuntimeShape&, bool*) [with T = long long int; bool (* F)(T, T) = EqualFn<long long int>]	24	static
../Middlewares/tensorflow/tensorflow/lite/kernels/internal/reference/comparisons.h:126:13:void tflite::reference_ops::BroadcastComparison4DSlowImpl(const tflite::ComparisonParams&, const tflite::RuntimeShape&, const T*, const tflite::RuntimeShape&, const T*, const tflite::RuntimeShape&, bool*) [with T = bool; bool (* F)(T, T) = NotEqualFn<bool>]	144	static
../Middlewares/tensorflow/tensorflow/lite/kernels/internal/reference/comparisons.h:61:13:void tflite::reference_ops::ComparisonImpl(const tflite::ComparisonParams&, const tflite::RuntimeShape&, const T*, const tflite::RuntimeShape&, const T*, const tflite::RuntimeShape&, bool*) [with T = bool; bool (* F)(T, T) = NotEqualFn<bool>]	16	static
../Middlewares/tensorflow/tensorflow/lite/kernels/internal/reference/comparisons.h:126:13:void tflite::reference_ops::BroadcastComparison4DSlowImpl(const tflite::ComparisonParams&, const tflite::RuntimeShape&, const T*, const tflite::RuntimeShape&, const T*, const tflite::RuntimeShape&, bool*) [with T = long int; bool (* F)(T, T) = NotEqualFn<long int>]	144	static
../Middlewares/tensorflow/tensorflow/lite/kernels/internal/reference/comparisons.h:61:13:void tflite::reference_ops::ComparisonImpl(const tflite::ComparisonParams&, const tflite::RuntimeShape&, const T*, const tflite::RuntimeShape&, const T*, const tflite::RuntimeShape&, bool*) [with T = long int; bool (* F)(T, T) = NotEqualFn<long int>]	16	static
../Middlewares/tensorflow/tensorflow/lite/kernels/internal/reference/comparisons.h:126:13:void tflite::reference_ops::BroadcastComparison4DSlowImpl(const tflite::ComparisonParams&, const tflite::RuntimeShape&, const T*, const tflite::RuntimeShape&, const T*, const tflite::RuntimeShape&, bool*) [with T = long long int; bool (* F)(T, T) = NotEqualFn<long long int>]	152	static
../Middlewares/tensorflow/tensorflow/lite/kernels/internal/reference/comparisons.h:61:13:void tflite::reference_ops::ComparisonImpl(const tflite::ComparisonParams&, const tflite::RuntimeShape&, const T*, const tflite::RuntimeShape&, const T*, const tflite::RuntimeShape&, bool*) [with T = long long int; bool (* F)(T, T) = NotEqualFn<long long int>]	24	static
../Middlewares/tensorflow/tensorflow/lite/kernels/internal/reference/comparisons.h:126:13:void tflite::reference_ops::BroadcastComparison4DSlowImpl(const tflite::ComparisonParams&, const tflite::RuntimeShape&, const T*, const tflite::RuntimeShape&, const T*, const tflite::RuntimeShape&, bool*) [with T = long int; bool (* F)(T, T) = GreaterFn<long int>]	144	static
../Middlewares/tensorflow/tensorflow/lite/kernels/internal/reference/comparisons.h:61:13:void tflite::reference_ops::ComparisonImpl(const tflite::ComparisonParams&, const tflite::RuntimeShape&, const T*, const tflite::RuntimeShape&, const T*, const tflite::RuntimeShape&, bool*) [with T = long int; bool (* F)(T, T) = GreaterFn<long int>]	16	static
../Middlewares/tensorflow/tensorflow/lite/kernels/internal/reference/comparisons.h:126:13:void tflite::reference_ops::BroadcastComparison4DSlowImpl(const tflite::ComparisonParams&, const tflite::RuntimeShape&, const T*, const tflite::RuntimeShape&, const T*, const tflite::RuntimeShape&, bool*) [with T = long long int; bool (* F)(T, T) = GreaterFn<long long int>]	152	static
../Middlewares/tensorflow/tensorflow/lite/kernels/internal/reference/comparisons.h:61:13:void tflite::reference_ops::ComparisonImpl(const tflite::ComparisonParams&, const tflite::RuntimeShape&, const T*, const tflite::RuntimeShape&, const T*, const tflite::RuntimeShape&, bool*) [with T = long long int; bool (* F)(T, T) = GreaterFn<long long int>]	24	static
../Middlewares/tensorflow/tensorflow/lite/kernels/internal/reference/comparisons.h:126:13:void tflite::reference_ops::BroadcastComparison4DSlowImpl(const tflite::ComparisonParams&, const tflite::RuntimeShape&, const T*, const tflite::RuntimeShape&, const T*, const tflite::RuntimeShape&, bool*) [with T = long int; bool (* F)(T, T) = GreaterEqualFn<long int>]	144	static
../Middlewares/tensorflow/tensorflow/lite/kernels/internal/reference/comparisons.h:61:13:void tflite::reference_ops::ComparisonImpl(const tflite::ComparisonParams&, const tflite::RuntimeShape&, const T*, const tflite::RuntimeShape&, const T*, const tflite::RuntimeShape&, bool*) [with T = long int; bool (* F)(T, T) = GreaterEqualFn<long int>]	16	static
../Middlewares/tensorflow/tensorflow/lite/kernels/internal/reference/comparisons.h:126:13:void tflite::reference_ops::BroadcastComparison4DSlowImpl(const tflite::ComparisonParams&, const tflite::RuntimeShape&, const T*, const tflite::RuntimeShape&, const T*, const tflite::RuntimeShape&, bool*) [with T = long long int; bool (* F)(T, T) = GreaterEqualFn<long long int>]	152	static
../Middlewares/tensorflow/tensorflow/lite/kernels/internal/reference/comparisons.h:61:13:void tflite::reference_ops::ComparisonImpl(const tflite::ComparisonParams&, const tflite::RuntimeShape&, const T*, const tflite::RuntimeShape&, const T*, const tflite::RuntimeShape&, bool*) [with T = long long int; bool (* F)(T, T) = GreaterEqualFn<long long int>]	24	static
../Middlewares/tensorflow/tensorflow/lite/kernels/internal/reference/comparisons.h:126:13:void tflite::reference_ops::BroadcastComparison4DSlowImpl(const tflite::ComparisonParams&, const tflite::RuntimeShape&, const T*, const tflite::RuntimeShape&, const T*, const tflite::RuntimeShape&, bool*) [with T = long int; bool (* F)(T, T) = LessFn<long int>]	144	static
../Middlewares/tensorflow/tensorflow/lite/kernels/internal/reference/comparisons.h:61:13:void tflite::reference_ops::ComparisonImpl(const tflite::ComparisonParams&, const tflite::RuntimeShape&, const T*, const tflite::RuntimeShape&, const T*, const tflite::RuntimeShape&, bool*) [with T = long int; bool (* F)(T, T) = LessFn<long int>]	16	static
../Middlewares/tensorflow/tensorflow/lite/kernels/internal/reference/comparisons.h:126:13:void tflite::reference_ops::BroadcastComparison4DSlowImpl(const tflite::ComparisonParams&, const tflite::RuntimeShape&, const T*, const tflite::RuntimeShape&, const T*, const tflite::RuntimeShape&, bool*) [with T = long long int; bool (* F)(T, T) = LessFn<long long int>]	152	static
../Middlewares/tensorflow/tensorflow/lite/kernels/internal/reference/comparisons.h:61:13:void tflite::reference_ops::ComparisonImpl(const tflite::ComparisonParams&, const tflite::RuntimeShape&, const T*, const tflite::RuntimeShape&, const T*, const tflite::RuntimeShape&, bool*) [with T = long long int; bool (* F)(T, T) = LessFn<long long int>]	24	static
../Middlewares/tensorflow/tensorflow/lite/kernels/internal/reference/comparisons.h:126:13:void tflite::reference_ops::BroadcastComparison4DSlowImpl(const tflite::ComparisonParams&, const tflite::RuntimeShape&, const T*, const tflite::RuntimeShape&, const T*, const tflite::RuntimeShape&, bool*) [with T = long int; bool (* F)(T, T) = LessEqualFn<long int>]	144	static
../Middlewares/tensorflow/tensorflow/lite/kernels/internal/reference/comparisons.h:61:13:void tflite::reference_ops::ComparisonImpl(const tflite::ComparisonParams&, const tflite::RuntimeShape&, const T*, const tflite::RuntimeShape&, const T*, const tflite::RuntimeShape&, bool*) [with T = long int; bool (* F)(T, T) = LessEqualFn<long int>]	16	static
../Middlewares/tensorflow/tensorflow/lite/kernels/internal/reference/comparisons.h:126:13:void tflite::reference_ops::BroadcastComparison4DSlowImpl(const tflite::ComparisonParams&, const tflite::RuntimeShape&, const T*, const tflite::RuntimeShape&, const T*, const tflite::RuntimeShape&, bool*) [with T = long long int; bool (* F)(T, T) = LessEqualFn<long long int>]	152	static
../Middlewares/tensorflow/tensorflow/lite/kernels/internal/reference/comparisons.h:61:13:void tflite::reference_ops::ComparisonImpl(const tflite::ComparisonParams&, const tflite::RuntimeShape&, const T*, const tflite::RuntimeShape&, const T*, const tflite::RuntimeShape&, bool*) [with T = long long int; bool (* F)(T, T) = LessEqualFn<long long int>]	24	static
../Middlewares/tensorflow/third_party/gemmlowp/fixedpoint/fixedpoint.h:88:14:tIntegerType gemmlowp::BitNot(tIntegerType) [with tIntegerType = long int]	0	static
../Middlewares/tensorflow/third_party/gemmlowp/fixedpoint/fixedpoint.h:156:14:tIntegerType gemmlowp::MaskIfNonZero(tIntegerType) [with tIntegerType = long int]	8	static
../Middlewares/tensorflow/third_party/gemmlowp/fixedpoint/fixedpoint.h:199:14:tIntegerType gemmlowp::MaskIfLessThan(tIntegerType, tIntegerType) [with tIntegerType = long int]	8	static
../Middlewares/tensorflow/third_party/gemmlowp/fixedpoint/fixedpoint.h:185:14:tIntegerType gemmlowp::MaskIfGreaterThan(tIntegerType, tIntegerType) [with tIntegerType = long int]	8	static
../Middlewares/tensorflow/third_party/gemmlowp/fixedpoint/fixedpoint.h:357:20:IntegerType gemmlowp::RoundingDivideByPOT(IntegerType, int) [with IntegerType = long int]	32	static
../Middlewares/tensorflow/tensorflow/lite/kernels/internal/common.h:315:16:int32_t tflite::MultiplyByQuantizedMultiplierSmallerThanOneExp(int32_t, int32_t, int)	8	static
../Middlewares/tensorflow/tensorflow/lite/kernels/internal/reference/comparisons.h:163:13:void tflite::reference_ops::BroadcastComparison4DSlowWithScaling(const tflite::ComparisonParams&, const tflite::RuntimeShape&, const T*, const tflite::RuntimeShape&, const T*, const tflite::RuntimeShape&, bool*) [with T = signed char; bool (* F)(long int, long int) = EqualFn<long int>]	168	static
../Middlewares/tensorflow/tensorflow/lite/kernels/internal/reference/comparisons.h:84:13:void tflite::reference_ops::ComparisonWithScaling(const tflite::ComparisonParams&, const tflite::RuntimeShape&, const T*, const tflite::RuntimeShape&, const T*, const tflite::RuntimeShape&, bool*) [with T = signed char; bool (* F)(long int, long int) = EqualFn<long int>]	64	static
../Middlewares/tensorflow/tensorflow/lite/micro/kernels/comparisons.cc:36:14:TfLiteStatus tflite::{anonymous}::EqualEval(TfLiteContext*, TfLiteNode*)	128	static
../Middlewares/tensorflow/tensorflow/lite/kernels/internal/reference/comparisons.h:163:13:void tflite::reference_ops::BroadcastComparison4DSlowWithScaling(const tflite::ComparisonParams&, const tflite::RuntimeShape&, const T*, const tflite::RuntimeShape&, const T*, const tflite::RuntimeShape&, bool*) [with T = signed char; bool (* F)(long int, long int) = NotEqualFn<long int>]	168	static
../Middlewares/tensorflow/tensorflow/lite/kernels/internal/reference/comparisons.h:84:13:void tflite::reference_ops::ComparisonWithScaling(const tflite::ComparisonParams&, const tflite::RuntimeShape&, const T*, const tflite::RuntimeShape&, const T*, const tflite::RuntimeShape&, bool*) [with T = signed char; bool (* F)(long int, long int) = NotEqualFn<long int>]	64	static
../Middlewares/tensorflow/tensorflow/lite/micro/kernels/comparisons.cc:128:14:TfLiteStatus tflite::{anonymous}::NotEqualEval(TfLiteContext*, TfLiteNode*)	128	static
../Middlewares/tensorflow/tensorflow/lite/kernels/internal/reference/comparisons.h:163:13:void tflite::reference_ops::BroadcastComparison4DSlowWithScaling(const tflite::ComparisonParams&, const tflite::RuntimeShape&, const T*, const tflite::RuntimeShape&, const T*, const tflite::RuntimeShape&, bool*) [with T = signed char; bool (* F)(long int, long int) = GreaterFn<long int>]	168	static
../Middlewares/tensorflow/tensorflow/lite/kernels/internal/reference/comparisons.h:84:13:void tflite::reference_ops::ComparisonWithScaling(const tflite::ComparisonParams&, const tflite::RuntimeShape&, const T*, const tflite::RuntimeShape&, const T*, const tflite::RuntimeShape&, bool*) [with T = signed char; bool (* F)(long int, long int) = GreaterFn<long int>]	64	static
../Middlewares/tensorflow/tensorflow/lite/micro/kernels/comparisons.cc:219:14:TfLiteStatus tflite::{anonymous}::GreaterEval(TfLiteContext*, TfLiteNode*)	128	static
../Middlewares/tensorflow/tensorflow/lite/kernels/internal/reference/comparisons.h:163:13:void tflite::reference_ops::BroadcastComparison4DSlowWithScaling(const tflite::ComparisonParams&, const tflite::RuntimeShape&, const T*, const tflite::RuntimeShape&, const T*, const tflite::RuntimeShape&, bool*) [with T = signed char; bool (* F)(long int, long int) = GreaterEqualFn<long int>]	168	static
../Middlewares/tensorflow/tensorflow/lite/kernels/internal/reference/comparisons.h:84:13:void tflite::reference_ops::ComparisonWithScaling(const tflite::ComparisonParams&, const tflite::RuntimeShape&, const T*, const tflite::RuntimeShape&, const T*, const tflite::RuntimeShape&, bool*) [with T = signed char; bool (* F)(long int, long int) = GreaterEqualFn<long int>]	64	static
../Middlewares/tensorflow/tensorflow/lite/micro/kernels/comparisons.cc:297:14:TfLiteStatus tflite::{anonymous}::GreaterEqualEval(TfLiteContext*, TfLiteNode*)	128	static
../Middlewares/tensorflow/tensorflow/lite/kernels/internal/reference/comparisons.h:163:13:void tflite::reference_ops::BroadcastComparison4DSlowWithScaling(const tflite::ComparisonParams&, const tflite::RuntimeShape&, const T*, const tflite::RuntimeShape&, const T*, const tflite::RuntimeShape&, bool*) [with T = signed char; bool (* F)(long int, long int) = LessFn<long int>]	168	static
../Middlewares/tensorflow/tensorflow/lite/kernels/internal/reference/comparisons.h:84:13:void tflite::reference_ops::ComparisonWithScaling(const tflite::ComparisonParams&, const tflite::RuntimeShape&, const T*, const tflite::RuntimeShape&, const T*, const tflite::RuntimeShape&, bool*) [with T = signed char; bool (* F)(long int, long int) = LessFn<long int>]	64	static
../Middlewares/tensorflow/tensorflow/lite/micro/kernels/comparisons.cc:375:14:TfLiteStatus tflite::{anonymous}::LessEval(TfLiteContext*, TfLiteNode*)	128	static
../Middlewares/tensorflow/tensorflow/lite/kernels/internal/reference/comparisons.h:163:13:void tflite::reference_ops::BroadcastComparison4DSlowWithScaling(const tflite::ComparisonParams&, const tflite::RuntimeShape&, const T*, const tflite::RuntimeShape&, const T*, const tflite::RuntimeShape&, bool*) [with T = signed char; bool (* F)(long int, long int) = LessEqualFn<long int>]	168	static
../Middlewares/tensorflow/tensorflow/lite/kernels/internal/reference/comparisons.h:84:13:void tflite::reference_ops::ComparisonWithScaling(const tflite::ComparisonParams&, const tflite::RuntimeShape&, const T*, const tflite::RuntimeShape&, const T*, const tflite::RuntimeShape&, bool*) [with T = signed char; bool (* F)(long int, long int) = LessEqualFn<long int>]	64	static
../Middlewares/tensorflow/tensorflow/lite/micro/kernels/comparisons.cc:453:14:TfLiteStatus tflite::{anonymous}::LessEqualEval(TfLiteContext*, TfLiteNode*)	128	static
