../Middlewares/tensorflow/tensorflow/lite/kernels/op_macros.h:24:13:void AbortImpl()	8	static
../Middlewares/tensorflow/tensorflow/lite/micro/kernels/concatenation.cc:122:7:void* tflite::{anonymous}::ConcatenationInit(TfLiteContext*, const char*, size_t)	8	static
../Middlewares/tensorflow/tensorflow/lite/micro/kernels/concatenation.cc:128:14:TfLiteStatus tflite::{anonymous}::ConcatenationPrepare(TfLiteContext*, TfLiteNode*)	80	static
../Middlewares/tensorflow/tensorflow/lite/kernels/internal/runtime_shape.h:67:11:int32_t tflite::RuntimeShape::Dims(int) const	8	static
../Middlewares/tensorflow/tensorflow/lite/kernels/internal/runtime_shape.h:87:8:void tflite::RuntimeShape::ReplaceWith(int, const int32_t*)	8	static
../Middlewares/tensorflow/tensorflow/lite/micro/kernels/concatenation.cc:59:13:void tflite::{anonymous}::GetAllInputTensorShapes(const TfLiteContext*, const TfLiteNode*, tflite::RuntimeShape*)	56	static
../Middlewares/tensorflow/tensorflow/lite/kernels/internal/types.h:265:12:int tflite::MatchingDim(const RuntimeShape&, int, const RuntimeShape&, int)	24	static
../Middlewares/tensorflow/tensorflow/lite/micro/kernels/concatenation.cc:267:18:TFLMRegistration tflite::Register_CONCATENATION()	16	static
../Middlewares/tensorflow/tensorflow/lite/micro/kernels/kernel_util.h:76:4:T* tflite::micro::GetTensorData(TfLiteEvalTensor*) [with T = float]	8	static
../Middlewares/tensorflow/tensorflow/lite/kernels/internal/reference/concatenation.h:30:13:void tflite::reference_ops::Concatenation(const tflite::ConcatenationParams&, const tflite::RuntimeShape* const*, const Scalar* const*, const tflite::RuntimeShape&, Scalar*) [with Scalar = float]	56	static
../Middlewares/tensorflow/tensorflow/lite/micro/kernels/kernel_util.h:76:4:T* tflite::micro::GetTensorData(TfLiteEvalTensor*) [with T = long int]	8	static
../Middlewares/tensorflow/tensorflow/lite/kernels/internal/reference/concatenation.h:30:13:void tflite::reference_ops::Concatenation(const tflite::ConcatenationParams&, const tflite::RuntimeShape* const*, const Scalar* const*, const tflite::RuntimeShape&, Scalar*) [with Scalar = long int]	56	static
../Middlewares/tensorflow/tensorflow/lite/micro/kernels/kernel_util.h:76:4:T* tflite::micro::GetTensorData(TfLiteEvalTensor*) [with T = signed char]	8	static
../Middlewares/tensorflow/tensorflow/lite/kernels/internal/reference/concatenation.h:30:13:void tflite::reference_ops::Concatenation(const tflite::ConcatenationParams&, const tflite::RuntimeShape* const*, const Scalar* const*, const tflite::RuntimeShape&, Scalar*) [with Scalar = signed char]	56	static
../Middlewares/tensorflow/tensorflow/lite/micro/kernels/kernel_util.h:76:4:T* tflite::micro::GetTensorData(TfLiteEvalTensor*) [with T = long long int]	8	static
../Middlewares/tensorflow/tensorflow/lite/kernels/internal/reference/concatenation.h:30:13:void tflite::reference_ops::Concatenation(const tflite::ConcatenationParams&, const tflite::RuntimeShape* const*, const Scalar* const*, const tflite::RuntimeShape&, Scalar*) [with Scalar = long long int]	56	static
../Middlewares/tensorflow/tensorflow/lite/micro/kernels/kernel_util.h:76:4:T* tflite::micro::GetTensorData(TfLiteEvalTensor*) [with T = short int]	8	static
../Middlewares/tensorflow/tensorflow/lite/kernels/internal/reference/concatenation.h:30:13:void tflite::reference_ops::Concatenation(const tflite::ConcatenationParams&, const tflite::RuntimeShape* const*, const Scalar* const*, const tflite::RuntimeShape&, Scalar*) [with Scalar = short int]	56	static
../Middlewares/tensorflow/tensorflow/lite/micro/kernels/kernel_util.h:76:4:T* tflite::micro::GetTensorData(TfLiteEvalTensor*) [with T = bool]	8	static
../Middlewares/tensorflow/tensorflow/lite/kernels/internal/reference/concatenation.h:30:13:void tflite::reference_ops::Concatenation(const tflite::ConcatenationParams&, const tflite::RuntimeShape* const*, const Scalar* const*, const tflite::RuntimeShape&, Scalar*) [with Scalar = bool]	56	static
../Middlewares/tensorflow/tensorflow/lite/micro/kernels/kernel_util.h:83:10:const T* tflite::micro::GetTensorData(const TfLiteEvalTensor*) [with T = float]	8	static
../Middlewares/tensorflow/tensorflow/lite/micro/kernels/concatenation.cc:79:13:void tflite::{anonymous}::GetAllInputTensorData(const TfLiteContext*, const TfLiteNode*, const T**) [with T = float]	24	static
../Middlewares/tensorflow/tensorflow/lite/micro/kernels/concatenation.cc:101:6:void tflite::{anonymous}::EvalUnquantized(TfLiteContext*, TfLiteNode*) [with data_type = float]	424	static
../Middlewares/tensorflow/tensorflow/lite/micro/kernels/kernel_util.h:83:10:const T* tflite::micro::GetTensorData(const TfLiteEvalTensor*) [with T = long int]	8	static
../Middlewares/tensorflow/tensorflow/lite/micro/kernels/concatenation.cc:79:13:void tflite::{anonymous}::GetAllInputTensorData(const TfLiteContext*, const TfLiteNode*, const T**) [with T = long int]	24	static
../Middlewares/tensorflow/tensorflow/lite/micro/kernels/concatenation.cc:101:6:void tflite::{anonymous}::EvalUnquantized(TfLiteContext*, TfLiteNode*) [with data_type = long int]	424	static
../Middlewares/tensorflow/tensorflow/lite/micro/kernels/kernel_util.h:83:10:const T* tflite::micro::GetTensorData(const TfLiteEvalTensor*) [with T = signed char]	8	static
../Middlewares/tensorflow/tensorflow/lite/micro/kernels/concatenation.cc:79:13:void tflite::{anonymous}::GetAllInputTensorData(const TfLiteContext*, const TfLiteNode*, const T**) [with T = signed char]	24	static
../Middlewares/tensorflow/tensorflow/lite/micro/kernels/concatenation.cc:101:6:void tflite::{anonymous}::EvalUnquantized(TfLiteContext*, TfLiteNode*) [with data_type = signed char]	424	static
../Middlewares/tensorflow/tensorflow/lite/micro/kernels/kernel_util.h:83:10:const T* tflite::micro::GetTensorData(const TfLiteEvalTensor*) [with T = long long int]	8	static
../Middlewares/tensorflow/tensorflow/lite/micro/kernels/concatenation.cc:79:13:void tflite::{anonymous}::GetAllInputTensorData(const TfLiteContext*, const TfLiteNode*, const T**) [with T = long long int]	24	static
../Middlewares/tensorflow/tensorflow/lite/micro/kernels/concatenation.cc:101:6:void tflite::{anonymous}::EvalUnquantized(TfLiteContext*, TfLiteNode*) [with data_type = long long int]	424	static
../Middlewares/tensorflow/tensorflow/lite/micro/kernels/kernel_util.h:83:10:const T* tflite::micro::GetTensorData(const TfLiteEvalTensor*) [with T = short int]	8	static
../Middlewares/tensorflow/tensorflow/lite/micro/kernels/concatenation.cc:79:13:void tflite::{anonymous}::GetAllInputTensorData(const TfLiteContext*, const TfLiteNode*, const T**) [with T = short int]	24	static
../Middlewares/tensorflow/tensorflow/lite/micro/kernels/concatenation.cc:101:6:void tflite::{anonymous}::EvalUnquantized(TfLiteContext*, TfLiteNode*) [with data_type = short int]	424	static
../Middlewares/tensorflow/tensorflow/lite/micro/kernels/kernel_util.h:83:10:const T* tflite::micro::GetTensorData(const TfLiteEvalTensor*) [with T = bool]	8	static
../Middlewares/tensorflow/tensorflow/lite/micro/kernels/concatenation.cc:79:13:void tflite::{anonymous}::GetAllInputTensorData(const TfLiteContext*, const TfLiteNode*, const T**) [with T = bool]	24	static
../Middlewares/tensorflow/tensorflow/lite/micro/kernels/concatenation.cc:101:6:void tflite::{anonymous}::EvalUnquantized(TfLiteContext*, TfLiteNode*) [with data_type = bool]	424	static
../Middlewares/tensorflow/tensorflow/lite/micro/kernels/concatenation.cc:230:14:TfLiteStatus tflite::{anonymous}::ConcatenationEval(TfLiteContext*, TfLiteNode*)	24	static
