../Middlewares/tensorflow/tensorflow/lite/micro/kernels/detection_postprocess.cc:382:5:int tflite::{anonymous}::SelectDetectionsAboveScoreThreshold(const float*, int, float, float*, int*)	8	static
../Middlewares/tensorflow/tensorflow/lite/micro/kernels/detection_postprocess.cc:396:6:bool tflite::{anonymous}::ValidateBoxes(const float*, int)	0	static
../Middlewares/tensorflow/tensorflow/lite/micro/kernels/detection_postprocess.cc:407:7:float tflite::{anonymous}::ComputeIntersectionOverUnion(const float*, int, int)	16	static
../Middlewares/tensorflow/tensorflow/lite/micro/kernels/detection_postprocess.cc:339:6:void tflite::{anonymous}::TopDownMerge(int*, int*, int, int, Compare) [with Compare = DecreasingArgSort(const float*, int, int*, int*)::<lambda(int, int)>]	24	static
../Middlewares/tensorflow/tensorflow/lite/micro/kernels/detection_postprocess.cc:153:14:TfLiteStatus tflite::{anonymous}::DetectionPostProcessPrepare(TfLiteContext*, TfLiteNode*)	64	static
../Middlewares/tensorflow/third_party/flatbuffers/include/flatbuffers/flexbuffers.h:850:18:flexbuffers::Reference flexbuffers::Vector::operator[](size_t) const	4	static
../Middlewares/tensorflow/tensorflow/lite/kernels/op_macros.h:24:13:void AbortImpl()	8	static
../Middlewares/tensorflow/tensorflow/lite/micro/kernels/detection_postprocess.cc:805:19:TFLMRegistration* tflite::Register_DETECTION_POSTPROCESS()	16	static
../Middlewares/tensorflow/third_party/flatbuffers/include/flatbuffers/util.h:289:13:bool flatbuffers::StringToIntegerImpl(T*, const char*, int, bool) [with T = long long int]	32	static
../Middlewares/tensorflow/third_party/flatbuffers/include/flatbuffers/util.h:394:16:int64_t flatbuffers::StringToInt(const char*, int)	16	static
../Middlewares/tensorflow/third_party/flatbuffers/include/flatbuffers/util.h:289:13:bool flatbuffers::StringToIntegerImpl(T*, const char*, int, bool) [with T = long long unsigned int]	32	static
../Middlewares/tensorflow/third_party/flatbuffers/include/flatbuffers/util.h:399:17:uint64_t flatbuffers::StringToUInt(const char*, int)	16	static
../Middlewares/tensorflow/third_party/flatbuffers/include/flatbuffers/base.h:425:24:T flatbuffers::EndianScalar(T) [with T = long unsigned int]	0	static
../Middlewares/tensorflow/third_party/flatbuffers/include/flatbuffers/base.h:436:3:T flatbuffers::ReadScalar(const void*) [with T = long unsigned int]	8	static
../Middlewares/tensorflow/tensorflow/lite/micro/kernels/kernel_util.h:83:10:const T* tflite::micro::GetTensorData(const TfLiteEvalTensor*) [with T = float]	8	static
../Middlewares/tensorflow/tensorflow/lite/micro/kernels/detection_postprocess.cc:246:3:T tflite::{anonymous}::ReInterpretTensor(const TfLiteEvalTensor*) [with T = const CenterSizeEncoding*]	8	static
../Middlewares/tensorflow/tensorflow/lite/micro/kernels/detection_postprocess.cc:257:14:TfLiteStatus tflite::{anonymous}::DecodeCenterSizeBoxes(TfLiteContext*, TfLiteNode*, OpData*)	136	static
G:\ST\STM32CubeIDE_1.19.0\STM32CubeIDE\plugins\com.st.stm32cube.ide.mcu.externaltools.gnu-tools-for-stm32.13.3.rel1.win32_1.0.0.202411081344\tools\bin/../lib/gcc/arm-none-eabi/13.3.1/../../../../arm-none-eabi/include/c++/13.3.1/bits/stl_numeric.h:88:5:void std::iota(_ForwardIterator, _ForwardIterator, _Tp) [with _ForwardIterator = int*; _Tp = int]	0	static
../Middlewares/tensorflow/tensorflow/lite/micro/kernels/kernel_util.h:76:4:T* tflite::micro::GetTensorData(TfLiteEvalTensor*) [with T = float]	8	static
../Middlewares/tensorflow/tensorflow/lite/micro/kernels/detection_postprocess.cc:252:3:T tflite::{anonymous}::ReInterpretTensor(TfLiteEvalTensor*) [with T = BoxCornerEncoding*]	8	static
../Middlewares/tensorflow/third_party/flatbuffers/include/flatbuffers/base.h:425:24:T flatbuffers::EndianScalar(T) [with T = long long int]	0	static
../Middlewares/tensorflow/third_party/flatbuffers/include/flatbuffers/base.h:436:3:T flatbuffers::ReadScalar(const void*) [with T = long long int]	8	static
../Middlewares/tensorflow/third_party/flatbuffers/include/flatbuffers/base.h:425:24:T flatbuffers::EndianScalar(T) [with T = long long unsigned int]	0	static
../Middlewares/tensorflow/third_party/flatbuffers/include/flatbuffers/base.h:436:3:T flatbuffers::ReadScalar(const void*) [with T = long long unsigned int]	8	static
../Middlewares/tensorflow/third_party/flatbuffers/include/flatbuffers/flexbuffers.h:184:37:const uint8_t* flexbuffers::Indirect(const uint8_t*) [with T = long unsigned int]	8	static
../Middlewares/tensorflow/third_party/flatbuffers/include/flatbuffers/flexbuffers.h:871:26:int flexbuffers::KeyCompare(const void*, const void*) [with T = long unsigned int]	8	static
../Middlewares/tensorflow/third_party/flatbuffers/include/flatbuffers/flexbuffers.h:184:37:const uint8_t* flexbuffers::Indirect(const uint8_t*) [with T = long long unsigned int]	8	static
../Middlewares/tensorflow/third_party/flatbuffers/include/flatbuffers/flexbuffers.h:871:26:int flexbuffers::KeyCompare(const void*, const void*) [with T = long long unsigned int]	8	static
../Middlewares/tensorflow/third_party/flatbuffers/include/flatbuffers/base.h:425:24:T flatbuffers::EndianScalar(T) [with T = unsigned char]	0	static
../Middlewares/tensorflow/third_party/flatbuffers/include/flatbuffers/base.h:436:3:T flatbuffers::ReadScalar(const void*) [with T = unsigned char]	8	static
../Middlewares/tensorflow/third_party/flatbuffers/include/flatbuffers/flexbuffers.h:184:37:const uint8_t* flexbuffers::Indirect(const uint8_t*) [with T = unsigned char]	8	static
../Middlewares/tensorflow/third_party/flatbuffers/include/flatbuffers/flexbuffers.h:871:26:int flexbuffers::KeyCompare(const void*, const void*) [with T = unsigned char]	8	static
../Middlewares/tensorflow/third_party/flatbuffers/include/flatbuffers/base.h:425:24:T flatbuffers::EndianScalar(T) [with T = double]	0	static
../Middlewares/tensorflow/third_party/flatbuffers/include/flatbuffers/base.h:436:3:T flatbuffers::ReadScalar(const void*) [with T = double]	8	static
../Middlewares/tensorflow/third_party/flatbuffers/include/flatbuffers/base.h:425:24:T flatbuffers::EndianScalar(T) [with T = float]	0	static
../Middlewares/tensorflow/third_party/flatbuffers/include/flatbuffers/base.h:436:3:T flatbuffers::ReadScalar(const void*) [with T = float]	8	static
../Middlewares/tensorflow/third_party/flatbuffers/include/flatbuffers/base.h:425:24:T flatbuffers::EndianScalar(T) [with T = long int]	0	static
../Middlewares/tensorflow/third_party/flatbuffers/include/flatbuffers/base.h:436:3:T flatbuffers::ReadScalar(const void*) [with T = long int]	8	static
../Middlewares/tensorflow/third_party/flatbuffers/include/flatbuffers/base.h:425:24:T flatbuffers::EndianScalar(T) [with T = short unsigned int]	0	static
../Middlewares/tensorflow/third_party/flatbuffers/include/flatbuffers/base.h:436:3:T flatbuffers::ReadScalar(const void*) [with T = short unsigned int]	8	static
../Middlewares/tensorflow/third_party/flatbuffers/include/flatbuffers/flexbuffers.h:139:3:R flexbuffers::ReadSizedScalar(const uint8_t*, uint8_t) [with R = long long unsigned int; T1 = unsigned char; T2 = short unsigned int; T4 = long unsigned int; T8 = long long unsigned int]	8	static
../Middlewares/tensorflow/third_party/flatbuffers/include/flatbuffers/flexbuffers.h:765:18:const uint8_t* flexbuffers::Reference::Indirect() const	8	static
../Middlewares/tensorflow/third_party/flatbuffers/include/flatbuffers/flexbuffers.h:233:10:size_t flexbuffers::Sized::read_size() const	8	static
../Middlewares/tensorflow/third_party/flatbuffers/include/flatbuffers/flexbuffers.h:641:10:flexbuffers::Vector flexbuffers::Reference::AsVector() const	16	static
../Middlewares/tensorflow/third_party/flatbuffers/include/flatbuffers/flexbuffers.h:678:7:flexbuffers::Map flexbuffers::Reference::AsMap() const	16	static
../Middlewares/tensorflow/third_party/flatbuffers/include/flatbuffers/flexbuffers.h:538:10:flexbuffers::String flexbuffers::Reference::AsString() const	16	static
../Middlewares/tensorflow/third_party/flatbuffers/include/flatbuffers/flexbuffers.h:344:15:flexbuffers::TypedVector flexbuffers::Map::Keys() const	24	static
../Middlewares/tensorflow/third_party/flatbuffers/include/flatbuffers/flexbuffers.h:878:18:flexbuffers::Reference flexbuffers::Map::operator[](const char*) const	48	static
../Middlewares/tensorflow/third_party/flatbuffers/include/flatbuffers/flexbuffers.h:184:37:const uint8_t* flexbuffers::Indirect(const uint8_t*) [with T = short unsigned int]	8	static
../Middlewares/tensorflow/third_party/flatbuffers/include/flatbuffers/flexbuffers.h:871:26:int flexbuffers::KeyCompare(const void*, const void*) [with T = short unsigned int]	8	static
../Middlewares/tensorflow/third_party/flatbuffers/include/flatbuffers/base.h:425:24:T flatbuffers::EndianScalar(T) [with T = signed char]	0	static
../Middlewares/tensorflow/third_party/flatbuffers/include/flatbuffers/base.h:436:3:T flatbuffers::ReadScalar(const void*) [with T = signed char]	8	static
../Middlewares/tensorflow/third_party/flatbuffers/include/flatbuffers/base.h:425:24:T flatbuffers::EndianScalar(T) [with T = short int]	0	static
../Middlewares/tensorflow/third_party/flatbuffers/include/flatbuffers/base.h:436:3:T flatbuffers::ReadScalar(const void*) [with T = short int]	8	static
../Middlewares/tensorflow/third_party/flatbuffers/include/flatbuffers/flexbuffers.h:139:3:R flexbuffers::ReadSizedScalar(const uint8_t*, uint8_t) [with R = long long int; T1 = signed char; T2 = short int; T4 = long int; T8 = long long int]	8	static
../Middlewares/tensorflow/third_party/flatbuffers/include/flatbuffers/flexbuffers.h:139:3:R flexbuffers::ReadSizedScalar(const uint8_t*, uint8_t) [with R = double; T1 = signed char; T2 = short int; T4 = float; T8 = double]	8	static
../Middlewares/tensorflow/third_party/flatbuffers/include/flatbuffers/flexbuffers.h:454:12:uint64_t flexbuffers::Reference::AsUInt64() const	32	static
../Middlewares/tensorflow/third_party/flatbuffers/include/flatbuffers/flexbuffers.h:417:8:bool flexbuffers::Reference::AsBool() const	8	static
../Middlewares/tensorflow/third_party/flatbuffers/include/flatbuffers/flexbuffers.h:425:11:int64_t flexbuffers::Reference::AsInt64() const	32	static
../Middlewares/tensorflow/third_party/flatbuffers/include/flatbuffers/flexbuffers.h:481:10:double flexbuffers::Reference::AsDouble() const	24	static
../Middlewares/tensorflow/tensorflow/lite/micro/kernels/detection_postprocess.cc:120:7:void* tflite::{anonymous}::DetectionPostProcessInit(TfLiteContext*, const char*, size_t)	144	static
G:\ST\STM32CubeIDE_1.19.0\STM32CubeIDE\plugins\com.st.stm32cube.ide.mcu.externaltools.gnu-tools-for-stm32.13.3.rel1.win32_1.0.0.202411081344\tools\bin/../lib/gcc/arm-none-eabi/13.3.1/../../../../arm-none-eabi/include/c++/13.3.1/tuple:1899:7:static constexpr bool std::__tuple_compare<_Tp, _Up, __i, __size>::__less(const _Tp&, const _Up&) [with _Tp = std::tuple<const float&, const int&>; _Up = std::tuple<const float&, const int&>; unsigned int __i = 0; unsigned int __size = 2]	0	static
../Middlewares/tensorflow/tensorflow/lite/micro/kernels/detection_postprocess.cc:326:21:tflite::{anonymous}::DecreasingPartialArgSort(const float*, int, int, int*)::<lambda(int, int)>	32	static
G:\ST\STM32CubeIDE_1.19.0\STM32CubeIDE\plugins\com.st.stm32cube.ide.mcu.externaltools.gnu-tools-for-stm32.13.3.rel1.win32_1.0.0.202411081344\tools\bin/../lib/gcc/arm-none-eabi/13.3.1/../../../../arm-none-eabi/include/c++/13.3.1/bits/stl_heap.h:135:5:void std::__push_heap(_RandomAccessIterator, _Distance, _Distance, _Tp, _Compare&) [with _RandomAccessIterator = int*; _Distance = int; _Tp = int; _Compare = __gnu_cxx::__ops::_Iter_comp_val<tflite::{anonymous}::DecreasingPartialArgSort(const float*, int, int, int*)::<lambda(int, int)> >]	32	static
G:\ST\STM32CubeIDE_1.19.0\STM32CubeIDE\plugins\com.st.stm32cube.ide.mcu.externaltools.gnu-tools-for-stm32.13.3.rel1.win32_1.0.0.202411081344\tools\bin/../lib/gcc/arm-none-eabi/13.3.1/../../../../arm-none-eabi/include/c++/13.3.1/bits/stl_heap.h:224:5:void std::__adjust_heap(_RandomAccessIterator, _Distance, _Distance, _Tp, _Compare) [with _RandomAccessIterator = int*; _Distance = int; _Tp = int; _Compare = __gnu_cxx::__ops::_Iter_comp_iter<tflite::{anonymous}::DecreasingPartialArgSort(const float*, int, int, int*)::<lambda(int, int)> >]	48	static
G:\ST\STM32CubeIDE_1.19.0\STM32CubeIDE\plugins\com.st.stm32cube.ide.mcu.externaltools.gnu-tools-for-stm32.13.3.rel1.win32_1.0.0.202411081344\tools\bin/../lib/gcc/arm-none-eabi/13.3.1/../../../../arm-none-eabi/include/c++/13.3.1/bits/stl_heap.h:340:5:void std::__make_heap(_RandomAccessIterator, _RandomAccessIterator, _Compare&) [with _RandomAccessIterator = int*; _Compare = __gnu_cxx::__ops::_Iter_comp_iter<tflite::{anonymous}::DecreasingPartialArgSort(const float*, int, int, int*)::<lambda(int, int)> >]	32	static
G:\ST\STM32CubeIDE_1.19.0\STM32CubeIDE\plugins\com.st.stm32cube.ide.mcu.externaltools.gnu-tools-for-stm32.13.3.rel1.win32_1.0.0.202411081344\tools\bin/../lib/gcc/arm-none-eabi/13.3.1/../../../../arm-none-eabi/include/c++/13.3.1/bits/stl_heap.h:254:5:void std::__pop_heap(_RandomAccessIterator, _RandomAccessIterator, _RandomAccessIterator, _Compare&) [with _RandomAccessIterator = int*; _Compare = __gnu_cxx::__ops::_Iter_comp_iter<tflite::{anonymous}::DecreasingPartialArgSort(const float*, int, int, int*)::<lambda(int, int)> >]	16	static
G:\ST\STM32CubeIDE_1.19.0\STM32CubeIDE\plugins\com.st.stm32cube.ide.mcu.externaltools.gnu-tools-for-stm32.13.3.rel1.win32_1.0.0.202411081344\tools\bin/../lib/gcc/arm-none-eabi/13.3.1/../../../../arm-none-eabi/include/c++/13.3.1/bits/stl_heap.h:419:5:void std::__sort_heap(_RandomAccessIterator, _RandomAccessIterator, _Compare&) [with _RandomAccessIterator = int*; _Compare = __gnu_cxx::__ops::_Iter_comp_iter<tflite::{anonymous}::DecreasingPartialArgSort(const float*, int, int, int*)::<lambda(int, int)> >]	16	static
G:\ST\STM32CubeIDE_1.19.0\STM32CubeIDE\plugins\com.st.stm32cube.ide.mcu.externaltools.gnu-tools-for-stm32.13.3.rel1.win32_1.0.0.202411081344\tools\bin/../lib/gcc/arm-none-eabi/13.3.1/../../../../arm-none-eabi/include/c++/13.3.1/bits/stl_algo.h:1631:5:void std::__heap_select(_RandomAccessIterator, _RandomAccessIterator, _RandomAccessIterator, _Compare) [with _RandomAccessIterator = int*; _Compare = __gnu_cxx::__ops::_Iter_comp_iter<tflite::{anonymous}::DecreasingPartialArgSort(const float*, int, int, int*)::<lambda(int, int)> >]	32	static
G:\ST\STM32CubeIDE_1.19.0\STM32CubeIDE\plugins\com.st.stm32cube.ide.mcu.externaltools.gnu-tools-for-stm32.13.3.rel1.win32_1.0.0.202411081344\tools\bin/../lib/gcc/arm-none-eabi/13.3.1/../../../../arm-none-eabi/include/c++/13.3.1/bits/stl_algo.h:1905:5:void std::__partial_sort(_RandomAccessIterator, _RandomAccessIterator, _RandomAccessIterator, _Compare) [with _RandomAccessIterator = int*; _Compare = __gnu_cxx::__ops::_Iter_comp_iter<tflite::{anonymous}::DecreasingPartialArgSort(const float*, int, int, int*)::<lambda(int, int)> >]	24	static
G:\ST\STM32CubeIDE_1.19.0\STM32CubeIDE\plugins\com.st.stm32cube.ide.mcu.externaltools.gnu-tools-for-stm32.13.3.rel1.win32_1.0.0.202411081344\tools\bin/../lib/gcc/arm-none-eabi/13.3.1/../../../../arm-none-eabi/include/c++/13.3.1/bits/stl_algo.h:4736:5:void std::partial_sort(_RAIter, _RAIter, _RAIter, _Compare) [with _RAIter = int*; _Compare = tflite::{anonymous}::DecreasingPartialArgSort(const float*, int, int, int*)::<lambda(int, int)>]	8	static
../Middlewares/tensorflow/tensorflow/lite/micro/kernels/detection_postprocess.cc:322:6:void tflite::{anonymous}::DecreasingPartialArgSort(const float*, int, int, int*)	24	static
G:\ST\STM32CubeIDE_1.19.0\STM32CubeIDE\plugins\com.st.stm32cube.ide.mcu.externaltools.gnu-tools-for-stm32.13.3.rel1.win32_1.0.0.202411081344\tools\bin/../lib/gcc/arm-none-eabi/13.3.1/../../../../arm-none-eabi/include/c++/13.3.1/bits/stl_algobase.h:204:5:_ForwardIterator2 std::swap_ranges(_ForwardIterator1, _ForwardIterator1, _ForwardIterator2) [with _ForwardIterator1 = int*; _ForwardIterator2 = int*]	4	static
G:\ST\STM32CubeIDE_1.19.0\STM32CubeIDE\plugins\com.st.stm32cube.ide.mcu.externaltools.gnu-tools-for-stm32.13.3.rel1.win32_1.0.0.202411081344\tools\arm-none-eabi\include\c++\13.3.1\bits\stl_iterator_base_funcs.h:184:5:constexpr void std::__advance(_RandomAccessIterator&, _Distance, random_access_iterator_tag) [with _RandomAccessIterator = int*; _Distance = int]	0	static
G:\ST\STM32CubeIDE_1.19.0\STM32CubeIDE\plugins\com.st.stm32cube.ide.mcu.externaltools.gnu-tools-for-stm32.13.3.rel1.win32_1.0.0.202411081344\tools\bin/../lib/gcc/arm-none-eabi/13.3.1/../../../../arm-none-eabi/include/c++/13.3.1/bits/stl_algo.h:2022:5:_ForwardIterator std::__upper_bound(_ForwardIterator, _ForwardIterator, const _Tp&, _Compare) [with _ForwardIterator = int*; _Tp = int; _Compare = __gnu_cxx::__ops::_Val_comp_iter<tflite::{anonymous}::DecreasingArgSort(const float*, int, int*, int*)::<lambda(int, int)> >]	32	static
G:\ST\STM32CubeIDE_1.19.0\STM32CubeIDE\plugins\com.st.stm32cube.ide.mcu.externaltools.gnu-tools-for-stm32.13.3.rel1.win32_1.0.0.202411081344\tools\bin/../lib/gcc/arm-none-eabi/13.3.1/../../../../arm-none-eabi/include/c++/13.3.1/bits/stl_algo.h:2092:5:_FIter std::upper_bound(_FIter, _FIter, const _Tp&, _Compare) [with _FIter = int*; _Tp = int; _Compare = tflite::{anonymous}::DecreasingArgSort(const float*, int, int*, int*)::<lambda(int, int)>]	8	static
G:\ST\STM32CubeIDE_1.19.0\STM32CubeIDE\plugins\com.st.stm32cube.ide.mcu.externaltools.gnu-tools-for-stm32.13.3.rel1.win32_1.0.0.202411081344\tools\bin/../lib/gcc/arm-none-eabi/13.3.1/../../../../arm-none-eabi/include/c++/13.3.1/bits/stl_algobase.h:433:2:static _Up* std::__copy_move<_IsMove, true, std::random_access_iterator_tag>::__copy_m(_Tp*, _Tp*, _Up*) [with _Tp = int; _Up = int; bool _IsMove = true]	16	static
G:\ST\STM32CubeIDE_1.19.0\STM32CubeIDE\plugins\com.st.stm32cube.ide.mcu.externaltools.gnu-tools-for-stm32.13.3.rel1.win32_1.0.0.202411081344\tools\bin/../lib/gcc/arm-none-eabi/13.3.1/../../../../arm-none-eabi/include/c++/13.3.1/bits/stl_algobase.h:744:2:static _Up* std::__copy_move_backward<_IsMove, true, std::random_access_iterator_tag>::__copy_move_b(_Tp*, _Tp*, _Up*) [with _Tp = int; _Up = int; bool _IsMove = true]	16	static
G:\ST\STM32CubeIDE_1.19.0\STM32CubeIDE\plugins\com.st.stm32cube.ide.mcu.externaltools.gnu-tools-for-stm32.13.3.rel1.win32_1.0.0.202411081344\tools\bin/../lib/gcc/arm-none-eabi/13.3.1/../../../../arm-none-eabi/include/c++/13.3.1/bits/stl_algo.h:1283:5:_RandomAccessIterator std::_V2::__rotate(_RandomAccessIterator, _RandomAccessIterator, _RandomAccessIterator, std::random_access_iterator_tag) [with _RandomAccessIterator = int*]	24	static
../Middlewares/tensorflow/tensorflow/lite/micro/kernels/detection_postprocess.cc:332:6:void tflite::{anonymous}::InsertionSort(int*, int*, Compare) [with Compare = DecreasingArgSort(const float*, int, int*, int*)::<lambda(int, int)>]	24	static
../Middlewares/tensorflow/tensorflow/lite/micro/kernels/detection_postprocess.cc:356:6:void tflite::{anonymous}::MergeSort(int*, int*, int, Compare) [with Compare = DecreasingArgSort(const float*, int, int*, int*)::<lambda(int, int)>]	32	static
../Middlewares/tensorflow/tensorflow/lite/micro/kernels/detection_postprocess.cc:373:6:void tflite::{anonymous}::DecreasingArgSort(const float*, int, int*, int*)	24	static
../Middlewares/tensorflow/tensorflow/lite/micro/kernels/detection_postprocess.cc:430:14:TfLiteStatus tflite::{anonymous}::NonMaxSuppressionSingleClassHelper(TfLiteContext*, TfLiteNode*, OpData*, const float*, int*, int*, int)	80	static
../Middlewares/tensorflow/tensorflow/lite/micro/kernels/detection_postprocess.cc:519:14:TfLiteStatus tflite::{anonymous}::NonMaxSuppressionMultiClassRegularHelper(TfLiteContext*, TfLiteNode*, OpData*, const float*)	136	static
../Middlewares/tensorflow/tensorflow/lite/micro/kernels/detection_postprocess.cc:652:14:TfLiteStatus tflite::{anonymous}::NonMaxSuppressionMultiClassFastHelper(TfLiteContext*, TfLiteNode*, OpData*, const float*)	136	static
../Middlewares/tensorflow/tensorflow/lite/micro/kernels/detection_postprocess.cc:739:14:TfLiteStatus tflite::{anonymous}::NonMaxSuppressionMultiClass(TfLiteContext*, TfLiteNode*, OpData*)	40	static
../Middlewares/tensorflow/tensorflow/lite/micro/kernels/detection_postprocess.cc:779:14:TfLiteStatus tflite::{anonymous}::DetectionPostProcessEval(TfLiteContext*, TfLiteNode*)	16	static
