../Middlewares/tensorflow/tensorflow/lite/micro/kernels/div.cc:46:14:TfLiteStatus tflite::{anonymous}::CalculateOpDataDiv(TfLiteContext*, TfLiteTensor*, TfLiteTensor*, TfLiteTensor*, TfLiteDivParams*, OpDataDiv*)	40	static
../Middlewares/tensorflow/tensorflow/lite/kernels/op_macros.h:24:13:void AbortImpl()	8	static
../Middlewares/tensorflow/tensorflow/lite/micro/kernels/div.cc:68:7:void* tflite::{anonymous}::DivInit(TfLiteContext*, const char*, size_t)	8	static
../Middlewares/tensorflow/tensorflow/lite/micro/kernels/div.cc:73:14:TfLiteStatus tflite::{anonymous}::DivPrepare(TfLiteContext*, TfLiteNode*)	48	static
../Middlewares/tensorflow/tensorflow/lite/kernels/internal/runtime_shape.h:58:8:bool tflite::RuntimeShape::operator==(const tflite::RuntimeShape&) const	8	static
../Middlewares/tensorflow/tensorflow/lite/kernels/internal/runtime_shape.h:67:11:int32_t tflite::RuntimeShape::Dims(int) const	8	static
../Middlewares/tensorflow/tensorflow/lite/kernels/internal/runtime_shape.h:72:8:void tflite::RuntimeShape::SetDim(int, int32_t)	8	static
../Middlewares/tensorflow/tensorflow/lite/kernels/internal/runtime_shape.h:45:3:tflite::RuntimeShape::RuntimeShape(int, int32_t)	24	static
../Middlewares/tensorflow/tensorflow/lite/kernels/internal/runtime_shape.h:109:3:tflite::RuntimeShape::RuntimeShape(int, const tflite::RuntimeShape&, int)	24	static
../Middlewares/tensorflow/tensorflow/lite/kernels/internal/types.h:301:12:int tflite::MatchingElementsSize(const RuntimeShape&, const RuntimeShape&, const RuntimeShape&)	8	static
../Middlewares/tensorflow/tensorflow/lite/kernels/internal/common.h:1011:12:int tflite::SubscriptToIndex(const NdArrayDesc<5>&, int*)	4	static
../Middlewares/tensorflow/tensorflow/lite/kernels/internal/reference/process_broadcast_shapes.h:40:13:bool tflite::reference_ops::ProcessBroadcastShapes(const tflite::RuntimeShape&, const tflite::RuntimeShape&, tflite::ArithmeticParams*)	120	static
../Middlewares/tensorflow/tensorflow/lite/micro/kernels/div.cc:215:18:TFLMRegistration tflite::Register_DIV()	16	static
../Middlewares/tensorflow/tensorflow/lite/kernels/internal/common.h:368:5:int tflite::CountLeadingZeros(T) [with T = long unsigned int]	0	static
../Middlewares/tensorflow/tensorflow/lite/micro/kernels/kernel_util.h:83:10:const T* tflite::micro::GetTensorData(const TfLiteEvalTensor*) [with T = signed char]	8	static
../Middlewares/tensorflow/tensorflow/lite/micro/kernels/kernel_util.h:76:4:T* tflite::micro::GetTensorData(TfLiteEvalTensor*) [with T = signed char]	8	static
../Middlewares/tensorflow/third_party/gemmlowp/fixedpoint/fixedpoint.h:64:10:tRawType gemmlowp::Dup(typename FixedPointRawTypeTraits<tRawType>::ScalarRawType) [with tRawType = long int]	0	static
../Middlewares/tensorflow/third_party/gemmlowp/fixedpoint/fixedpoint.h:70:14:tIntegerType gemmlowp::BitAnd(tIntegerType, tIntegerType) [with tIntegerType = long int]	0	static
../Middlewares/tensorflow/third_party/gemmlowp/fixedpoint/fixedpoint.h:140:14:tIntegerType gemmlowp::ShiftRight(tIntegerType, int) [with tIntegerType = long int]	0	static
../Middlewares/tensorflow/third_party/gemmlowp/fixedpoint/fixedpoint.h:94:14:tIntegerType gemmlowp::Add(tIntegerType, tIntegerType) [with tIntegerType = long int]	0	static
../Middlewares/tensorflow/third_party/gemmlowp/fixedpoint/fixedpoint.h:508:21:static gemmlowp::FixedPoint<tRawType, tIntegerBits> gemmlowp::FixedPoint<tRawType, tIntegerBits>::One() [with tRawType = long int; int tIntegerBits = 0]	8	static
../Middlewares/tensorflow/third_party/gemmlowp/fixedpoint/fixedpoint.h:590:1:gemmlowp::FixedPoint<tRawType, tIntegerBits_a> gemmlowp::RoundingHalfSum(FixedPoint<tRawType, tIntegerBits_a>, FixedPoint<tRawType, tIntegerBits_a>) [with tRawType = long int; int tIntegerBits = 0]	0	static
../Middlewares/tensorflow/third_party/gemmlowp/fixedpoint/fixedpoint.h:539:55:gemmlowp::FixedPoint<tRawType, (tIntegerBits_a + tIntegerBits_b)> gemmlowp::operator*(FixedPoint<tRawType, tIntegerBits_a>, FixedPoint<tRawType, tIntegerBits_b>) [with tRawType = long int; int tIntegerBits_a = 0; int tIntegerBits_b = 2]	0	static
../Middlewares/tensorflow/third_party/gemmlowp/fixedpoint/fixedpoint.h:585:1:gemmlowp::FixedPoint<tRawType, tIntegerBits_a> gemmlowp::operator+(FixedPoint<tRawType, tIntegerBits_a>, FixedPoint<tRawType, tIntegerBits_a>) [with tRawType = long int; int tIntegerBits = 2]	8	static
../Middlewares/tensorflow/third_party/gemmlowp/fixedpoint/fixedpoint.h:508:21:static gemmlowp::FixedPoint<tRawType, tIntegerBits> gemmlowp::FixedPoint<tRawType, tIntegerBits>::One() [with tRawType = long int; int tIntegerBits = 2]	8	static
../Middlewares/tensorflow/third_party/gemmlowp/fixedpoint/fixedpoint.h:539:55:gemmlowp::FixedPoint<tRawType, (tIntegerBits_a + tIntegerBits_b)> gemmlowp::operator*(FixedPoint<tRawType, tIntegerBits_a>, FixedPoint<tRawType, tIntegerBits_b>) [with tRawType = long int; int tIntegerBits_a = 2; int tIntegerBits_b = 2]	0	static
../Middlewares/tensorflow/third_party/gemmlowp/fixedpoint/fixedpoint.h:549:48:gemmlowp::FixedPoint<tRawType, (tExponent + tIntegerBits)> gemmlowp::ExactMulByPot(FixedPoint<tRawType, tIntegerBits>) [with int tExponent = -1; tRawType = long int; int tIntegerBits = 2]	0	static
../Middlewares/tensorflow/third_party/gemmlowp/fixedpoint/fixedpoint.h:105:14:tIntegerType gemmlowp::Sub(tIntegerType, tIntegerType) [with tIntegerType = long int]	0	static
../Middlewares/tensorflow/third_party/gemmlowp/fixedpoint/fixedpoint.h:586:1:gemmlowp::FixedPoint<tRawType, tIntegerBits_a> gemmlowp::operator-(FixedPoint<tRawType, tIntegerBits_a>, FixedPoint<tRawType, tIntegerBits_a>) [with tRawType = long int; int tIntegerBits = 2]	8	static
../Middlewares/tensorflow/tensorflow/lite/kernels/internal/reference/div.h:27:13:void tflite::reference_ops::DivCheckArithmeticParams(const tflite::ArithmeticParams&) [with T = signed char]	8	static
../Middlewares/tensorflow/tensorflow/lite/kernels/kernel_util.h:285:6:void tflite::CalculateActivationRange(TfLiteFusedActivation, T*, T*) [with T = float]	0	static
../Middlewares/tensorflow/tensorflow/lite/micro/kernels/kernel_util.h:83:10:const T* tflite::micro::GetTensorData(const TfLiteEvalTensor*) [with T = float]	8	static
../Middlewares/tensorflow/tensorflow/lite/micro/kernels/kernel_util.h:76:4:T* tflite::micro::GetTensorData(TfLiteEvalTensor*) [with T = float]	8	static
../Middlewares/tensorflow/tensorflow/lite/kernels/internal/reference/div.h:216:19:tflite::reference_ops::BroadcastDivSlow<float>(const tflite::ArithmeticParams&, const tflite::RuntimeShape&, const float*, const tflite::RuntimeShape&, const float*, const tflite::RuntimeShape&, float*)::<lambda(int*)>	48	static
../Middlewares/tensorflow/tensorflow/lite/kernels/internal/reference/div.h:227:13:void tflite::reference_ops::Div(const tflite::ArithmeticParams&, const tflite::RuntimeShape&, const T*, const tflite::RuntimeShape&, const T*, const tflite::RuntimeShape&, T*) [with T = float]	40	static
../Middlewares/tensorflow/tensorflow/lite/kernels/kernel_util.h:285:6:void tflite::CalculateActivationRange(TfLiteFusedActivation, T*, T*) [with T = long int]	0	static
../Middlewares/tensorflow/tensorflow/lite/micro/kernels/kernel_util.h:83:10:const T* tflite::micro::GetTensorData(const TfLiteEvalTensor*) [with T = long int]	8	static
../Middlewares/tensorflow/tensorflow/lite/micro/kernels/kernel_util.h:76:4:T* tflite::micro::GetTensorData(TfLiteEvalTensor*) [with T = long int]	8	static
../Middlewares/tensorflow/tensorflow/lite/kernels/internal/reference/div.h:216:19:tflite::reference_ops::BroadcastDivSlow<long int>(const tflite::ArithmeticParams&, const tflite::RuntimeShape&, const long int*, const tflite::RuntimeShape&, const long int*, const tflite::RuntimeShape&, long int*)::<lambda(int*)>	48	static
../Middlewares/tensorflow/tensorflow/lite/kernels/internal/reference/div.h:227:13:void tflite::reference_ops::Div(const tflite::ArithmeticParams&, const tflite::RuntimeShape&, const T*, const tflite::RuntimeShape&, const T*, const tflite::RuntimeShape&, T*) [with T = long int]	40	static
../Middlewares/tensorflow/tensorflow/lite/kernels/internal/common.h:1083:22:void tflite::CopyDimsToDesc(const RuntimeShape&, NdArrayDesc<N>*) [with int N = 5]	24	static
../Middlewares/tensorflow/tensorflow/lite/kernels/internal/common.h:1094:13:void tflite::NdArrayDescsForElementwiseBroadcast(const RuntimeShape&, const RuntimeShape&, NdArrayDesc<N>*, NdArrayDesc<N>*) [with int N = 5]	80	static
../Middlewares/tensorflow/third_party/gemmlowp/fixedpoint/fixedpoint.h:88:14:tIntegerType gemmlowp::BitNot(tIntegerType) [with tIntegerType = long int]	0	static
../Middlewares/tensorflow/third_party/gemmlowp/fixedpoint/fixedpoint.h:156:14:tIntegerType gemmlowp::MaskIfNonZero(tIntegerType) [with tIntegerType = long int]	8	static
../Middlewares/tensorflow/third_party/gemmlowp/fixedpoint/fixedpoint.h:199:14:tIntegerType gemmlowp::MaskIfLessThan(tIntegerType, tIntegerType) [with tIntegerType = long int]	8	static
../Middlewares/tensorflow/third_party/gemmlowp/fixedpoint/fixedpoint.h:185:14:tIntegerType gemmlowp::MaskIfGreaterThan(tIntegerType, tIntegerType) [with tIntegerType = long int]	8	static
../Middlewares/tensorflow/third_party/gemmlowp/fixedpoint/fixedpoint.h:357:20:IntegerType gemmlowp::RoundingDivideByPOT(IntegerType, int) [with IntegerType = long int]	32	static
../Middlewares/tensorflow/tensorflow/lite/kernels/internal/common.h:315:16:int32_t tflite::MultiplyByQuantizedMultiplierSmallerThanOneExp(int32_t, int32_t, int)	8	static
../Middlewares/tensorflow/third_party/gemmlowp/fixedpoint/fixedpoint.h:125:14:tIntegerType gemmlowp::ShiftLeft(tIntegerType, int) [with tIntegerType = long int]	0	static
../Middlewares/tensorflow/third_party/gemmlowp/fixedpoint/fixedpoint.h:82:14:tIntegerType gemmlowp::BitXor(tIntegerType, tIntegerType) [with tIntegerType = long int]	0	static
../Middlewares/tensorflow/third_party/gemmlowp/fixedpoint/fixedpoint.h:148:14:tIntegerType gemmlowp::SelectUsingMask(tIntegerType, tIntegerType, tIntegerType) [with tIntegerType = long int]	16	static
../Middlewares/tensorflow/third_party/gemmlowp/fixedpoint/fixedpoint.h:385:22:static IntegerType gemmlowp::ImplSaturatingRoundingMultiplyByPOT<Exponent, IntegerType, 1>::eval(IntegerType) [with int Exponent = 2; IntegerType = long int]	24	static
../Middlewares/tensorflow/third_party/gemmlowp/fixedpoint/fixedpoint.h:416:13:IntegerType gemmlowp::SaturatingRoundingMultiplyByPOT(IntegerType) [with int Exponent = 2; IntegerType = long int]	8	static
../Middlewares/tensorflow/third_party/gemmlowp/fixedpoint/fixedpoint.h:668:39:gemmlowp::FixedPoint<tRawType, tIntegerBitsDst> gemmlowp::Rescale(FixedPoint<tRawType, tIntegerBits>) [with int tIntegerBitsDst = 2; tRawType = long int; int tIntegerBitsSrc = 4]	8	static
../Middlewares/tensorflow/third_party/gemmlowp/fixedpoint/fixedpoint.h:385:22:static IntegerType gemmlowp::ImplSaturatingRoundingMultiplyByPOT<Exponent, IntegerType, 1>::eval(IntegerType) [with int Exponent = 1; IntegerType = long int]	24	static
../Middlewares/tensorflow/third_party/gemmlowp/fixedpoint/fixedpoint.h:416:13:IntegerType gemmlowp::SaturatingRoundingMultiplyByPOT(IntegerType) [with int Exponent = 1; IntegerType = long int]	8	static
../Middlewares/tensorflow/third_party/gemmlowp/fixedpoint/fixedpoint.h:668:39:gemmlowp::FixedPoint<tRawType, tIntegerBitsDst> gemmlowp::Rescale(FixedPoint<tRawType, tIntegerBits>) [with int tIntegerBitsDst = 0; tRawType = long int; int tIntegerBitsSrc = 1]	8	static
../Middlewares/tensorflow/third_party/gemmlowp/fixedpoint/fixedpoint.h:842:25:gemmlowp::FixedPoint<tRawType, 0> gemmlowp::one_over_one_plus_x_for_x_in_0_1(FixedPoint<tRawType, 0>) [with tRawType = long int]	24	static
../Middlewares/tensorflow/tensorflow/lite/kernels/internal/common.h:899:16:int32_t tflite::GetReciprocal(int32_t, int, int*)	16	static
../Middlewares/tensorflow/tensorflow/lite/kernels/internal/reference/div.h:122:19:tflite::reference_ops::BroadcastDivSlowQuantized<signed char, 5>(const tflite::ArithmeticParams&, const tflite::RuntimeShape&, const signed char*, const tflite::RuntimeShape&, const signed char*, const tflite::RuntimeShape&, signed char*)::<lambda(int*)>	32	static
../Middlewares/tensorflow/tensorflow/lite/kernels/internal/reference/div.h:45:13:void tflite::reference_ops::DivElementwise(int, const tflite::ArithmeticParams&, const T*, const T*, T*) [with T = signed char]	48	static
../Middlewares/tensorflow/tensorflow/lite/kernels/internal/reference/div.h:90:13:void tflite::reference_ops::Div(const tflite::ArithmeticParams&, const tflite::RuntimeShape&, const int8_t*, const tflite::RuntimeShape&, const int8_t*, const tflite::RuntimeShape&, int8_t*)	24	static
../Middlewares/tensorflow/tensorflow/lite/kernels/internal/common.h:1198:51:typename std::enable_if<(DIM == (N - 1)), void>::type tflite::NDOpsHelperImpl(const NdArrayDesc<N>&, const Calc&, int*) [with int N = 5; int DIM = 4; Calc = reference_ops::BroadcastDivSlowQuantized<signed char, 5>(const tflite::ArithmeticParams&, const tflite::RuntimeShape&, const signed char*, const tflite::RuntimeShape&, const signed char*, const tflite::RuntimeShape&, signed char*)::<lambda(int*)>]	16	static
../Middlewares/tensorflow/tensorflow/lite/kernels/internal/common.h:1190:51:typename std::enable_if<(DIM != (N - 1)), void>::type tflite::NDOpsHelperImpl(const NdArrayDesc<N>&, const Calc&, int*) [with int N = 5; int DIM = 3; Calc = reference_ops::BroadcastDivSlowQuantized<signed char, 5>(const tflite::ArithmeticParams&, const tflite::RuntimeShape&, const signed char*, const tflite::RuntimeShape&, const signed char*, const tflite::RuntimeShape&, signed char*)::<lambda(int*)>]	16	static
../Middlewares/tensorflow/tensorflow/lite/kernels/internal/common.h:1190:51:typename std::enable_if<(DIM != (N - 1)), void>::type tflite::NDOpsHelperImpl(const NdArrayDesc<N>&, const Calc&, int*) [with int N = 5; int DIM = 2; Calc = reference_ops::BroadcastDivSlowQuantized<signed char, 5>(const tflite::ArithmeticParams&, const tflite::RuntimeShape&, const signed char*, const tflite::RuntimeShape&, const signed char*, const tflite::RuntimeShape&, signed char*)::<lambda(int*)>]	16	static
../Middlewares/tensorflow/tensorflow/lite/kernels/internal/common.h:1190:51:typename std::enable_if<(DIM != (N - 1)), void>::type tflite::NDOpsHelperImpl(const NdArrayDesc<N>&, const Calc&, int*) [with int N = 5; int DIM = 1; Calc = reference_ops::BroadcastDivSlowQuantized<signed char, 5>(const tflite::ArithmeticParams&, const tflite::RuntimeShape&, const signed char*, const tflite::RuntimeShape&, const signed char*, const tflite::RuntimeShape&, signed char*)::<lambda(int*)>]	16	static
../Middlewares/tensorflow/tensorflow/lite/kernels/internal/common.h:1190:51:typename std::enable_if<(DIM != (N - 1)), void>::type tflite::NDOpsHelperImpl(const NdArrayDesc<N>&, const Calc&, int*) [with int N = 5; int DIM = 0; Calc = reference_ops::BroadcastDivSlowQuantized<signed char, 5>(const tflite::ArithmeticParams&, const tflite::RuntimeShape&, const signed char*, const tflite::RuntimeShape&, const signed char*, const tflite::RuntimeShape&, signed char*)::<lambda(int*)>]	16	static
../Middlewares/tensorflow/tensorflow/lite/kernels/internal/common.h:1208:13:void tflite::NDOpsHelper(const NdArrayDesc<N>&, const Calc&) [with int N = 5; Calc = reference_ops::BroadcastDivSlowQuantized<signed char, 5>(const tflite::ArithmeticParams&, const tflite::RuntimeShape&, const signed char*, const tflite::RuntimeShape&, const signed char*, const tflite::RuntimeShape&, signed char*)::<lambda(int*)>]	32	static
../Middlewares/tensorflow/tensorflow/lite/kernels/internal/reference/div.h:103:13:void tflite::reference_ops::BroadcastDivSlowQuantized(const tflite::ArithmeticParams&, const tflite::RuntimeShape&, const T*, const tflite::RuntimeShape&, const T*, const tflite::RuntimeShape&, T*) [with T = signed char; int N = 5]	208	static
../Middlewares/tensorflow/tensorflow/lite/micro/kernels/div.cc:139:14:TfLiteStatus tflite::{anonymous}::EvalQuantized(TfLiteContext*, TfLiteNode*, TfLiteDivParams*, const OpDataDiv*, const TfLiteEvalTensor*, const TfLiteEvalTensor*, TfLiteEvalTensor*)	360	static
../Middlewares/tensorflow/tensorflow/lite/kernels/internal/common.h:1198:51:typename std::enable_if<(DIM == (N - 1)), void>::type tflite::NDOpsHelperImpl(const NdArrayDesc<N>&, const Calc&, int*) [with int N = 5; int DIM = 4; Calc = reference_ops::BroadcastDivSlow<float>(const tflite::ArithmeticParams&, const tflite::RuntimeShape&, const float*, const tflite::RuntimeShape&, const float*, const tflite::RuntimeShape&, float*)::<lambda(int*)>]	16	static
../Middlewares/tensorflow/tensorflow/lite/kernels/internal/common.h:1190:51:typename std::enable_if<(DIM != (N - 1)), void>::type tflite::NDOpsHelperImpl(const NdArrayDesc<N>&, const Calc&, int*) [with int N = 5; int DIM = 3; Calc = reference_ops::BroadcastDivSlow<float>(const tflite::ArithmeticParams&, const tflite::RuntimeShape&, const float*, const tflite::RuntimeShape&, const float*, const tflite::RuntimeShape&, float*)::<lambda(int*)>]	16	static
../Middlewares/tensorflow/tensorflow/lite/kernels/internal/common.h:1190:51:typename std::enable_if<(DIM != (N - 1)), void>::type tflite::NDOpsHelperImpl(const NdArrayDesc<N>&, const Calc&, int*) [with int N = 5; int DIM = 2; Calc = reference_ops::BroadcastDivSlow<float>(const tflite::ArithmeticParams&, const tflite::RuntimeShape&, const float*, const tflite::RuntimeShape&, const float*, const tflite::RuntimeShape&, float*)::<lambda(int*)>]	16	static
../Middlewares/tensorflow/tensorflow/lite/kernels/internal/common.h:1190:51:typename std::enable_if<(DIM != (N - 1)), void>::type tflite::NDOpsHelperImpl(const NdArrayDesc<N>&, const Calc&, int*) [with int N = 5; int DIM = 1; Calc = reference_ops::BroadcastDivSlow<float>(const tflite::ArithmeticParams&, const tflite::RuntimeShape&, const float*, const tflite::RuntimeShape&, const float*, const tflite::RuntimeShape&, float*)::<lambda(int*)>]	16	static
../Middlewares/tensorflow/tensorflow/lite/kernels/internal/common.h:1190:51:typename std::enable_if<(DIM != (N - 1)), void>::type tflite::NDOpsHelperImpl(const NdArrayDesc<N>&, const Calc&, int*) [with int N = 5; int DIM = 0; Calc = reference_ops::BroadcastDivSlow<float>(const tflite::ArithmeticParams&, const tflite::RuntimeShape&, const float*, const tflite::RuntimeShape&, const float*, const tflite::RuntimeShape&, float*)::<lambda(int*)>]	16	static
../Middlewares/tensorflow/tensorflow/lite/kernels/internal/common.h:1208:13:void tflite::NDOpsHelper(const NdArrayDesc<N>&, const Calc&) [with int N = 5; Calc = reference_ops::BroadcastDivSlow<float>(const tflite::ArithmeticParams&, const tflite::RuntimeShape&, const float*, const tflite::RuntimeShape&, const float*, const tflite::RuntimeShape&, float*)::<lambda(int*)>]	32	static
../Middlewares/tensorflow/tensorflow/lite/kernels/internal/reference/div.h:185:6:void tflite::reference_ops::BroadcastDivSlow(const tflite::ArithmeticParams&, const tflite::RuntimeShape&, const T*, const tflite::RuntimeShape&, const T*, const tflite::RuntimeShape&, T*) [with T = float; int N = 5]	216	static
../Middlewares/tensorflow/tensorflow/lite/micro/kernels/div.cc:109:6:void tflite::{anonymous}::EvalDiv(TfLiteContext*, TfLiteNode*, TfLiteDivParams*, const OpDataDiv*, const TfLiteEvalTensor*, const TfLiteEvalTensor*, TfLiteEvalTensor*) [with T = float]	376	static
../Middlewares/tensorflow/tensorflow/lite/kernels/internal/common.h:1198:51:typename std::enable_if<(DIM == (N - 1)), void>::type tflite::NDOpsHelperImpl(const NdArrayDesc<N>&, const Calc&, int*) [with int N = 5; int DIM = 4; Calc = reference_ops::BroadcastDivSlow<long int>(const tflite::ArithmeticParams&, const tflite::RuntimeShape&, const long int*, const tflite::RuntimeShape&, const long int*, const tflite::RuntimeShape&, long int*)::<lambda(int*)>]	16	static
../Middlewares/tensorflow/tensorflow/lite/kernels/internal/common.h:1190:51:typename std::enable_if<(DIM != (N - 1)), void>::type tflite::NDOpsHelperImpl(const NdArrayDesc<N>&, const Calc&, int*) [with int N = 5; int DIM = 3; Calc = reference_ops::BroadcastDivSlow<long int>(const tflite::ArithmeticParams&, const tflite::RuntimeShape&, const long int*, const tflite::RuntimeShape&, const long int*, const tflite::RuntimeShape&, long int*)::<lambda(int*)>]	16	static
../Middlewares/tensorflow/tensorflow/lite/kernels/internal/common.h:1190:51:typename std::enable_if<(DIM != (N - 1)), void>::type tflite::NDOpsHelperImpl(const NdArrayDesc<N>&, const Calc&, int*) [with int N = 5; int DIM = 2; Calc = reference_ops::BroadcastDivSlow<long int>(const tflite::ArithmeticParams&, const tflite::RuntimeShape&, const long int*, const tflite::RuntimeShape&, const long int*, const tflite::RuntimeShape&, long int*)::<lambda(int*)>]	16	static
../Middlewares/tensorflow/tensorflow/lite/kernels/internal/common.h:1190:51:typename std::enable_if<(DIM != (N - 1)), void>::type tflite::NDOpsHelperImpl(const NdArrayDesc<N>&, const Calc&, int*) [with int N = 5; int DIM = 1; Calc = reference_ops::BroadcastDivSlow<long int>(const tflite::ArithmeticParams&, const tflite::RuntimeShape&, const long int*, const tflite::RuntimeShape&, const long int*, const tflite::RuntimeShape&, long int*)::<lambda(int*)>]	16	static
../Middlewares/tensorflow/tensorflow/lite/kernels/internal/common.h:1190:51:typename std::enable_if<(DIM != (N - 1)), void>::type tflite::NDOpsHelperImpl(const NdArrayDesc<N>&, const Calc&, int*) [with int N = 5; int DIM = 0; Calc = reference_ops::BroadcastDivSlow<long int>(const tflite::ArithmeticParams&, const tflite::RuntimeShape&, const long int*, const tflite::RuntimeShape&, const long int*, const tflite::RuntimeShape&, long int*)::<lambda(int*)>]	16	static
../Middlewares/tensorflow/tensorflow/lite/kernels/internal/common.h:1208:13:void tflite::NDOpsHelper(const NdArrayDesc<N>&, const Calc&) [with int N = 5; Calc = reference_ops::BroadcastDivSlow<long int>(const tflite::ArithmeticParams&, const tflite::RuntimeShape&, const long int*, const tflite::RuntimeShape&, const long int*, const tflite::RuntimeShape&, long int*)::<lambda(int*)>]	32	static
../Middlewares/tensorflow/tensorflow/lite/kernels/internal/reference/div.h:185:6:void tflite::reference_ops::BroadcastDivSlow(const tflite::ArithmeticParams&, const tflite::RuntimeShape&, const T*, const tflite::RuntimeShape&, const T*, const tflite::RuntimeShape&, T*) [with T = long int; int N = 5]	216	static
../Middlewares/tensorflow/tensorflow/lite/micro/kernels/div.cc:109:6:void tflite::{anonymous}::EvalDiv(TfLiteContext*, TfLiteNode*, TfLiteDivParams*, const OpDataDiv*, const TfLiteEvalTensor*, const TfLiteEvalTensor*, TfLiteEvalTensor*) [with T = long int]	376	static
../Middlewares/tensorflow/tensorflow/lite/micro/kernels/div.cc:182:14:TfLiteStatus tflite::{anonymous}::DivEval(TfLiteContext*, TfLiteNode*)	48	static
