../Middlewares/tensorflow/tensorflow/lite/micro/kernels/elu.cc:98:31:static float tflite::{anonymous}::CalculateOpData(TfLiteContext*, TfLiteNode*)::<lambda(float)>::_FUN(float)	8	static
../Middlewares/tensorflow/tensorflow/lite/micro/kernels/elu.cc:47:6:void tflite::{anonymous}::PopulateLookupTable(const TfLiteTensor*, const TfLiteTensor*, TransformFunc, OpData*) [with T = signed char]	56	static
../Middlewares/tensorflow/tensorflow/lite/micro/kernels/elu.cc:82:14:TfLiteStatus tflite::{anonymous}::CalculateOpData(TfLiteContext*, TfLiteNode*)	40	static
../Middlewares/tensorflow/tensorflow/lite/micro/kernels/elu.cc:116:14:TfLiteStatus tflite::{anonymous}::EluPrepare(TfLiteContext*, TfLiteNode*)	8	static
../Middlewares/tensorflow/tensorflow/lite/kernels/op_macros.h:24:13:void AbortImpl()	8	static
../Middlewares/tensorflow/tensorflow/lite/micro/kernels/elu.cc:108:7:void* tflite::{anonymous}::EluInit(TfLiteContext*, const char*, size_t)	8	static
../Middlewares/tensorflow/tensorflow/lite/kernels/internal/runtime_shape.h:67:11:int32_t tflite::RuntimeShape::Dims(int) const	8	static
../Middlewares/tensorflow/tensorflow/lite/kernels/internal/types.h:314:12:int tflite::MatchingFlatSize(const RuntimeShape&, const RuntimeShape&)	24	static
../Middlewares/tensorflow/tensorflow/lite/kernels/internal/reference/elu.h:25:13:void tflite::reference_ops::Elu(const tflite::RuntimeShape&, const float*, const tflite::RuntimeShape&, float*)	24	static
../Middlewares/tensorflow/tensorflow/lite/micro/kernels/elu.cc:147:18:TFLMRegistration tflite::Register_ELU()	16	static
../Middlewares/tensorflow/tensorflow/lite/micro/kernels/kernel_util.h:76:4:T* tflite::micro::GetTensorData(TfLiteEvalTensor*) [with T = signed char]	8	static
../Middlewares/tensorflow/tensorflow/lite/micro/kernels/kernel_util.h:83:10:const T* tflite::micro::GetTensorData(const TfLiteEvalTensor*) [with T = signed char]	8	static
../Middlewares/tensorflow/tensorflow/lite/micro/kernels/elu.cc:70:6:void tflite::{anonymous}::EvalUsingLookupTable(const OpData*, const TfLiteEvalTensor*, TfLiteEvalTensor*)	80	static
../Middlewares/tensorflow/tensorflow/lite/micro/kernels/kernel_util.h:83:10:const T* tflite::micro::GetTensorData(const TfLiteEvalTensor*) [with T = float]	8	static
../Middlewares/tensorflow/tensorflow/lite/micro/kernels/kernel_util.h:76:4:T* tflite::micro::GetTensorData(TfLiteEvalTensor*) [with T = float]	8	static
../Middlewares/tensorflow/tensorflow/lite/micro/kernels/elu.cc:120:14:TfLiteStatus tflite::{anonymous}::EluEval(TfLiteContext*, TfLiteNode*)	72	static
