../Middlewares/tensorflow/tensorflow/lite/kernels/op_macros.h:24:13:void AbortImpl()	8	static
../Middlewares/tensorflow/tensorflow/lite/kernels/kernel_util.h:171:16:int64_t tflite::NumElements(const int*, int)	40	static
../Middlewares/tensorflow/tensorflow/lite/micro/kernels/embedding_lookup.cc:51:14:TfLiteStatus tflite::{anonymous}::CalculateOpData(TfLiteContext*, TfLiteNode*, const TfLiteTensor*, const TfLiteTensor*)	40	static
../Middlewares/tensorflow/tensorflow/lite/micro/kernels/embedding_lookup.cc:68:14:TfLiteStatus tflite::{anonymous}::EmbeddingLookUpPrepare(TfLiteContext*, TfLiteNode*)	56	static
../Middlewares/tensorflow/tensorflow/lite/micro/kernels/embedding_lookup.cc:209:18:TFLMRegistration tflite::Register_EMBEDDING_LOOKUP()	16	static
../Middlewares/tensorflow/tensorflow/lite/micro/kernels/kernel_util.h:76:4:T* tflite::micro::GetTensorData(TfLiteEvalTensor*) [with T = signed char]	8	static
../Middlewares/tensorflow/tensorflow/lite/micro/kernels/kernel_util.h:83:10:const T* tflite::micro::GetTensorData(const TfLiteEvalTensor*) [with T = signed char]	8	static
../Middlewares/tensorflow/tensorflow/lite/micro/kernels/kernel_util.h:83:10:const T* tflite::micro::GetTensorData(const TfLiteEvalTensor*) [with T = long int]	8	static
../Middlewares/tensorflow/tensorflow/lite/micro/kernels/embedding_lookup.cc:123:14:TfLiteStatus tflite::{anonymous}::EvalSimple(const OpData&, const TfLiteEvalTensor*, const TfLiteEvalTensor*, TfLiteEvalTensor*)	32	static
../Middlewares/tensorflow/tensorflow/lite/micro/kernels/kernel_util.h:76:4:T* tflite::micro::GetTensorData(TfLiteEvalTensor*) [with T = float]	8	static
../Middlewares/tensorflow/tensorflow/lite/micro/micro_utils.h:142:6:void tflite::Dequantize(const T*, int, float, int, float*) [with T = signed char]	4	static
../Middlewares/tensorflow/tensorflow/lite/micro/kernels/embedding_lookup.cc:153:14:TfLiteStatus tflite::{anonymous}::EvalHybrid(const OpData&, const TfLiteEvalTensor*, const TfLiteEvalTensor*, TfLiteEvalTensor*)	40	static
../Middlewares/tensorflow/tensorflow/lite/micro/kernels/embedding_lookup.cc:181:14:TfLiteStatus tflite::{anonymous}::EmbeddingLookUpEval(TfLiteContext*, TfLiteNode*)	24	static
