../Middlewares/tensorflow/tensorflow/lite/micro/kernels/fill.cc:31:14:TfLiteStatus tflite::{anonymous}::EnsureEqImpl(TfLiteContext*, const TfLiteIntArray*, const TfLiteTensor*) [with T = signed char]	32	static
../Middlewares/tensorflow/tensorflow/lite/micro/kernels/fill.cc:31:14:TfLiteStatus tflite::{anonymous}::EnsureEqImpl(TfLiteContext*, const TfLiteIntArray*, const TfLiteTensor*) [with T = short int]	32	static
../Middlewares/tensorflow/tensorflow/lite/micro/kernels/fill.cc:31:14:TfLiteStatus tflite::{anonymous}::EnsureEqImpl(TfLiteContext*, const TfLiteIntArray*, const TfLiteTensor*) [with T = long int]	32	static
../Middlewares/tensorflow/tensorflow/lite/micro/kernels/fill.cc:31:14:TfLiteStatus tflite::{anonymous}::EnsureEqImpl(TfLiteContext*, const TfLiteIntArray*, const TfLiteTensor*) [with T = long long int]	40	static
../Middlewares/tensorflow/tensorflow/lite/micro/kernels/fill.cc:41:14:TfLiteStatus tflite::{anonymous}::EnsureEq(TfLiteContext*, const TfLiteIntArray*, const TfLiteTensor*)	32	static
../Middlewares/tensorflow/tensorflow/lite/kernels/op_macros.h:24:13:void AbortImpl()	8	static
../Middlewares/tensorflow/tensorflow/lite/micro/kernels/fill.cc:67:14:TfLiteStatus tflite::{anonymous}::FillPrepare(TfLiteContext*, TfLiteNode*)	40	static
../Middlewares/tensorflow/tensorflow/lite/micro/kernels/fill.cc:136:18:TFLMRegistration tflite::Register_FILL()	16	static
../Middlewares/tensorflow/tensorflow/lite/micro/kernels/kernel_util.h:83:10:const T* tflite::micro::GetTensorData(const TfLiteEvalTensor*) [with T = float]	8	static
../Middlewares/tensorflow/tensorflow/lite/micro/kernels/kernel_util.h:76:4:T* tflite::micro::GetTensorData(TfLiteEvalTensor*) [with T = float]	8	static
../Middlewares/tensorflow/tensorflow/lite/kernels/internal/reference/fill.h:26:6:void tflite::reference_ops::Fill(const tflite::RuntimeShape&, const T*, const tflite::RuntimeShape&, T*) [with T = float]	16	static
../Middlewares/tensorflow/tensorflow/lite/micro/kernels/fill.cc:104:6:void tflite::{anonymous}::FillImpl(const TfLiteEvalTensor*, TfLiteEvalTensor*) [with T = float]	72	static
../Middlewares/tensorflow/tensorflow/lite/micro/kernels/kernel_util.h:83:10:const T* tflite::micro::GetTensorData(const TfLiteEvalTensor*) [with T = long int]	8	static
../Middlewares/tensorflow/tensorflow/lite/micro/kernels/kernel_util.h:76:4:T* tflite::micro::GetTensorData(TfLiteEvalTensor*) [with T = long int]	8	static
../Middlewares/tensorflow/tensorflow/lite/kernels/internal/reference/fill.h:26:6:void tflite::reference_ops::Fill(const tflite::RuntimeShape&, const T*, const tflite::RuntimeShape&, T*) [with T = long int]	16	static
../Middlewares/tensorflow/tensorflow/lite/micro/kernels/fill.cc:104:6:void tflite::{anonymous}::FillImpl(const TfLiteEvalTensor*, TfLiteEvalTensor*) [with T = long int]	72	static
../Middlewares/tensorflow/tensorflow/lite/micro/kernels/kernel_util.h:83:10:const T* tflite::micro::GetTensorData(const TfLiteEvalTensor*) [with T = signed char]	8	static
../Middlewares/tensorflow/tensorflow/lite/micro/kernels/kernel_util.h:76:4:T* tflite::micro::GetTensorData(TfLiteEvalTensor*) [with T = signed char]	8	static
../Middlewares/tensorflow/tensorflow/lite/kernels/internal/reference/fill.h:26:6:void tflite::reference_ops::Fill(const tflite::RuntimeShape&, const T*, const tflite::RuntimeShape&, T*) [with T = signed char]	16	static
../Middlewares/tensorflow/tensorflow/lite/micro/kernels/fill.cc:104:6:void tflite::{anonymous}::FillImpl(const TfLiteEvalTensor*, TfLiteEvalTensor*) [with T = signed char]	72	static
../Middlewares/tensorflow/tensorflow/lite/micro/kernels/fill.cc:110:14:TfLiteStatus tflite::{anonymous}::FillEval(TfLiteContext*, TfLiteNode*)	16	static
