../Middlewares/tensorflow/tensorflow/lite/kernels/op_macros.h:24:13:void AbortImpl()	8	static
../Middlewares/tensorflow/tensorflow/lite/kernels/internal/runtime_shape.h:67:11:int32_t tflite::RuntimeShape::Dims(int) const	8	static
../Middlewares/tensorflow/tensorflow/lite/kernels/internal/types.h:314:12:int tflite::MatchingFlatSize(const RuntimeShape&, const RuntimeShape&)	24	static
../Middlewares/tensorflow/tensorflow/lite/kernels/internal/reference/floor.h:26:13:void tflite::reference_ops::Floor(const tflite::RuntimeShape&, const float*, const tflite::RuntimeShape&, float*)	16	static
../Middlewares/tensorflow/tensorflow/lite/micro/kernels/floor.cc:44:18:TFLMRegistration tflite::Register_FLOOR()	16	static
../Middlewares/tensorflow/tensorflow/lite/micro/kernels/kernel_util.h:83:10:const T* tflite::micro::GetTensorData(const TfLiteEvalTensor*) [with T = float]	8	static
../Middlewares/tensorflow/tensorflow/lite/micro/kernels/kernel_util.h:76:4:T* tflite::micro::GetTensorData(TfLiteEvalTensor*) [with T = float]	8	static
../Middlewares/tensorflow/tensorflow/lite/micro/kernels/floor.cc:29:14:TfLiteStatus tflite::{anonymous}::FloorEval(TfLiteContext*, TfLiteNode*)	88	static
