../Middlewares/tensorflow/tensorflow/lite/kernels/op_macros.h:24:13:void AbortImpl()	8	static
../Middlewares/tensorflow/tensorflow/lite/micro/kernels/fully_connected_common.cc:34:22:tflite::FullyConnectedParams tflite::FullyConnectedParamsQuantized(const OpDataFullyConnected&)	0	static
../Middlewares/tensorflow/tensorflow/lite/micro/kernels/fully_connected_common.cc:55:14:TfLiteStatus tflite::CalculateOpDataFullyConnected(TfLiteContext*, TfLiteFusedActivation, TfLiteType, const TfLiteTensor*, const TfLiteTensor*, const TfLiteTensor*, TfLiteTensor*, OpDataFullyConnected*)	80	static
../Middlewares/tensorflow/tensorflow/lite/kernels/kernel_util.h:285:6:void tflite::CalculateActivationRange(TfLiteFusedActivation, T*, T*) [with T = float]	0	static
../Middlewares/tensorflow/tensorflow/lite/micro/kernels/fully_connected_common.cc:47:22:tflite::FullyConnectedParams tflite::FullyConnectedParamsFloat(TfLiteFusedActivation)	8	static
