../Middlewares/tensorflow/tensorflow/lite/micro/kernels/gather.cc:100:14:TfLiteStatus tflite::{anonymous}::GatherPrepare(TfLiteContext*, TfLiteNode*)	56	static
../Middlewares/tensorflow/tensorflow/lite/kernels/op_macros.h:24:13:void AbortImpl()	8	static
../Middlewares/tensorflow/tensorflow/lite/micro/kernels/gather.cc:220:18:TFLMRegistration tflite::Register_GATHER()	16	static
../Middlewares/tensorflow/tensorflow/lite/micro/kernels/kernel_util.h:83:10:const T* tflite::micro::GetTensorData(const TfLiteEvalTensor*) [with T = float]	8	static
../Middlewares/tensorflow/tensorflow/lite/micro/kernels/kernel_util.h:83:10:const T* tflite::micro::GetTensorData(const TfLiteEvalTensor*) [with T = long int]	8	static
../Middlewares/tensorflow/tensorflow/lite/micro/kernels/kernel_util.h:76:4:T* tflite::micro::GetTensorData(TfLiteEvalTensor*) [with T = float]	8	static
../Middlewares/tensorflow/tensorflow/lite/micro/kernels/gather.cc:32:14:TfLiteStatus tflite::{anonymous}::Gather(const TfLiteGatherParams*, const TfLiteEvalTensor*, const TfLiteEvalTensor*, TfLiteEvalTensor*) [with InputT = float; CoordsT = long int]	56	static
../Middlewares/tensorflow/tensorflow/lite/micro/kernels/kernel_util.h:83:10:const T* tflite::micro::GetTensorData(const TfLiteEvalTensor*) [with T = signed char]	8	static
../Middlewares/tensorflow/tensorflow/lite/micro/kernels/kernel_util.h:76:4:T* tflite::micro::GetTensorData(TfLiteEvalTensor*) [with T = signed char]	8	static
../Middlewares/tensorflow/tensorflow/lite/micro/kernels/gather.cc:32:14:TfLiteStatus tflite::{anonymous}::Gather(const TfLiteGatherParams*, const TfLiteEvalTensor*, const TfLiteEvalTensor*, TfLiteEvalTensor*) [with InputT = signed char; CoordsT = long int]	56	static
../Middlewares/tensorflow/tensorflow/lite/micro/kernels/gather.cc:191:14:TfLiteStatus tflite::{anonymous}::GatherEval(TfLiteContext*, TfLiteNode*)	24	static
