../Middlewares/tensorflow/tensorflow/lite/micro/kernels/logical.cc:26:14:TfLiteStatus tflite::{anonymous}::LogicalOrEval(TfLiteContext*, TfLiteNode*)	8	static
../Middlewares/tensorflow/tensorflow/lite/micro/kernels/logical.cc:30:14:TfLiteStatus tflite::{anonymous}::LogicalAndEval(TfLiteContext*, TfLiteNode*)	8	static
../Middlewares/tensorflow/tensorflow/lite/micro/kernels/logical.cc:36:18:TFLMRegistration tflite::Register_LOGICAL_OR()	16	static
../Middlewares/tensorflow/tensorflow/lite/micro/kernels/logical.cc:40:18:TFLMRegistration tflite::Register_LOGICAL_AND()	16	static
