../Middlewares/tensorflow/tensorflow/lite/kernels/op_macros.h:24:13:void AbortImpl()	8	static
../Middlewares/tensorflow/tensorflow/lite/kernels/internal/runtime_shape.h:67:11:int32_t tflite::RuntimeShape::Dims(int) const	8	static
../Middlewares/tensorflow/tensorflow/lite/kernels/internal/runtime_shape.h:87:8:void tflite::RuntimeShape::ReplaceWith(int, const int32_t*)	8	static
../Middlewares/tensorflow/tensorflow/lite/kernels/internal/types.h:265:12:int tflite::MatchingDim(const RuntimeShape&, int, const RuntimeShape&, int)	24	static
../Middlewares/tensorflow/tensorflow/lite/kernels/internal/types.h:314:12:int tflite::MatchingFlatSize(const RuntimeShape&, const RuntimeShape&)	24	static
../Middlewares/tensorflow/tensorflow/lite/kernels/internal/types.h:401:12:int tflite::MatchingExtendedShapeFlatSize(const RuntimeShape&, const RuntimeShape&)	40	static
../Middlewares/tensorflow/tensorflow/lite/kernels/internal/types.h:420:12:int tflite::MatchingExtendedShapeFlatSize(const RuntimeShape&, const RuntimeShape&, const RuntimeShape&)	16	static
../Middlewares/tensorflow/tensorflow/lite/kernels/internal/types.h:520:12:int tflite::FlatSizeSkipDim(const RuntimeShape&, int)	8	static
../Middlewares/tensorflow/tensorflow/lite/kernels/internal/reference/fully_connected.h:29:13:void tflite::reference_ops::FullyConnected(const tflite::FullyConnectedParams&, const tflite::RuntimeShape&, const float*, const tflite::RuntimeShape&, const float*, const tflite::RuntimeShape&, const float*, const tflite::RuntimeShape&, float*)	64	static
../Middlewares/tensorflow/tensorflow/lite/kernels/internal/reference/integer_ops/logistic.h:63:13:void tflite::reference_integer_ops::Logistic(int32_t, int32_t, int32_t, const int16_t*, int16_t*)	32	static
../Middlewares/tensorflow/tensorflow/lite/kernels/internal/reference/integer_ops/tanh.h:63:13:void tflite::reference_integer_ops::Tanh(int32_t, int32_t, const tflite::RuntimeShape&, const int16_t*, const tflite::RuntimeShape&, int16_t*)	32	static
../Middlewares/tensorflow/tensorflow/lite/kernels/internal/reference/logistic.h:30:13:void tflite::reference_ops::Logistic(const tflite::RuntimeShape&, const float*, const tflite::RuntimeShape&, float*)	24	static
../Middlewares/tensorflow/tensorflow/lite/kernels/internal/reference/tanh.h:29:13:void tflite::reference_ops::Tanh(const tflite::RuntimeShape&, const float*, const tflite::RuntimeShape&, float*)	24	static
../Middlewares/tensorflow/tensorflow/lite/micro/kernels/lstm_eval.cc:31:1:tflite::LstmTensors::LstmTensors(TfLiteContext*, TfLiteNode*)	16	static
../Middlewares/tensorflow/tensorflow/lite/micro/kernels/lstm_eval.cc:41:1:tflite::LstmTensors::~LstmTensors()	16	static
../Middlewares/tensorflow/tensorflow/lite/micro/kernels/lstm_eval.cc:55:14:TfLiteStatus tflite::LstmTensors::ValidateTensorStatus(TfLiteContext*) const	32	static
../Middlewares/tensorflow/tensorflow/lite/micro/kernels/lstm_eval.cc:110:6:void tflite::lstm_internal::AddElementWise(const int16_t*, const int16_t*, int, int, int16_t*)	32	static
../Middlewares/tensorflow/tensorflow/lite/micro/kernels/lstm_eval.cc:122:6:void tflite::lstm_internal::AddElementWise(const float*, const float*, int, int, float*)	16	static
../Middlewares/tensorflow/tensorflow/lite/micro/kernels/lstm_eval.cc:132:6:void tflite::lstm_internal::Sigmoid(const tflite::RuntimeShape&, int16_t*)	16	static
../Middlewares/tensorflow/tensorflow/lite/micro/kernels/lstm_eval.cc:140:6:void tflite::lstm_internal::Sigmoid(const tflite::RuntimeShape&, float*)	8	static
../Middlewares/tensorflow/tensorflow/lite/micro/kernels/lstm_eval.cc:144:6:void tflite::lstm_internal::Tanh(int32_t, const tflite::RuntimeShape&, int16_t*, const tflite::RuntimeShape&, int16_t*)	16	static
../Middlewares/tensorflow/tensorflow/lite/micro/kernels/lstm_eval.cc:159:6:void tflite::lstm_internal::Tanh(int32_t, const tflite::RuntimeShape&, float*, const tflite::RuntimeShape&, float*)	8	static
../Middlewares/tensorflow/tensorflow/lite/micro/kernels/lstm_eval.cc:210:6:void tflite::lstm_internal::FullyConnected(const tflite::FullyConnectedParams&, const tflite::RuntimeShape&, const float*, const tflite::RuntimeShape&, const float*, const tflite::RuntimeShape&, const float*, const tflite::RuntimeShape&, float*)	32	static
../Middlewares/tensorflow/tensorflow/lite/micro/kernels/lstm_eval.cc:220:6:void tflite::lstm_internal::Clipping(int, const tflite::CellStateInfo&, int16_t*)	24	static
../Middlewares/tensorflow/tensorflow/lite/micro/kernels/lstm_eval.cc:229:6:void tflite::lstm_internal::Clipping(int, const tflite::CellStateInfo&, float*)	16	static
../Middlewares/tensorflow/tensorflow/lite/micro/kernels/lstm_eval.cc:239:6:void tflite::lstm_internal::LstmStepManager::UpdateTime()	8	static
../Middlewares/tensorflow/tensorflow/lite/micro/kernels/lstm_eval.cc:258:6:void tflite::lstm_internal::LstmStepManager::UpdateBatch()	8	static
../Middlewares/tensorflow/tensorflow/lite/micro/kernels/lstm_eval.cc:272:14:tflite::RuntimeShape tflite::lstm_internal::LstmStepManager::InputShape() const	16	static
../Middlewares/tensorflow/tensorflow/lite/micro/kernels/lstm_eval.cc:284:14:tflite::RuntimeShape tflite::lstm_internal::LstmStepManager::StateShape() const	16	static
../Middlewares/tensorflow/tensorflow/lite/kernels/internal/reference/integer_ops/mul.h:31:6:void tflite::reference_integer_ops::MulElementwise(int, const tflite::ArithmeticParams&, const InputType*, const InputType*, OutputType*) [with InputType = short int; OutputType = signed char]	48	static
../Middlewares/tensorflow/tensorflow/lite/micro/kernels/lstm_eval.cc:167:6:void tflite::lstm_internal::Mul(const tflite::RuntimeShape&, const tflite::ArithmeticParams&, const int16_t*, const int16_t*, int8_t*)	24	static
../Middlewares/tensorflow/tensorflow/lite/kernels/internal/reference/integer_ops/mul.h:31:6:void tflite::reference_integer_ops::MulElementwise(int, const tflite::ArithmeticParams&, const InputType*, const InputType*, OutputType*) [with InputType = short int; OutputType = short int]	48	static
../Middlewares/tensorflow/tensorflow/lite/micro/kernels/lstm_eval.cc:175:6:void tflite::lstm_internal::Mul(const tflite::RuntimeShape&, const tflite::ArithmeticParams&, const int16_t*, const int16_t*, int16_t*)	24	static
../Middlewares/tensorflow/tensorflow/lite/kernels/internal/reference/mul.h:51:13:void tflite::reference_ops::Mul(const tflite::ArithmeticParams&, const tflite::RuntimeShape&, const T*, const tflite::RuntimeShape&, const T*, const tflite::RuntimeShape&, T*) [with T = float]	40	static
../Middlewares/tensorflow/tensorflow/lite/micro/kernels/lstm_eval.cc:183:6:void tflite::lstm_internal::Mul(const tflite::RuntimeShape&, const tflite::ArithmeticParams&, const float*, const float*, float*)	24	static
../Middlewares/tensorflow/tensorflow/lite/kernels/internal/reference/integer_ops/fully_connected.h:79:6:void tflite::reference_integer_ops::FullyConnected(const tflite::FullyConnectedParams&, const tflite::RuntimeShape&, const InputType*, const tflite::RuntimeShape&, const WeightType*, const tflite::RuntimeShape&, const BiasType*, const tflite::RuntimeShape&, OutputType*) [with InputType = signed char; WeightType = signed char; OutputType = short int; BiasType = long int]	80	static
../Middlewares/tensorflow/tensorflow/lite/micro/kernels/lstm_eval.cc:190:6:void tflite::lstm_internal::FullyConnected(const tflite::FullyConnectedParams&, const tflite::RuntimeShape&, const int8_t*, const tflite::RuntimeShape&, const int8_t*, const tflite::RuntimeShape&, const int32_t*, const tflite::RuntimeShape&, int16_t*)	32	static
../Middlewares/tensorflow/tensorflow/lite/kernels/internal/reference/integer_ops/fully_connected.h:79:6:void tflite::reference_integer_ops::FullyConnected(const tflite::FullyConnectedParams&, const tflite::RuntimeShape&, const InputType*, const tflite::RuntimeShape&, const WeightType*, const tflite::RuntimeShape&, const BiasType*, const tflite::RuntimeShape&, OutputType*) [with InputType = short int; WeightType = signed char; OutputType = short int; BiasType = long long int]	80	static
../Middlewares/tensorflow/tensorflow/lite/micro/kernels/lstm_eval.cc:200:6:void tflite::lstm_internal::FullyConnected(const tflite::FullyConnectedParams&, const tflite::RuntimeShape&, const int16_t*, const tflite::RuntimeShape&, const int8_t*, const tflite::RuntimeShape&, const int64_t*, const tflite::RuntimeShape&, int16_t*)	32	static
