../Middlewares/tensorflow/tensorflow/lite/kernels/op_macros.h:24:13:void AbortImpl()	8	static
../Middlewares/tensorflow/tensorflow/lite/kernels/internal/runtime_shape.h:67:11:int32_t tflite::RuntimeShape::Dims(int) const	8	static
../Middlewares/tensorflow/tensorflow/lite/kernels/internal/runtime_shape.h:72:8:void tflite::RuntimeShape::SetDim(int, int32_t)	8	static
../Middlewares/tensorflow/tensorflow/lite/kernels/internal/runtime_shape.h:109:3:tflite::RuntimeShape::RuntimeShape(int, const tflite::RuntimeShape&, int)	24	static
../Middlewares/tensorflow/tensorflow/lite/kernels/internal/runtime_shape.h:147:12:int tflite::Offset(const RuntimeShape&, int, int, int, int, int)	24	static
../Middlewares/tensorflow/tensorflow/lite/kernels/kernel_util.h:171:16:int64_t tflite::NumElements(const int*, int)	40	static
../Middlewares/tensorflow/tensorflow/lite/micro/kernels/slice.cc:47:14:TfLiteStatus tflite::{anonymous}::SlicePrepare(TfLiteContext*, TfLiteNode*)	48	static
../Middlewares/tensorflow/tensorflow/lite/micro/kernels/slice.cc:160:18:TFLMRegistration tflite::Register_SLICE()	16	static
../Middlewares/tensorflow/tensorflow/lite/micro/kernels/kernel_util.h:83:10:const T* tflite::micro::GetTensorData(const TfLiteEvalTensor*) [with T = float]	8	static
../Middlewares/tensorflow/tensorflow/lite/micro/kernels/kernel_util.h:76:4:T* tflite::micro::GetTensorData(TfLiteEvalTensor*) [with T = float]	8	static
../Middlewares/tensorflow/tensorflow/lite/micro/kernels/kernel_util.h:83:10:const T* tflite::micro::GetTensorData(const TfLiteEvalTensor*) [with T = long int]	8	static
../Middlewares/tensorflow/tensorflow/lite/micro/kernels/slice.cc:37:6:void tflite::{anonymous}::GetBeginAndSizeVectors(int, const TfLiteEvalTensor*, const TfLiteEvalTensor*, int32_t*, int32_t*) [with T = long int]	40	static
../Middlewares/tensorflow/tensorflow/lite/micro/kernels/kernel_util.h:76:4:T* tflite::micro::GetTensorData(TfLiteEvalTensor*) [with T = long int]	8	static
../Middlewares/tensorflow/tensorflow/lite/micro/kernels/kernel_util.h:83:10:const T* tflite::micro::GetTensorData(const TfLiteEvalTensor*) [with T = signed char]	8	static
../Middlewares/tensorflow/tensorflow/lite/micro/kernels/kernel_util.h:76:4:T* tflite::micro::GetTensorData(TfLiteEvalTensor*) [with T = signed char]	8	static
../Middlewares/tensorflow/tensorflow/lite/micro/kernels/kernel_util.h:83:10:const T* tflite::micro::GetTensorData(const TfLiteEvalTensor*) [with T = short int]	8	static
../Middlewares/tensorflow/tensorflow/lite/micro/kernels/kernel_util.h:76:4:T* tflite::micro::GetTensorData(TfLiteEvalTensor*) [with T = short int]	8	static
../Middlewares/tensorflow/tensorflow/lite/micro/kernels/kernel_util.h:83:10:const T* tflite::micro::GetTensorData(const TfLiteEvalTensor*) [with T = bool]	8	static
../Middlewares/tensorflow/tensorflow/lite/micro/kernels/kernel_util.h:76:4:T* tflite::micro::GetTensorData(TfLiteEvalTensor*) [with T = bool]	8	static
../Middlewares/tensorflow/tensorflow/lite/micro/kernels/kernel_util.h:83:10:const T* tflite::micro::GetTensorData(const TfLiteEvalTensor*) [with T = long long int]	8	static
../Middlewares/tensorflow/tensorflow/lite/micro/kernels/slice.cc:37:6:void tflite::{anonymous}::GetBeginAndSizeVectors(int, const TfLiteEvalTensor*, const TfLiteEvalTensor*, int32_t*, int32_t*) [with T = long long int]	40	static
../Middlewares/tensorflow/tensorflow/lite/kernels/internal/reference/slice.h:26:13:void tflite::reference_ops::Slice(const tflite::SliceParams&, const tflite::RuntimeShape&, const tflite::RuntimeShape&, tflite::SequentialTensorWriter<T>*) [with T = float]	112	static
../Middlewares/tensorflow/tensorflow/lite/kernels/internal/reference/slice.h:26:13:void tflite::reference_ops::Slice(const tflite::SliceParams&, const tflite::RuntimeShape&, const tflite::RuntimeShape&, tflite::SequentialTensorWriter<T>*) [with T = long int]	112	static
../Middlewares/tensorflow/tensorflow/lite/kernels/internal/reference/slice.h:26:13:void tflite::reference_ops::Slice(const tflite::SliceParams&, const tflite::RuntimeShape&, const tflite::RuntimeShape&, tflite::SequentialTensorWriter<T>*) [with T = signed char]	112	static
../Middlewares/tensorflow/tensorflow/lite/kernels/internal/reference/slice.h:26:13:void tflite::reference_ops::Slice(const tflite::SliceParams&, const tflite::RuntimeShape&, const tflite::RuntimeShape&, tflite::SequentialTensorWriter<T>*) [with T = short int]	112	static
../Middlewares/tensorflow/tensorflow/lite/kernels/internal/reference/slice.h:26:13:void tflite::reference_ops::Slice(const tflite::SliceParams&, const tflite::RuntimeShape&, const tflite::RuntimeShape&, tflite::SequentialTensorWriter<T>*) [with T = bool]	112	static
../Middlewares/tensorflow/tensorflow/lite/micro/kernels/slice.cc:84:14:TfLiteStatus tflite::{anonymous}::SliceEval(TfLiteContext*, TfLiteNode*)	368	static
