../Middlewares/tensorflow/tensorflow/lite/micro/kernels/space_to_batch_nd.cc:48:14:TfLiteStatus tflite::{anonymous}::SpaceToBatchNDPrepare(TfLiteContext*, TfLiteNode*)	40	static
../Middlewares/tensorflow/tensorflow/lite/kernels/op_macros.h:24:13:void AbortImpl()	8	static
../Middlewares/tensorflow/tensorflow/lite/micro/kernels/space_to_batch_nd.cc:42:7:void* tflite::{anonymous}::SpaceToBatchNDInit(TfLiteContext*, const char*, size_t)	8	static
../Middlewares/tensorflow/tensorflow/lite/kernels/internal/runtime_shape.h:72:8:void tflite::RuntimeShape::SetDim(int, int32_t)	8	static
../Middlewares/tensorflow/tensorflow/lite/kernels/internal/runtime_shape.h:45:3:tflite::RuntimeShape::RuntimeShape(int, int32_t)	24	static
../Middlewares/tensorflow/tensorflow/lite/kernels/internal/runtime_shape.h:133:12:int tflite::Offset(const RuntimeShape&, int, int, int, int)	16	static
../Middlewares/tensorflow/tensorflow/lite/kernels/internal/reference/space_to_batch_nd.h:28:21:tflite::RuntimeShape tflite::reference_ops::ExtendShapeSpaceToBatch(const tflite::RuntimeShape&)	48	static
../Middlewares/tensorflow/tensorflow/lite/micro/kernels/space_to_batch_nd.cc:118:18:TFLMRegistration tflite::Register_SPACE_TO_BATCH_ND()	16	static
../Middlewares/tensorflow/tensorflow/lite/micro/kernels/kernel_util.h:83:10:const T* tflite::micro::GetTensorData(const TfLiteEvalTensor*) [with T = float]	8	static
../Middlewares/tensorflow/tensorflow/lite/micro/kernels/kernel_util.h:83:10:const T* tflite::micro::GetTensorData(const TfLiteEvalTensor*) [with T = long int]	8	static
../Middlewares/tensorflow/tensorflow/lite/micro/kernels/kernel_util.h:76:4:T* tflite::micro::GetTensorData(TfLiteEvalTensor*) [with T = float]	8	static
../Middlewares/tensorflow/tensorflow/lite/kernels/internal/reference/space_to_batch_nd.h:40:13:void tflite::reference_ops::SpaceToBatchND(const tflite::SpaceToBatchParams&, const tflite::RuntimeShape&, const T*, const tflite::RuntimeShape&, const int32_t*, const tflite::RuntimeShape&, const int32_t*, const tflite::RuntimeShape&, T*) [with T = float]	152	static
../Middlewares/tensorflow/tensorflow/lite/micro/kernels/kernel_util.h:83:10:const T* tflite::micro::GetTensorData(const TfLiteEvalTensor*) [with T = signed char]	8	static
../Middlewares/tensorflow/tensorflow/lite/micro/kernels/kernel_util.h:76:4:T* tflite::micro::GetTensorData(TfLiteEvalTensor*) [with T = signed char]	8	static
../Middlewares/tensorflow/tensorflow/lite/kernels/internal/reference/space_to_batch_nd.h:40:13:void tflite::reference_ops::SpaceToBatchND(const tflite::SpaceToBatchParams&, const tflite::RuntimeShape&, const T*, const tflite::RuntimeShape&, const int32_t*, const tflite::RuntimeShape&, const int32_t*, const tflite::RuntimeShape&, T*) [with T = signed char]	160	static
../Middlewares/tensorflow/tensorflow/lite/micro/kernels/space_to_batch_nd.cc:71:14:TfLiteStatus tflite::{anonymous}::SpaceToBatchNDEval(TfLiteContext*, TfLiteNode*)	280	static
