../Middlewares/tensorflow/tensorflow/lite/micro/kernels/squared_difference.cc:36:3:T tflite::{anonymous}::SquaredDifference(T, T) [with T = float]	0	static
../Middlewares/tensorflow/tensorflow/lite/micro/kernels/squared_difference.cc:36:3:T tflite::{anonymous}::SquaredDifference(T, T) [with T = long int]	0	static
../Middlewares/tensorflow/tensorflow/lite/micro/kernels/squared_difference.cc:47:6:void tflite::{anonymous}::PrepareQuantized(const TfLiteQuantizationParams&, const TfLiteQuantizationParams&, const TfLiteQuantizationParams&, int, int32_t, int32_t, OpData*)	32	static
../Middlewares/tensorflow/tensorflow/lite/kernels/op_macros.h:24:13:void AbortImpl()	8	static
../Middlewares/tensorflow/tensorflow/lite/kernels/internal/reference/integer_ops/add.h:28:13:void tflite::reference_integer_ops::CheckArithmeticParams(const tflite::ArithmeticParams&)	8	static
../Middlewares/tensorflow/tensorflow/lite/micro/kernels/squared_difference.cc:41:7:void* tflite::{anonymous}::SquaredDifferenceInit(TfLiteContext*, const char*, size_t)	8	static
../Middlewares/tensorflow/tensorflow/lite/micro/kernels/squared_difference.cc:85:14:TfLiteStatus tflite::{anonymous}::SquaredDifferencePrepare(TfLiteContext*, TfLiteNode*)	48	static
../Middlewares/tensorflow/tensorflow/lite/kernels/internal/runtime_shape.h:67:11:int32_t tflite::RuntimeShape::Dims(int) const	8	static
../Middlewares/tensorflow/tensorflow/lite/kernels/internal/runtime_shape.h:72:8:void tflite::RuntimeShape::SetDim(int, int32_t)	8	static
../Middlewares/tensorflow/tensorflow/lite/kernels/internal/runtime_shape.h:109:3:tflite::RuntimeShape::RuntimeShape(int, const tflite::RuntimeShape&, int)	24	static
../Middlewares/tensorflow/tensorflow/lite/kernels/internal/types.h:314:12:int tflite::MatchingFlatSize(const RuntimeShape&, const RuntimeShape&)	24	static
../Middlewares/tensorflow/tensorflow/lite/kernels/internal/types.h:324:12:int tflite::MatchingFlatSize(const RuntimeShape&, const RuntimeShape&, const RuntimeShape&)	32	static
../Middlewares/tensorflow/tensorflow/lite/micro/kernels/squared_difference.cc:265:18:TFLMRegistration tflite::Register_SQUARED_DIFFERENCE()	16	static
../Middlewares/tensorflow/tensorflow/lite/kernels/internal/reference/integer_ops/add.h:64:6:void tflite::reference_integer_ops::ElementWise(int, const tflite::ArithmeticParams&, const T*, const T*, T*, void (*)(const tflite::ArithmeticParams&), T (*)(T, T, const tflite::ArithmeticParams&)) [with T = signed char]	32	static
../Middlewares/tensorflow/third_party/gemmlowp/fixedpoint/fixedpoint.h:64:10:tRawType gemmlowp::Dup(typename FixedPointRawTypeTraits<tRawType>::ScalarRawType) [with tRawType = long int]	0	static
../Middlewares/tensorflow/third_party/gemmlowp/fixedpoint/fixedpoint.h:70:14:tIntegerType gemmlowp::BitAnd(tIntegerType, tIntegerType) [with tIntegerType = long int]	0	static
../Middlewares/tensorflow/third_party/gemmlowp/fixedpoint/fixedpoint.h:140:14:tIntegerType gemmlowp::ShiftRight(tIntegerType, int) [with tIntegerType = long int]	0	static
../Middlewares/tensorflow/third_party/gemmlowp/fixedpoint/fixedpoint.h:94:14:tIntegerType gemmlowp::Add(tIntegerType, tIntegerType) [with tIntegerType = long int]	0	static
../Middlewares/tensorflow/tensorflow/lite/kernels/internal/common.h:47:6:bool tflite::ReduceDimensionsForBroadcast(const RuntimeShape&, const RuntimeShape&, size_t*, size_t*, size_t*) [with int MAX_DIM = 6]	104	static
../Middlewares/tensorflow/tensorflow/lite/micro/kernels/kernel_util.h:83:10:const T* tflite::micro::GetTensorData(const TfLiteEvalTensor*) [with T = float]	8	static
../Middlewares/tensorflow/tensorflow/lite/micro/kernels/kernel_util.h:76:4:T* tflite::micro::GetTensorData(TfLiteEvalTensor*) [with T = float]	8	static
../Middlewares/tensorflow/tensorflow/lite/kernels/internal/reference/binary_function.h:75:13:void tflite::reference_ops::BinaryFunction(const tflite::RuntimeShape&, const T1*, const tflite::RuntimeShape&, const T2*, const tflite::RuntimeShape&, R*, R (*)(T1, T2)) [with R = float; T1 = float; T2 = float]	32	static
../Middlewares/tensorflow/tensorflow/lite/micro/kernels/kernel_util.h:83:10:const T* tflite::micro::GetTensorData(const TfLiteEvalTensor*) [with T = long int]	8	static
../Middlewares/tensorflow/tensorflow/lite/micro/kernels/kernel_util.h:76:4:T* tflite::micro::GetTensorData(TfLiteEvalTensor*) [with T = long int]	8	static
../Middlewares/tensorflow/tensorflow/lite/kernels/internal/reference/binary_function.h:75:13:void tflite::reference_ops::BinaryFunction(const tflite::RuntimeShape&, const T1*, const tflite::RuntimeShape&, const T2*, const tflite::RuntimeShape&, R*, R (*)(T1, T2)) [with R = long int; T1 = long int; T2 = long int]	32	static
../Middlewares/tensorflow/tensorflow/lite/micro/kernels/kernel_util.h:83:10:const T* tflite::micro::GetTensorData(const TfLiteEvalTensor*) [with T = signed char]	8	static
../Middlewares/tensorflow/tensorflow/lite/micro/kernels/kernel_util.h:76:4:T* tflite::micro::GetTensorData(TfLiteEvalTensor*) [with T = signed char]	8	static
../Middlewares/tensorflow/tensorflow/lite/micro/kernels/kernel_util.h:83:10:const T* tflite::micro::GetTensorData(const TfLiteEvalTensor*) [with T = short int]	8	static
../Middlewares/tensorflow/tensorflow/lite/micro/kernels/kernel_util.h:76:4:T* tflite::micro::GetTensorData(TfLiteEvalTensor*) [with T = short int]	8	static
../Middlewares/tensorflow/tensorflow/lite/kernels/internal/reference/integer_ops/add.h:64:6:void tflite::reference_integer_ops::ElementWise(int, const tflite::ArithmeticParams&, const T*, const T*, T*, void (*)(const tflite::ArithmeticParams&), T (*)(T, T, const tflite::ArithmeticParams&)) [with T = short int]	32	static
../Middlewares/tensorflow/tensorflow/lite/kernels/internal/reference/integer_ops/add.h:41:6:void tflite::reference_integer_ops::BroadcastInput1(int, const tflite::ArithmeticParams&, const T*, const T*, T*, void (*)(const tflite::ArithmeticParams&), T (*)(T, T, const tflite::ArithmeticParams&)) [with T = signed char]	32	static
../Middlewares/tensorflow/tensorflow/lite/kernels/internal/reference/integer_ops/add.h:52:6:void tflite::reference_integer_ops::BroadcastInput2(int, const tflite::ArithmeticParams&, const T*, const T*, T*, void (*)(const tflite::ArithmeticParams&), T (*)(T, T, const tflite::ArithmeticParams&)) [with T = signed char]	32	static
../Middlewares/tensorflow/tensorflow/lite/kernels/internal/reference/integer_ops/add.h:75:13:void tflite::reference_integer_ops::BroadcastAddRecursiveDimensions(const tflite::ArithmeticParams&, int, size_t*, size_t*, size_t*, size_t*, size_t*, size_t*, const T*, const T*, T*, void (*)(const tflite::ArithmeticParams&), T (*)(T, T, const tflite::ArithmeticParams&)) [with T = signed char]	96	static
../Middlewares/tensorflow/tensorflow/lite/kernels/internal/reference/integer_ops/add.h:128:6:void tflite::reference_integer_ops::BroadcastBinaryFunction6DSlow(const tflite::ArithmeticParams&, const tflite::RuntimeShape&, const T*, const tflite::RuntimeShape&, const T*, const tflite::RuntimeShape&, T*, void (*)(const tflite::ArithmeticParams&), T (*)(T, T, const tflite::ArithmeticParams&)) [with T = signed char]	144	static
../Middlewares/tensorflow/tensorflow/lite/kernels/internal/reference/integer_ops/add.h:169:6:void tflite::reference_integer_ops::BroadcastBinaryFunction4DSlow(const tflite::ArithmeticParams&, const tflite::RuntimeShape&, const T*, const tflite::RuntimeShape&, const T*, const tflite::RuntimeShape&, T*, void (*)(const tflite::ArithmeticParams&), T (*)(T, T, const tflite::ArithmeticParams&)) [with T = signed char]	32	static
../Middlewares/tensorflow/tensorflow/lite/micro/kernels/squared_difference.cc:183:6:void tflite::{anonymous}::EvalQuantizedSquaredDifference(TfLiteContext*, TfLiteNode*, const OpData*, const TfLiteEvalTensor*, const TfLiteEvalTensor*, TfLiteEvalTensor*) [with T = signed char]	160	static
../Middlewares/tensorflow/third_party/gemmlowp/fixedpoint/fixedpoint.h:88:14:tIntegerType gemmlowp::BitNot(tIntegerType) [with tIntegerType = long int]	0	static
../Middlewares/tensorflow/third_party/gemmlowp/fixedpoint/fixedpoint.h:156:14:tIntegerType gemmlowp::MaskIfNonZero(tIntegerType) [with tIntegerType = long int]	8	static
../Middlewares/tensorflow/third_party/gemmlowp/fixedpoint/fixedpoint.h:199:14:tIntegerType gemmlowp::MaskIfLessThan(tIntegerType, tIntegerType) [with tIntegerType = long int]	8	static
../Middlewares/tensorflow/third_party/gemmlowp/fixedpoint/fixedpoint.h:185:14:tIntegerType gemmlowp::MaskIfGreaterThan(tIntegerType, tIntegerType) [with tIntegerType = long int]	8	static
../Middlewares/tensorflow/third_party/gemmlowp/fixedpoint/fixedpoint.h:357:20:IntegerType gemmlowp::RoundingDivideByPOT(IntegerType, int) [with IntegerType = long int]	32	static
../Middlewares/tensorflow/tensorflow/lite/kernels/internal/common.h:315:16:int32_t tflite::MultiplyByQuantizedMultiplierSmallerThanOneExp(int32_t, int32_t, int)	8	static
../Middlewares/tensorflow/tensorflow/lite/micro/kernels/squared_difference.cc:157:3:T tflite::{anonymous}::SquaredDifference(T, T, const tflite::ArithmeticParams&) [with T = signed char]	24	static
../Middlewares/tensorflow/tensorflow/lite/micro/kernels/squared_difference.cc:157:3:T tflite::{anonymous}::SquaredDifference(T, T, const tflite::ArithmeticParams&) [with T = short int]	24	static
../Middlewares/tensorflow/tensorflow/lite/kernels/internal/common.h:1083:22:void tflite::CopyDimsToDesc(const RuntimeShape&, NdArrayDesc<N>*) [with int N = 4]	24	static
../Middlewares/tensorflow/tensorflow/lite/kernels/internal/common.h:1094:13:void tflite::NdArrayDescsForElementwiseBroadcast(const RuntimeShape&, const RuntimeShape&, NdArrayDesc<N>*, NdArrayDesc<N>*) [with int N = 4]	80	static
../Middlewares/tensorflow/tensorflow/lite/kernels/internal/reference/binary_function.h:30:13:void tflite::reference_ops::BroadcastBinaryFunction4DSlow(const tflite::RuntimeShape&, const T1*, const tflite::RuntimeShape&, const T2*, const tflite::RuntimeShape&, R*, R (*)(T1, T2)) [with R = float; T1 = float; T2 = float]	176	static
../Middlewares/tensorflow/tensorflow/lite/micro/kernels/squared_difference.cc:210:6:void tflite::{anonymous}::EvalSquaredDifference(TfLiteContext*, TfLiteNode*, const OpData*, const TfLiteEvalTensor*, const TfLiteEvalTensor*, TfLiteEvalTensor*) [with T = float]	208	static
../Middlewares/tensorflow/tensorflow/lite/kernels/internal/reference/binary_function.h:30:13:void tflite::reference_ops::BroadcastBinaryFunction4DSlow(const tflite::RuntimeShape&, const T1*, const tflite::RuntimeShape&, const T2*, const tflite::RuntimeShape&, R*, R (*)(T1, T2)) [with R = long int; T1 = long int; T2 = long int]	176	static
../Middlewares/tensorflow/tensorflow/lite/micro/kernels/squared_difference.cc:210:6:void tflite::{anonymous}::EvalSquaredDifference(TfLiteContext*, TfLiteNode*, const OpData*, const TfLiteEvalTensor*, const TfLiteEvalTensor*, TfLiteEvalTensor*) [with T = long int]	208	static
../Middlewares/tensorflow/tensorflow/lite/kernels/internal/reference/integer_ops/add.h:41:6:void tflite::reference_integer_ops::BroadcastInput1(int, const tflite::ArithmeticParams&, const T*, const T*, T*, void (*)(const tflite::ArithmeticParams&), T (*)(T, T, const tflite::ArithmeticParams&)) [with T = short int]	32	static
../Middlewares/tensorflow/tensorflow/lite/kernels/internal/reference/integer_ops/add.h:52:6:void tflite::reference_integer_ops::BroadcastInput2(int, const tflite::ArithmeticParams&, const T*, const T*, T*, void (*)(const tflite::ArithmeticParams&), T (*)(T, T, const tflite::ArithmeticParams&)) [with T = short int]	32	static
../Middlewares/tensorflow/tensorflow/lite/kernels/internal/reference/integer_ops/add.h:75:13:void tflite::reference_integer_ops::BroadcastAddRecursiveDimensions(const tflite::ArithmeticParams&, int, size_t*, size_t*, size_t*, size_t*, size_t*, size_t*, const T*, const T*, T*, void (*)(const tflite::ArithmeticParams&), T (*)(T, T, const tflite::ArithmeticParams&)) [with T = short int]	96	static
../Middlewares/tensorflow/tensorflow/lite/kernels/internal/reference/integer_ops/add.h:128:6:void tflite::reference_integer_ops::BroadcastBinaryFunction6DSlow(const tflite::ArithmeticParams&, const tflite::RuntimeShape&, const T*, const tflite::RuntimeShape&, const T*, const tflite::RuntimeShape&, T*, void (*)(const tflite::ArithmeticParams&), T (*)(T, T, const tflite::ArithmeticParams&)) [with T = short int]	144	static
../Middlewares/tensorflow/tensorflow/lite/kernels/internal/reference/integer_ops/add.h:169:6:void tflite::reference_integer_ops::BroadcastBinaryFunction4DSlow(const tflite::ArithmeticParams&, const tflite::RuntimeShape&, const T*, const tflite::RuntimeShape&, const T*, const tflite::RuntimeShape&, T*, void (*)(const tflite::ArithmeticParams&), T (*)(T, T, const tflite::ArithmeticParams&)) [with T = short int]	32	static
../Middlewares/tensorflow/tensorflow/lite/micro/kernels/squared_difference.cc:183:6:void tflite::{anonymous}::EvalQuantizedSquaredDifference(TfLiteContext*, TfLiteNode*, const OpData*, const TfLiteEvalTensor*, const TfLiteEvalTensor*, TfLiteEvalTensor*) [with T = short int]	160	static
../Middlewares/tensorflow/tensorflow/lite/micro/kernels/squared_difference.cc:233:14:TfLiteStatus tflite::{anonymous}::SquaredDifferenceEval(TfLiteContext*, TfLiteNode*)	32	static
