../Middlewares/tensorflow/tensorflow/lite/micro/kernels/transpose.cc:38:3:tflite::{anonymous}::TransposeContext::~TransposeContext()	8	static
../Middlewares/tensorflow/tensorflow/lite/micro/kernels/transpose.cc:32:3:tflite::{anonymous}::TransposeContext::TransposeContext(TfLiteContext*, TfLiteNode*)	16	static
../Middlewares/tensorflow/tensorflow/lite/micro/kernels/transpose.cc:49:14:TfLiteStatus tflite::{anonymous}::TransposePrepare(TfLiteContext*, TfLiteNode*)	48	static
../Middlewares/tensorflow/tensorflow/lite/kernels/op_macros.h:24:13:void AbortImpl()	8	static
../Middlewares/tensorflow/tensorflow/lite/kernels/internal/reference/transpose.h:160:13:void tflite::reference_ops::transpose_internal::SetupTransposeStrides(std::array<int, 6>&, const int32_t*, int)	4	static
../Middlewares/tensorflow/tensorflow/lite/micro/kernels/transpose.cc:119:18:TFLMRegistration tflite::Register_TRANSPOSE()	16	static
../Middlewares/tensorflow/tensorflow/lite/micro/kernels/kernel_util.h:83:10:const T* tflite::micro::GetTensorData(const TfLiteEvalTensor*) [with T = float]	8	static
../Middlewares/tensorflow/tensorflow/lite/micro/kernels/kernel_util.h:76:4:T* tflite::micro::GetTensorData(TfLiteEvalTensor*) [with T = float]	8	static
../Middlewares/tensorflow/tensorflow/lite/micro/kernels/kernel_util.h:83:10:const T* tflite::micro::GetTensorData(const TfLiteEvalTensor*) [with T = signed char]	8	static
../Middlewares/tensorflow/tensorflow/lite/micro/kernels/kernel_util.h:76:4:T* tflite::micro::GetTensorData(TfLiteEvalTensor*) [with T = signed char]	8	static
../Middlewares/tensorflow/tensorflow/lite/kernels/internal/reference/transpose.h:97:6:void tflite::reference_ops::transpose_internal::TransposeImpl(int, int, const int32_t*, const T*, const int*, T*, const int*, const int32_t*) [with T = long int]	64	static
../Middlewares/tensorflow/tensorflow/lite/kernels/internal/reference/transpose.h:176:6:void tflite::reference_ops::Transpose(const tflite::TransposeParams&, const tflite::RuntimeShape&, const T*, const tflite::RuntimeShape&, T*) [with T = float; int N = 6]	96	static
../Middlewares/tensorflow/tensorflow/lite/kernels/internal/reference/transpose.h:97:6:void tflite::reference_ops::transpose_internal::TransposeImpl(int, int, const int32_t*, const T*, const int*, T*, const int*, const int32_t*) [with T = signed char]	64	static
../Middlewares/tensorflow/tensorflow/lite/kernels/internal/reference/transpose.h:176:6:void tflite::reference_ops::Transpose(const tflite::TransposeParams&, const tflite::RuntimeShape&, const T*, const tflite::RuntimeShape&, T*) [with T = signed char; int N = 6]	96	static
../Middlewares/tensorflow/tensorflow/lite/micro/kernels/transpose.cc:75:14:TfLiteStatus tflite::{anonymous}::TransposeEval(TfLiteContext*, TfLiteNode*)	176	static
