../Middlewares/tensorflow/tensorflow/lite/kernels/op_macros.h:24:13:void AbortImpl()	8	static
../Middlewares/tensorflow/tensorflow/lite/micro/kernels/unpack.cc:104:18:TFLMRegistration tflite::Register_UNPACK()	16	static
../Middlewares/tensorflow/tensorflow/lite/micro/kernels/kernel_util.h:83:10:const T* tflite::micro::GetTensorData(const TfLiteEvalTensor*) [with T = float]	8	static
../Middlewares/tensorflow/tensorflow/lite/micro/kernels/kernel_util.h:76:4:T* tflite::micro::GetTensorData(TfLiteEvalTensor*) [with T = float]	8	static
../Middlewares/tensorflow/tensorflow/lite/micro/kernels/unpack.cc:30:14:TfLiteStatus tflite::{anonymous}::UnpackImpl(TfLiteContext*, TfLiteNode*, const TfLiteEvalTensor*, int, int) [with T = float]	40	static
../Middlewares/tensorflow/tensorflow/lite/micro/kernels/kernel_util.h:83:10:const T* tflite::micro::GetTensorData(const TfLiteEvalTensor*) [with T = long int]	8	static
../Middlewares/tensorflow/tensorflow/lite/micro/kernels/kernel_util.h:76:4:T* tflite::micro::GetTensorData(TfLiteEvalTensor*) [with T = long int]	8	static
../Middlewares/tensorflow/tensorflow/lite/micro/kernels/unpack.cc:30:14:TfLiteStatus tflite::{anonymous}::UnpackImpl(TfLiteContext*, TfLiteNode*, const TfLiteEvalTensor*, int, int) [with T = long int]	40	static
../Middlewares/tensorflow/tensorflow/lite/micro/kernels/kernel_util.h:83:10:const T* tflite::micro::GetTensorData(const TfLiteEvalTensor*) [with T = signed char]	8	static
../Middlewares/tensorflow/tensorflow/lite/micro/kernels/kernel_util.h:76:4:T* tflite::micro::GetTensorData(TfLiteEvalTensor*) [with T = signed char]	8	static
../Middlewares/tensorflow/tensorflow/lite/micro/kernels/unpack.cc:30:14:TfLiteStatus tflite::{anonymous}::UnpackImpl(TfLiteContext*, TfLiteNode*, const TfLiteEvalTensor*, int, int) [with T = signed char]	40	static
../Middlewares/tensorflow/tensorflow/lite/micro/kernels/unpack.cc:75:14:TfLiteStatus tflite::{anonymous}::UnpackEval(TfLiteContext*, TfLiteNode*)	24	static
