../Middlewares/tensorflow/tensorflow/lite/micro/kernels/zeros_like.cc:47:6:void tflite::{anonymous}::resetZeros(T*, int) [with T = long long int]	0	static
../Middlewares/tensorflow/tensorflow/lite/micro/kernels/zeros_like.cc:47:6:void tflite::{anonymous}::resetZeros(T*, int) [with T = long int]	0	static
../Middlewares/tensorflow/tensorflow/lite/micro/kernels/zeros_like.cc:47:6:void tflite::{anonymous}::resetZeros(T*, int) [with T = signed char]	0	static
../Middlewares/tensorflow/tensorflow/lite/micro/kernels/zeros_like.cc:47:6:void tflite::{anonymous}::resetZeros(T*, int) [with T = float]	0	static
../Middlewares/tensorflow/tensorflow/lite/micro/kernels/zeros_like.cc:28:14:TfLiteStatus tflite::{anonymous}::ZerosLikePrepare(TfLiteContext*, TfLiteNode*)	40	static
../Middlewares/tensorflow/tensorflow/lite/kernels/op_macros.h:24:13:void AbortImpl()	8	static
../Middlewares/tensorflow/tensorflow/lite/kernels/internal/runtime_shape.h:67:11:int32_t tflite::RuntimeShape::Dims(int) const	8	static
../Middlewares/tensorflow/tensorflow/lite/kernels/internal/types.h:314:12:int tflite::MatchingFlatSize(const RuntimeShape&, const RuntimeShape&)	24	static
../Middlewares/tensorflow/tensorflow/lite/micro/kernels/zeros_like.cc:84:18:TFLMRegistration tflite::Register_ZEROS_LIKE()	16	static
../Middlewares/tensorflow/tensorflow/lite/micro/kernels/kernel_util.h:76:4:T* tflite::micro::GetTensorData(TfLiteEvalTensor*) [with T = long long int]	8	static
../Middlewares/tensorflow/tensorflow/lite/micro/kernels/kernel_util.h:76:4:T* tflite::micro::GetTensorData(TfLiteEvalTensor*) [with T = long int]	8	static
../Middlewares/tensorflow/tensorflow/lite/micro/kernels/kernel_util.h:76:4:T* tflite::micro::GetTensorData(TfLiteEvalTensor*) [with T = signed char]	8	static
../Middlewares/tensorflow/tensorflow/lite/micro/kernels/kernel_util.h:76:4:T* tflite::micro::GetTensorData(TfLiteEvalTensor*) [with T = float]	8	static
../Middlewares/tensorflow/tensorflow/lite/micro/kernels/zeros_like.cc:53:14:TfLiteStatus tflite::{anonymous}::ZerosLikeEval(TfLiteContext*, TfLiteNode*)	72	static
