../Middlewares/tensorflow/tensorflow/lite/micro/kernels/cmsis_nn/unidirectional_sequence_lstm.cc:40:22:tflite::LSTMBuffers<short int> tflite::{anonymous}::CMSIS_NN_CreateLSTMBuffers(TfLiteContext*, const int*)	16	static
../Middlewares/tensorflow/tensorflow/lite/micro/kernels/cmsis_nn/unidirectional_sequence_lstm.cc:53:6:void tflite::{anonymous}::CMSIS_NN_VectorSum(int32_t*, int32_t, int32_t, const int8_t*, int32_t, const int32_t*)	24	static
../Middlewares/tensorflow/tensorflow/lite/micro/kernels/cmsis_nn/unidirectional_sequence_lstm.cc:59:6:void tflite::{anonymous}::CMSIS_NN_VectorSum(int64_t*, int32_t, int32_t, const int8_t*, int32_t, const int64_t*)	16	static
../Middlewares/tensorflow/tensorflow/lite/kernels/op_macros.h:24:13:void AbortImpl()	8	static
../Middlewares/tensorflow/tensorflow/lite/micro/kernels/cmsis_nn/unidirectional_sequence_lstm.cc:325:7:void* tflite::{anonymous}::UnidirectionalSequenceLstmInit(TfLiteContext*, const char*, size_t)	8	static
../Middlewares/tensorflow/tensorflow/lite/micro/kernels/cmsis_nn/unidirectional_sequence_lstm.cc:528:18:TFLMRegistration tflite::Register_UNIDIRECTIONAL_SEQUENCE_LSTM()	16	static
../Middlewares/tensorflow/tensorflow/lite/micro/kernels/cmsis_nn/unidirectional_sequence_lstm.cc:534:18:TFLMRegistration tflite::Register_UNIDIRECTIONAL_SEQUENCE_LSTM_INT8()	16	static
../Middlewares/tensorflow/tensorflow/lite/micro/kernels/cmsis_nn/unidirectional_sequence_lstm.cc:540:18:TFLMRegistration tflite::Register_UNIDIRECTIONAL_SEQUENCE_LSTM_INT16()	16	static
../Middlewares/tensorflow/tensorflow/lite/micro/kernels/kernel_util.h:96:10:const T* tflite::micro::GetOptionalTensorData(const TfLiteEvalTensor*) [with T = signed char]	0	static
../Middlewares/tensorflow/tensorflow/lite/micro/kernels/kernel_util.h:76:4:T* tflite::micro::GetTensorData(TfLiteEvalTensor*) [with T = signed char]	8	static
../Middlewares/tensorflow/tensorflow/lite/micro/kernels/cmsis_nn/unidirectional_sequence_lstm.cc:272:14:TfLiteStatus tflite::{anonymous}::CMSIS_NN_EvalInteger8x8_16Lstm(const OpData&, const tflite::LSTMKernelContents&, const tflite::LSTMBuffers<short int>&)	40	static
../Middlewares/tensorflow/tensorflow/lite/micro/kernels/cmsis_nn/unidirectional_sequence_lstm.cc:472:14:TfLiteStatus tflite::{anonymous}::UnidirectionalSequenceLstmEvalInt8(TfLiteContext*, TfLiteNode*)	136	static
../Middlewares/tensorflow/tensorflow/lite/micro/kernels/kernel_util.h:96:10:const T* tflite::micro::GetOptionalTensorData(const TfLiteEvalTensor*) [with T = short int]	0	static
../Middlewares/tensorflow/tensorflow/lite/micro/kernels/kernel_util.h:76:4:T* tflite::micro::GetTensorData(TfLiteEvalTensor*) [with T = short int]	8	static
../Middlewares/tensorflow/tensorflow/lite/micro/kernels/cmsis_nn/unidirectional_sequence_lstm.cc:298:14:TfLiteStatus tflite::{anonymous}::CMSIS_NN_EvalInteger16x8_16Lstm(const OpData&, const tflite::LSTMKernelContents&, const tflite::LSTMBuffers<short int>&)	40	static
../Middlewares/tensorflow/tensorflow/lite/micro/kernels/cmsis_nn/unidirectional_sequence_lstm.cc:499:14:TfLiteStatus tflite::{anonymous}::UnidirectionalSequenceLstmEvalInt16(TfLiteContext*, TfLiteNode*)	136	static
../Middlewares/tensorflow/tensorflow/lite/micro/kernels/lstm_eval.h:142:23:tflite::LSTMBuffers<CellType> tflite::CreateLSTMBuffers(TfLiteContext*, const int*) [with CellType = float]	16	static
../Middlewares/tensorflow/tensorflow/lite/micro/kernels/kernel_util.h:96:10:const T* tflite::micro::GetOptionalTensorData(const TfLiteEvalTensor*) [with T = long int]	0	static
../Middlewares/tensorflow/tensorflow/lite/micro/kernels/cmsis_nn/unidirectional_sequence_lstm.cc:66:14:TfLiteStatus tflite::{anonymous}::CMSIS_NN_PortOpData(TfLiteContext*, tflite::OpDataLSTM*, const tflite::LSTMKernelContents&, cmsis_nn_lstm_params*) [with BiasType = long int]	440	static
../Middlewares/tensorflow/tensorflow/lite/micro/kernels/kernel_util.h:96:10:const T* tflite::micro::GetOptionalTensorData(const TfLiteEvalTensor*) [with T = long long int]	0	static
../Middlewares/tensorflow/tensorflow/lite/micro/kernels/cmsis_nn/unidirectional_sequence_lstm.cc:66:14:TfLiteStatus tflite::{anonymous}::CMSIS_NN_PortOpData(TfLiteContext*, tflite::OpDataLSTM*, const tflite::LSTMKernelContents&, cmsis_nn_lstm_params*) [with BiasType = long long int]	440	static
../Middlewares/tensorflow/tensorflow/lite/micro/kernels/cmsis_nn/unidirectional_sequence_lstm.cc:331:14:TfLiteStatus tflite::{anonymous}::UnidirectionalSequenceLstmPrepare(TfLiteContext*, TfLiteNode*)	288	static
../Middlewares/tensorflow/tensorflow/lite/micro/kernels/kernel_util.h:76:4:T* tflite::micro::GetTensorData(TfLiteEvalTensor*) [with T = float]	8	static
../Middlewares/tensorflow/tensorflow/lite/micro/kernels/lstm_eval.h:319:6:void tflite::lstm_internal::UpdateLstmCell(const LstmStepManager&, TfLiteEvalTensor*, CellType*, const CellType*, const CellType*, const tflite::ArithmeticParams&, const tflite::ArithmeticParams&, const tflite::CellStateInfo&, CellType*) [with CellType = float]	136	static
../Middlewares/tensorflow/tensorflow/lite/micro/kernels/lstm_eval.h:365:6:void tflite::lstm_internal::UpdateLstmHidden(const LstmStepManager&, TfLiteEvalTensor*, TfLiteEvalTensor*, const CellType*, const tflite::ArithmeticParams&, int32_t, CellType*) [with CellType = float; ActivationType = float]	184	static
../Middlewares/tensorflow/tensorflow/lite/micro/kernels/kernel_util.h:83:10:const T* tflite::micro::GetTensorData(const TfLiteEvalTensor*) [with T = float]	8	static
../Middlewares/tensorflow/tensorflow/lite/micro/kernels/kernel_util.h:96:10:const T* tflite::micro::GetOptionalTensorData(const TfLiteEvalTensor*) [with T = float]	0	static
../Middlewares/tensorflow/tensorflow/lite/micro/kernels/lstm_eval.h:255:6:void tflite::lstm_internal::CalculateLstmGate(const LstmStepManager&, const tflite::GateParameters&, const TfLiteEvalTensor*, const TfLiteEvalTensor*, const TfLiteEvalTensor*, const TfLiteEvalTensor*, const TfLiteEvalTensor*, const TfLiteEvalTensor*, CellType*, CellType*, TfLiteFusedActivation) [with ActivationType = float; WeightType = float; CellType = float; BiasType = float]	376	static
../Middlewares/tensorflow/tensorflow/lite/micro/kernels/lstm_eval.h:394:6:void tflite::lstm_internal::LstmStep(const LstmStepManager&, const tflite::OpDataLSTM&, tflite::LSTMKernelContents&, const tflite::LSTMBuffers<CellType>&) [with ActivationType = float; WeightType = float; CellType = float; BiasType = float]	168	static
../Middlewares/tensorflow/tensorflow/lite/micro/kernels/lstm_eval.h:510:14:TfLiteStatus tflite::EvalLstm(const OpDataLSTM&, LSTMKernelContents&, const LSTMBuffers<CellType>&) [with ActivationType = float; WeightType = float; CellType = float; BiasType = float]	56	static
../Middlewares/tensorflow/tensorflow/lite/micro/kernels/cmsis_nn/unidirectional_sequence_lstm.cc:408:14:TfLiteStatus tflite::{anonymous}::UnidirectionalSequenceLstmEval(TfLiteContext*, TfLiteNode*)	144	static
