../Middlewares/tensorflow/tensorflow/lite/kernels/internal/portable_tensor_utils.cc:40:6:void tflite::tensor_utils::ApplyReluToVector(const float*, int, float*)	16	static
../Middlewares/tensorflow/tensorflow/lite/kernels/internal/portable_tensor_utils.cc:48:6:void tflite::tensor_utils::ApplyRelu1ToVector(const float*, int, float*)	16	static
../Middlewares/tensorflow/tensorflow/lite/kernels/internal/portable_tensor_utils.cc:56:6:void tflite::tensor_utils::ApplyRelu6ToVector(const float*, int, float*)	16	static
../Middlewares/tensorflow/tensorflow/lite/kernels/internal/portable_tensor_utils.cc:64:6:void tflite::tensor_utils::ApplySignbitToVector(const float*, int, float*)	4	static
../Middlewares/tensorflow/tensorflow/lite/kernels/internal/portable_tensor_utils.cc:71:6:void tflite::tensor_utils::UnpackDenseInt4IntoInt8(const int8_t*, int, int8_t*)	8	static
../Middlewares/tensorflow/tensorflow/lite/kernels/internal/portable_tensor_utils.cc:95:6:void tflite::tensor_utils::PackInt8IntoDenseInt4(const int8_t*, int, int8_t*)	8	static
